oot:0x13 (SPI_FAST_FLASï¿½ï¿½A%ï¿½Mode       : DIO[0m
[0;32mI (49) boot.esp32: SPI Flash Size : 2MB[0m
[0ï¿½ets Jul 29 2019 12:21:46

rst:0x1 (POWERON_RESET),boot:0x13 (SPI_FAST_FLASH_BOOT)
configsip: 0, SPIWP:0xee
clk_drv:0x00,q_drv:0x00,d_drv:0x00,cs0_drv:0x00,hd_drv:0x00,wp_drv:0x00
mode:DIO, clock div:2
load:0x3fff0030,len:7172
load:0x40078000,len:15540
load:0x40080400,len:4
ho 8 tail 4 room 4
load:0x40080404,len:3904
entry 0x40080640
[0;32mI (31) boot: ESP-IDF v5.2.1-dirty 2nd stage bootloader[0m
[0;32mI (31) boot: compile time Mar 11 2024 23:08:07[0m
[0;32mI (31) boot: Multicore bootloader[0m
[0;32mI (36) boot: chip revision: v3.0[0m
[0;32mI (40) boot.esp32: SPI Speed      : 40MHz[0m
[0;32mI (44) boot.esp32: SPI Mode       : DIO[0m
[0;32mI (49) boot.esp32: SPI Flash Size : 2MB[0m
[0;32mI (53) boot: Enabling RNG early entropy source...[0m
[0;32mI (59) boot: Partition Table:[0m
[0;32mI (62) boot: ## Label            Usage          Type ST Offset   Length[0m
[0;32mI (70) boot:  0 nvs              WiFi data        01 02 00009000 00006000[0m
[0;32mI (77) boot:  1 phy_init         RF data          01 01 0000f000 00001000[0m
[0;32mI (85) boot:  2 factory          factory app      00 00 00010000 00100000[0m
[0;32mI (92) boot: End of partition table[0m
[0;32mI (96) esp_image: segment 0: paddr=00010020 vaddr=3f400020 size=0a7c4h ( 42948) map[0m
[0;32mI (119) esp_image: segment 1: paddr=0001a7ec vaddr=3ffb0000 size=022ach (  8876) load[0m
[0;32mI (123) esp_image: segment 2: paddr=0001caa0 vaddr=40080000 size=03578h ( 13688) load[0m
[0;32mI (131) esp_image: segment 3: paddr=00020020 vaddr=400d0020 size=15e98h ( 89752) map[0m
[0;32mI (165) esp_image: segment 4: paddr=00035ec0 vaddr=40083578 size=095a0h ( 38304) load[0m
[0;32mI (186) boot: Loaded app from partition at offset 0x10000[0m
[0;32mI (186) boot: Disabling RNG early entropy source...[0m
[0;32mI (198) cpu_start: Multicore app[0m
[0;32mI (206) cpu_start: Pro cpu start user code[0m
[0;32mI (206) cpu_start: cpu freq: 160000000 Hz[0m
[0;32mI (207) cpu_start: Application information:[0m
[0;32mI (210) cpu_start: Project name:     PID_Control_DC-Motor[0m
[0;32mI (216) cpu_start: App version:      1[0m
[0;32mI (220) cpu_start: Compile time:     Mar 11 2024 23:07:36[0m
[0;32mI (226) cpu_start: ELF file SHA256:  6ce0063ee...[0m
[0;32mI (231) cpu_start: ESP-IDF:          v5.2.1-dirty[0m
[0;32mI (237) cpu_start: Min chip rev:     v0.0[0m
[0;32mI (242) cpu_start: Max chip rev:     v3.99 [0m
[0;32mI (246) cpu_start: Chip rev:         v3.0[0m
[0;32mI (251) heap_init: Initializing. RAM available for dynamic allocation:[0m
[0;32mI (258) heap_init: At 3FFAE6E0 len 00001920 (6 KiB): DRAM[0m
[0;32mI (264) heap_init: At 3FFB2BD8 len 0002D428 (181 KiB): DRAM[0m
[0;32mI (271) heap_init: At 3FFE0440 len 00003AE0 (14 KiB): D/IRAM[0m
[0;32mI (277) heap_init: At 3FFE4350 len 0001BCB0 (111 KiB): D/IRAM[0m
[0;32mI (283) heap_init: At 4008CB18 len 000134E8 (77 KiB): IRAM[0m
[0;32mI (291) spi_flash: detected chip: generic[0m
[0;32mI (294) spi_flash: flash io: dio[0m
[0;33mW (298) spi_flash: Detected size(4096k) larger than the size in the binary image header(2048k). Using the size in the binary image header.[0m
[0;32mI (312) main_task: Started on CPU0[0m
[0;32mI (322) main_task: Calling app_main()[0m
[0;32mI (322) gpio: GPIO[22]| InputEn: 1| OutputEn: 0| OpenDrain: 0| Pullup: 1| Pulldown: 0| Intr:1 [0m
[0;32mI (322) gpio: GPIO[23]| InputEn: 1| OutputEn: 0| OpenDrain: 0| Pullup: 1| Pulldown: 0| Intr:0 [0m
Now: 49766, Last time: 0, deltaT: 49766.00, dt: 0.049766000
Error 5000.00, Integral: 100.00, Derivate: 100470.20, ControlSignal: 255.00
Setpoint: 5000, Position: 0
[0;32mI (352) main_task: Returned from app_main()[0m
Now: 162334, Last time: 49766, deltaT: 112568.00, dt: 0.112567998
Error 4920.00, Integral: 100.00, Derivate: -710.68, ControlSignal: 255.00
Setpoint: 5000, Position: 81
Now: 262334, Last time: 162334, deltaT: 100000.00, dt: 0.100000001
Error 4794.00, Integral: 100.00, Derivate: -1260.00, ControlSignal: 255.00
Setpoint: 5000, Position: 208
Now: 362334, Last time: 262334, deltaT: 100000.00, dt: 0.100000001
Error 4659.00, Integral: 100.00, Derivate: -1350.00, ControlSignal: 255.00
Setpoint: 5000, Position: 342
Now: 462334, Last time: 362334, deltaT: 100000.00, dt: 0.100000001
Error 4525.00, Integral: 100.00, Derivate: -1340.00, ControlSignal: 255.00
Setpoint: 5000, Position: 477
Now: 562334, Last time: 462334, deltaT: 100000.00, dt: 0.100000001
Error 4391.00, Integral: 100.00, Derivate: -1340.00, ControlSignal: 255.00
Setpoint: 5000, Position: 611
Now: 662334, Last time: 562334, deltaT: 100000.00, dt: 0.100000001
Error 4256.00, Integral: 100.00, Derivate: -1350.00, ControlSignal: 255.00
Setpoint: 5000, Position: 746
Now: 762334, Last time: 662334, deltaT: 100000.00, dt: 0.100000001
Error 4124.00, Integral: 100.00, Derivate: -1320.00, ControlSignal: 255.00
Setpoint: 5000, Position: 878
Now: 862334, Last time: 762334, deltaT: 100000.00, dt: 0.100000001
Error 3989.00, Integral: 100.00, Derivate: -1350.00, ControlSignal: 255.00
Setpoint: 5000, Position: 1013
Now: 962334, Last time: 862334, deltaT: 100000.00, dt: 0.100000001
Error 3856.00, Integral: 100.00, Derivate: -1330.00, ControlSignal: 255.00
Setpoint: 5000, Position: 1146
Now: 1062334, Last time: 962334, deltaT: 100000.00, dt: 0.100000001
Error 3721.00, Integral: 100.00, Derivate: -1350.00, ControlSignal: 255.00
Setpoint: 5000, Position: 1280
Now: 1162334, Last time: 1062334, deltaT: 100000.00, dt: 0.100000001
Error 3587.00, Integral: 100.00, Derivate: -1340.00, ControlSignal: 255.00
Setpoint: 5000, Position: 1415
Now: 1262334, Last time: 1162334, deltaT: 100000.00, dt: 0.100000001
Error 3454.00, Integral: 100.00, Derivate: -1330.00, ControlSignal: 255.00
Setpoint: 5000, Position: 1548
Now: 1362334, Last time: 1262334, deltaT: 100000.00, dt: 0.100000001
Error 3322.00, Integral: 100.00, Derivate: -1320.00, ControlSignal: 255.00
Setpoint: 5000, Position: 1679
Now: 1462334, Last time: 1362334, deltaT: 100000.00, dt: 0.100000001
Error 3188.00, Integral: 100.00, Derivate: -1340.00, ControlSignal: 255.00
Setpoint: 5000, Position: 1814
Now: 1562334, Last time: 1462334, deltaT: 100000.00, dt: 0.100000001
Error 3056.00, Integral: 100.00, Derivate: -1320.00, ControlSignal: 255.00
Setpoint: 5000, Position: 1946
Now: 1662334, Last time: 1562334, deltaT: 100000.00, dt: 0.100000001
Error 2921.00, Integral: 100.00, Derivate: -1350.00, ControlSignal: 255.00
Setpoint: 5000, Position: 2081
Now: 1762334, Last time: 1662334, deltaT: 100000.00, dt: 0.100000001
Error 2787.00, Integral: 100.00, Derivate: -1340.00, ControlSignal: 255.00
Setpoint: 5000, Position: 2215
Now: 1862334, Last time: 1762334, deltaT: 100000.00, dt: 0.100000001
Error 2652.00, Integral: 100.00, Derivate: -1350.00, ControlSignal: 255.00
Setpoint: 5000, Position: 2350
Now: 1962334, Last time: 1862334, deltaT: 100000.00, dt: 0.100000001
Error 2517.00, Integral: 100.00, Derivate: -1350.00, ControlSignal: 255.00
Setpoint: 5000, Position: 2485
Now: 2062334, Last time: 1962334, deltaT: 100000.00, dt: 0.100000001
Error 2383.00, Integral: 100.00, Derivate: -1340.00, ControlSignal: 255.00
Setpoint: 5000, Position: 2619
Now: 2162334, Last time: 2062334, deltaT: 100000.00, dt: 0.100000001
Error 2249.00, Integral: 100.00, Derivate: -1340.00, ControlSignal: 255.00
Setpoint: 5000, Position: 2753
Now: 2262334, Last time: 2162334, deltaT: 100000.00, dt: 0.100000001
Error 2115.00, Integral: 100.00, Derivate: -1340.00, ControlSignal: 255.00
Setpoint: 5000, Position: 2887
Now: 2362334, Last time: 2262334, deltaT: 100000.00, dt: 0.100000001
Error 1981.00, Integral: 100.00, Derivate: -1340.00, ControlSignal: 255.00
Setpoint: 5000, Position: 3021
Now: 2462334, Last time: 2362334, deltaT: 100000.00, dt: 0.100000001
Error 1847.00, Integral: 100.00, Derivate: -1340.00, ControlSignal: 255.00
Setpoint: 5000, Position: 3155
Now: 2562334, Last time: 2462334, deltaT: 100000.00, dt: 0.100000001
Error 1712.00, Integral: 100.00, Derivate: -1350.00, ControlSignal: 255.00
Setpoint: 5000, Position: 3290
Now: 2662334, Last time: 2562334, deltaT: 100000.00, dt: 0.100000001
Error 1578.00, Integral: 100.00, Derivate: -1340.00, ControlSignal: 255.00
Setpoint: 5000, Position: 3424
Now: 2762334, Last time: 2662334, deltaT: 100000.00, dt: 0.100000001
Error 1443.00, Integral: 100.00, Derivate: -1350.00, ControlSignal: 255.00
Setpoint: 5000, Position: 3559
Now: 2862334, Last time: 2762334, deltaT: 100000.00, dt: 0.100000001
Error 1309.00, Integral: 100.00, Derivate: -1340.00, ControlSignal: 255.00
Setpoint: 5000, Position: 3693
Now: 2962334, Last time: 2862334, deltaT: 100000.00, dt: 0.100000001
Error 1177.00, Integral: 100.00, Derivate: -1320.00, ControlSignal: 255.00
Setpoint: 5000, Position: 3825
Now: 3062334, Last time: 2962334, deltaT: 100000.00, dt: 0.100000001
Error 1044.00, Integral: 100.00, Derivate: -1330.00, ControlSignal: 255.00
Setpoint: 5000, Position: 3958
Now: 3162334, Last time: 3062334, deltaT: 100000.00, dt: 0.100000001
Error 908.00, Integral: 100.00, Derivate: -1360.00, ControlSignal: 255.00
Setpoint: 5000, Position: 4093
Now: 3262334, Last time: 3162334, deltaT: 100000.00, dt: 0.100000001
Error 774.00, Integral: 100.00, Derivate: -1340.00, ControlSignal: 255.00
Setpoint: 5000, Position: 4228
Now: 3362334, Last time: 3262334, deltaT: 100000.00, dt: 0.100000001
Error 641.00, Integral: 100.00, Derivate: -1330.00, ControlSignal: 255.00
Setpoint: 5000, Position: 4361
Now: 3462334, Last time: 3362334, deltaT: 100000.00, dt: 0.100000001
Error 507.00, Integral: 100.00, Derivate: -1340.00, ControlSignal: 253.60
Setpoint: 5000, Position: 4495
Now: 3562334, Last time: 3462334, deltaT: 100000.00, dt: 0.100000001
Error 385.00, Integral: 100.00, Derivate: -1220.00, ControlSignal: 192.60
Setpoint: 5000, Position: 4617
Now: 3662334, Last time: 3562334, deltaT: 100000.00, dt: 0.100000001
Error 256.00, Integral: 100.00, Derivate: -1290.00, ControlSignal: 128.10
Setpoint: 5000, Position: 4745
Now: 3762334, Last time: 3662334, deltaT: 100000.00, dt: 0.100000001
Error 139.00, Integral: 100.00, Derivate: -1170.00, ControlSignal: 69.60
Setpoint: 5000, Position: 4862
Now: 3862334, Last time: 3762334, deltaT: 100000.00, dt: 0.100000001
Error 38.00, Integral: 100.00, Derivate: -1010.00, ControlSignal: 19.10
Setpoint: 5000, Position: 4963
Now: 3962334, Last time: 3862334, deltaT: 100000.00, dt: 0.100000001
Error -40.00, Integral: 96.00, Derivate: -780.00, ControlSignal: -19.90
Setpoint: 5000, Position: 5041
Now: 4062334, Last time: 3962334, deltaT: 100000.00, dt: 0.100000001
Error -71.00, Integral: 88.90, Derivate: -310.00, ControlSignal: -35.41
Setpoint: 5000, Position: 5071
Now: 4162334, Last time: 4062334, deltaT: 100000.00, dt: 0.100000001
Error -72.00, Integral: 81.70, Derivate: -10.00, ControlSignal: -35.92
Setpoint: 5000, Position: 5072
Now: 4262334, Last time: 4162334, deltaT: 100000.00, dt: 0.100000001
Error -92.00, Integral: 72.50, Derivate: -200.00, ControlSignal: -45.93
Setpoint: 5000, Position: 5092
Now: 4362334, Last time: 4262334, deltaT: 100000.00, dt: 0.100000001
Error -90.00, Integral: 63.50, Derivate: 20.00, ControlSignal: -44.94
Setpoint: 5000, Position: 5090
Now: 4462334, Last time: 4362334, deltaT: 100000.00, dt: 0.100000001
Error -76.00, Integral: 55.90, Derivate: 140.00, ControlSignal: -37.94
Setpoint: 5000, Position: 5076
Now: 4562334, Last time: 4462334, deltaT: 100000.00, dt: 0.100000001
Error -76.00, Integral: 48.30, Derivate: 0.00, ControlSignal: -37.95
Setpoint: 5000, Position: 5076
Now: 4662334, Last time: 4562334, deltaT: 100000.00, dt: 0.100000001
Error -76.00, Integral: 40.70, Derivate: 0.00, ControlSignal: -37.96
Setpoint: 5000, Position: 5076
Now: 4762334, Last time: 4662334, deltaT: 100000.00, dt: 0.100000001
Error -76.00, Integral: 33.10, Derivate: 0.00, ControlSignal: -37.97
Setpoint: 5000, Position: 5076
Now: 4862334, Last time: 4762334, deltaT: 100000.00, dt: 0.100000001
Error -76.00, Integral: 25.50, Derivate: 0.00, ControlSignal: -37.97
Setpoint: 5000, Position: 5076
Now: 4962334, Last time: 4862334, deltaT: 100000.00, dt: 0.100000001
Error -76.00, Integral: 17.90, Derivate: 0.00, ControlSignal: -37.98
Setpoint: 5000, Position: 5076
Now: 5062334, Last time: 4962334, deltaT: 100000.00, dt: 0.100000001
Error -76.00, Integral: 10.30, Derivate: 0.00, ControlSignal: -37.99
Setpoint: 5000, Position: 5076
Now: 5162334, Last time: 5062334, deltaT: 100000.00, dt: 0.100000001
Error -76.00, Integral: 2.70, Derivate: 0.00, ControlSignal: -38.00
Setpoint: 5000, Position: 5076
Now: 5262334, Last time: 5162334, deltaT: 100000.00, dt: 0.100000001
Error -76.00, Integral: -4.90, Derivate: 0.00, ControlSignal: -38.00
Setpoint: 5000, Position: 5076
Now: 5362334, Last time: 5262334, deltaT: 100000.00, dt: 0.100000001
Error -76.00, Integral: -12.50, Derivate: 0.00, ControlSignal: -38.01
Setpoint: 5000, Position: 5076
Now: 5462334, Last time: 5362334, deltaT: 100000.00, dt: 0.100000001
Error -76.00, Integral: -20.10, Derivate: 0.00, ControlSignal: -38.02
Setpoint: 5000, Position: 5076
Now: 5562334, Last time: 5462334, deltaT: 100000.00, dt: 0.100000001
Error -76.00, Integral: -27.70, Derivate: 0.00, ControlSignal: -38.03
Setpoint: 5000, Position: 5076
Now: 5662334, Last time: 5562334, deltaT: 100000.00, dt: 0.100000001
Error -76.00, Integral: -35.30, Derivate: 0.00, ControlSignal: -38.04
Setpoint: 5000, Position: 5076
Now: 5762334, Last time: 5662334, deltaT: 100000.00, dt: 0.100000001
Error -76.00, Integral: -42.90, Derivate: 0.00, ControlSignal: -38.04
Setpoint: 5000, Position: 5076
Now: 5862334, Last time: 5762334, deltaT: 100000.00, dt: 0.100000001
Error -76.00, Integral: -50.50, Derivate: 0.00, ControlSignal: -38.05
Setpoint: 5000, Position: 5076
Now: 5962334, Last time: 5862334, deltaT: 100000.00, dt: 0.100000001
Error -76.00, Integral: -58.10, Derivate: 0.00, ControlSignal: -38.06
Setpoint: 5000, Position: 5076
Now: 6062334, Last time: 5962334, deltaT: 100000.00, dt: 0.100000001
Error -76.00, Integral: -65.70, Derivate: 0.00, ControlSignal: -38.07
Setpoint: 5000, Position: 5076
Now: 6162334, Last time: 6062334, deltaT: 100000.00, dt: 0.100000001
Error -76.00, Integral: -73.30, Derivate: 0.00, ControlSignal: -38.07
Setpoint: 5000, Position: 5076
Now: 6262334, Last time: 6162334, deltaT: 100000.00, dt: 0.100000001
Error -76.00, Integral: -80.90, Derivate: 0.00, ControlSignal: -38.08
Setpoint: 5000, Position: 5076
Now: 6362334, Last time: 6262334, deltaT: 100000.00, dt: 0.100000001
Error -76.00, Integral: -88.50, Derivate: 0.00, ControlSignal: -38.09
Setpoint: 5000, Position: 5076
Now: 6462334, Last time: 6362334, deltaT: 100000.00, dt: 0.100000001
Error -76.00, Integral: -96.10, Derivate: 0.00, ControlSignal: -38.10
Setpoint: 5000, Position: 5076
Now: 6562334, Last time: 6462334, deltaT: 100000.00, dt: 0.100000001
Error -76.00, Integral: -100.00, Derivate: 0.00, ControlSignal: -38.10
Setpoint: 5000, Position: 5076
Now: 6662334, Last time: 6562334, deltaT: 100000.00, dt: 0.100000001
Error -76.00, Integral: -100.00, Derivate: 0.00, ControlSignal: -38.10
Setpoint: 5000, Position: 5076
Now: 6762334, Last time: 6662334, deltaT: 100000.00, dt: 0.100000001
Error -76.00, Integral: -100.00, Derivate: 0.00, ControlSignal: -38.10
Setpoint: 5000, Position: 5076
Now: 6862334, Last time: 6762334, deltaT: 100000.00, dt: 0.100000001
Error -76.00, Integral: -100.00, Derivate: 0.00, ControlSignal: -38.10
Setpoint: 5000, Position: 5076
Now: 6962334, Last time: 6862334, deltaT: 100000.00, dt: 0.100000001
Error -76.00, Integral: -100.00, Derivate: 0.00, ControlSignal: -38.10
Setpoint: 5000, Position: 5076
Now: 7062334, Last time: 6962334, deltaT: 100000.00, dt: 0.100000001
Error -76.00, Integral: -100.00, Derivate: 0.00, ControlSignal: -38.10
Setpoint: 5000, Position: 5076
Now: 7162334, Last time: 7062334, deltaT: 100000.00, dt: 0.100000001
Error -76.00, Integral: -100.00, Derivate: 0.00, ControlSignal: -38.10
Setpoint: 5000, Position: 5076
Now: 7262334, Last time: 7162334, deltaT: 100000.00, dt: 0.100000001
Error -76.00, Integral: -100.00, Derivate: 0.00, ControlSignal: -38.10
Setpoint: 5000, Position: 5076
Now: 7362334, Last time: 7262334, deltaT: 100000.00, dt: 0.100000001
Error -76.00, Integral: -100.00, Derivate: 0.00, ControlSignal: -38.10
Setpoint: 5000, Position: 5076
Now: 7462334, Last time: 7362334, deltaT: 100000.00, dt: 0.100000001
Error -76.00, Integral: -100.00, Derivate: 0.00, ControlSignal: -38.10
Setpoint: 5000, Position: 5076
Now: 7562334, Last time: 7462334, deltaT: 100000.00, dt: 0.100000001
Error -76.00, Integral: -100.00, Derivate: 0.00, ControlSignal: -38.10
Setpoint: 5000, Position: 5076
Now: 7662334, Last time: 7562334, deltaT: 100000.00, dt: 0.100000001
Error -76.00, Integral: -100.00, Derivate: 0.00, ControlSignal: -38.10
Setpoint: 5000, Position: 5076
Now: 7762334, Last time: 7662334, deltaT: 100000.00, dt: 0.100000001
Error -76.00, Integral: -100.00, Derivate: 0.00, ControlSignal: -38.10
Setpoint: 5000, Position: 5076
Now: 7862334, Last time: 7762334, deltaT: 100000.00, dt: 0.100000001
Error -76.00, Integral: -100.00, Derivate: 0.00, ControlSignal: -38.10
Setpoint: 5000, Position: 5076
Now: 7962334, Last time: 7862334, deltaT: 100000.00, dt: 0.100000001
Error -76.00, Integral: -100.00, Derivate: 0.00, ControlSignal: -38.10
Setpoint: 5000, Position: 5076
Now: 8062334, Last time: 7962334, deltaT: 100000.00, dt: 0.100000001
Error -76.00, Integral: -100.00, Derivate: 0.00, ControlSignal: -38.10
Setpoint: 5000, Position: 5076
Now: 8162334, Last time: 8062334, deltaT: 100000.00, dt: 0.100000001
Error -76.00, Integral: -100.00, Derivate: 0.00, ControlSignal: -38.10
Setpoint: 5000, Position: 5076
Now: 8262334, Last time: 8162334, deltaT: 100000.00, dt: 0.100000001
Error -76.00, Integral: -100.00, Derivate: 0.00, ControlSignal: -38.10
Setpoint: 5000, Position: 5076
Now: 8362334, Last time: 8262334, deltaT: 100000.00, dt: 0.100000001
Error -76.00, Integral: -100.00, Derivate: 0.00, ControlSignal: -38.10
Setpoint: 5000, Position: 5076
Now: 8462334, Last time: 8362334, deltaT: 100000.00, dt: 0.100000001
Error -76.00, Integral: -100.00, Derivate: 0.00, ControlSignal: -38.10
Setpoint: 5000, Position: 5076
Now: 8562334, Last time: 8462334, deltaT: 100000.00, dt: 0.100000001
Error -76.00, Integral: -100.00, Derivate: 0.00, ControlSignal: -38.10
Setpoint: 5000, Position: 5076
Now: 8662334, Last time: 8562334, deltaT: 100000.00, dt: 0.100000001
Error -76.00, Integral: -100.00, Derivate: 0.00, ControlSignal: -38.10
Setpoint: 5000, Position: 5076
Now: 8762334, Last time: 8662334, deltaT: 100000.00, dt: 0.100000001
Error -76.00, Integral: -100.00, Derivate: 0.00, ControlSignal: -38.10
Setpoint: 5000, Position: 5076
Now: 8862334, Last time: 8762334, deltaT: 100000.00, dt: 0.100000001
Error -76.00, Integral: -100.00, Derivate: 0.00, ControlSignal: -38.10
Setpoint: 5000, Position: 5076
Now: 8962334, Last time: 8862334, deltaT: 100000.00, dt: 0.100000001
Error -76.00, Integral: -100.00, Derivate: 0.00, ControlSignal: -38.10
Setpoint: 5000, Position: 5076
Now: 9062334, Last time: 8962334, deltaT: 100000.00, dt: 0.100000001
Error -76.00, Integral: -100.00, Derivate: 0.00, ControlSignal: -38.10
Setpoint: 5000, Position: 5076
Now: 9162334, Last time: 9062334, deltaT: 100000.00, dt: 0.100000001
Error -76.00, Integral: -100.00, Derivate: 0.00, ControlSignal: -38.10
Setpoint: 5000, Position: 5076
Now: 9262334, Last time: 9162334, deltaT: 100000.00, dt: 0.100000001
Error -76.00, Integral: -100.00, Derivate: 0.00, ControlSignal: -38.10
Setpoint: 5000, Position: 5076
Now: 9362334, Last time: 9262334, deltaT: 100000.00, dt: 0.100000001
Error -76.00, Integral: -100.00, Derivate: 0.00, ControlSignal: -38.10
Setpoint: 5000, Position: 5076
Now: 9462334, Last time: 9362334, deltaT: 100000.00, dt: 0.100000001
Error -76.00, Integral: -100.00, Derivate: 0.00, ControlSignal: -38.10
Setpoint: 5000, Position: 5076
Now: 9562334, Last time: 9462334, deltaT: 100000.00, dt: 0.100000001
Error -76.00, Integral: -100.00, Derivate: 0.00, ControlSignal: -38.10
Setpoint: 5000, Position: 5076
Now: 9662334, Last time: 9562334, deltaT: 100000.00, dt: 0.100000001
Error -76.00, Integral: -100.00, Derivate: 0.00, ControlSignal: -38.10
Setpoint: 5000, Position: 5076
Now: 9762334, Last time: 9662334, deltaT: 100000.00, dt: 0.100000001
Error -76.00, Integral: -100.00, Derivate: 0.00, ControlSignal: -38.10
Setpoint: 5000, Position: 5076
Now: 9862334, Last time: 9762334, deltaT: 100000.00, dt: 0.100000001
Error -76.00, Integral: -100.00, Derivate: 0.00, ControlSignal: -38.10
Setpoint: 5000, Position: 5076
Now: 9962334, Last time: 9862334, deltaT: 100000.00, dt: 0.100000001
Error -76.00, Integral: -100.00, Derivate: 0.00, ControlSignal: -38.10
Setpoint: 5000, Position: 5076
Now: 10062334, Last time: 9962334, deltaT: 100000.00, dt: 0.100000001
Error -76.00, Integral: -100.00, Derivate: 0.00, ControlSignal: -38.10
Setpoint: 5000, Position: 5076
Now: 10162334, Last time: 10062334, deltaT: 100000.00, dt: 0.100000001
Error -76.00, Integral: -100.00, Derivate: 0.00, ControlSignal: -38.10
Setpoint: 5000, Position: 5076
Now: 10262334, Last time: 10162334, deltaT: 100000.00, dt: 0.100000001
Error -76.00, Integral: -100.00, Derivate: 0.00, ControlSignal: -38.10
Setpoint: 5000, Position: 5076
Now: 10362334, Last time: 10262334, deltaT: 100000.00, dt: 0.100000001
Error -76.00, Integral: -100.00, Derivate: 0.00, ControlSignal: -38.10
Setpoint: 5000, Position: 5076
Now: 10462334, Last time: 10362334, deltaT: 100000.00, dt: 0.100000001
Error -76.00, Integral: -100.00, Derivate: 0.00, ControlSignal: -38.10
Setpoint: 5000, Position: 5076
Now: 10562334, Last time: 10462334, deltaT: 100000.00, dt: 0.100000001
Error -76.00, Integral: -100.00, Derivate: 0.00, ControlSignal: -38.10
Setpoint: 5000, Position: 5076
Now: 10662334, Last time: 10562334, deltaT: 100000.00, dt: 0.100000001
Error -76.00, Integral: -100.00, Derivate: 0.00, ControlSignal: -38.10
Setpoint: 5000, Position: 5076
Now: 10762334, Last time: 10662334, deltaT: 100000.00, dt: 0.100000001
Error -76.00, Integral: -100.00, Derivate: 0.00, ControlSignal: -38.10
Setpoint: 5000, Position: 5076
Now: 10862334, Last time: 10762334, deltaT: 100000.00, dt: 0.100000001
Error -76.00, Integral: -100.00, Derivate: 0.00, ControlSignal: -38.10
Setpoint: 5000, Position: 5076
Now: 10962334, Last time: 10862334, deltaT: 100000.00, dt: 0.100000001
Error -76.00, Integral: -100.00, Derivate: 0.00, ControlSignal: -38.10
Setpoint: 5000, Position: 5076
Now: 11062334, Last time: 10962334, deltaT: 100000.00, dt: 0.100000001
Error -76.00, Integral: -100.00, Derivate: 0.00, ControlSignal: -38.10
Setpoint: 5000, Position: 5076
Now: 11162334, Last time: 11062334, deltaT: 100000.00, dt: 0.100000001
Error -76.00, Integral: -100.00, Derivate: 0.00, ControlSignal: -38.10
Setpoint: 5000, Position: 5076
Now: 11262334, Last time: 11162334, deltaT: 100000.00, dt: 0.100000001
Error -76.00, Integral: -100.00, Derivate: 0.00, ControlSignal: -38.10
Setpoint: 5000, Position: 5076
Now: 11362334, Last time: 11262334, deltaT: 100000.00, dt: 0.100000001
Error -76.00, Integral: -100.00, Derivate: 0.00, ControlSignal: -38.10
Setpoint: 5000, Position: 5076
Now: 11462334, Last time: 11362334, deltaT: 100000.00, dt: 0.100000001
Error -76.00, Integral: -100.00, Derivate: 0.00, ControlSignal: -38.10
Setpoint: 5000, Position: 5076
Now: 11562334, Last time: 11462334, deltaT: 100000.00, dt: 0.100000001
Error -76.00, Integral: -100.00, Derivate: 0.00, ControlSignal: -38.10
Setpoint: 5000, Position: 5076
Now: 11662334, Last time: 11562334, deltaT: 100000.00, dt: 0.100000001
Error -76.00, Integral: -100.00, Derivate: 0.00, ControlSignal: -38.10
Setpoint: 5000, Position: 5076
Now: 11762334, Last time: 11662334, deltaT: 100000.00, dt: 0.100000001
Error -76.00, Integral: -100.00, Derivate: 0.00, ControlSignal: -38.10
Setpoint: 5000, Position: 5076
Now: 11862334, Last time: 11762334, deltaT: 100000.00, dt: 0.100000001
Error -76.00, Integral: -100.00, Derivate: 0.00, ControlSignal: -38.10
Setpoint: 5000, Position: 5076
Now: 11962334, Last time: 11862334, deltaT: 100000.00, dt: 0.100000001
Error -76.00, Integral: -100.00, Derivate: 0.00, ControlSignal: -38.10
Setpoint: 5000, Position: 5076
Now: 12062334, Last time: 11962334, deltaT: 100000.00, dt: 0.100000001
Error -76.00, Integral: -100.00, Derivate: 0.00, ControlSignal: -38.10
Setpoint: 5000, Position: 5076
Now: 12162334, Last time: 12062334, deltaT: 100000.00, dt: 0.100000001
Error -76.00, Integral: -100.00, Derivate: 0.00, ControlSignal: -38.10
Setpoint: 5000, Position: 5076
Now: 12262334, Last time: 12162334, deltaT: 100000.00, dt: 0.100000001
Error -76.00, Integral: -100.00, Derivate: 0.00, ControlSignal: -38.10
Setpoint: 5000, Position: 5076
