boot:0x13 (SPI_FAST_FLA'ï¿½A%ï¿½Mode       : DIO[0m
[0;32mI (49) boot.esp32: SPI Flash Size : 2MB[0m
[0ets Jul 29 2019 12:21:46

rst:0x1 (POWERON_RESET),boot:0x13 (SPI_FAST_FLASH_BOOT)
configsip: 0, SPIWP:0xee
clk_drv:0x00,q_drv:0x00,d_drv:0x00,cs0_drv:0x00,hd_drv:0x00,wp_drv:0x00
mode:DIO, clock div:2
load:0x3fff0030,len:7172
load:0x40078000,len:15540
load:0x40080400,len:4
ho 8 tail 4 room 4
load:0x40080404,len:3904
entry 0x40080640
[0;32mI (31) boot: ESP-IDF v5.2.1-dirty 2nd stage bootloader[0m
[0;32mI (31) boot: compile time Mar 11 2024 23:08:07[0m
[0;32mI (31) boot: Multicore bootloader[0m
[0;32mI (36) boot: chip revision: v3.0[0m
[0;32mI (40) boot.esp32: SPI Speed      : 40MHz[0m
[0;32mI (44) boot.esp32: SPI Mode       : DIO[0m
[0;32mI (49) boot.esp32: SPI Flash Size : 2MB[0m
[0;32mI (53) boot: Enabling RNG early entropy source...[0m
[0;32mI (59) boot: Partition Table:[0m
[0;32mI (62) boot: ## Label            Usage          Type ST Offset   Length[0m
[0;32mI (70) boot:  0 nvs              WiFi data        01 02 00009000 00006000[0m
[0;32mI (77) boot:  1 phy_init         RF data          01 01 0000f000 00001000[0m
[0;32mI (85) boot:  2 factory          factory app      00 00 00010000 00100000[0m
[0;32mI (92) boot: End of partition table[0m
[0;32mI (96) esp_image: segment 0: paddr=00010020 vaddr=3f400020 size=0a7c4h ( 42948) map[0m
[0;32mI (119) esp_image: segment 1: paddr=0001a7ec vaddr=3ffb0000 size=022ach (  8876) load[0m
[0;32mI (123) esp_image: segment 2: paddr=0001caa0 vaddr=40080000 size=03578h ( 13688) load[0m
[0;32mI (131) esp_image: segment 3: paddr=00020020 vaddr=400d0020 size=15e94h ( 89748) map[0m
[0;32mI (165) esp_image: segment 4: paddr=00035ebc vaddr=40083578 size=095a0h ( 38304) load[0m
[0;32mI (186) boot: Loaded app from partition at offset 0x10000[0m
[0;32mI (186) boot: Disabling RNG early entropy source...[0m
[0;32mI (198) cpu_start: Multicore app[0m
[0;32mI (206) cpu_start: Pro cpu start user code[0m
[0;32mI (207) cpu_start: cpu freq: 160000000 Hz[0m
[0;32mI (207) cpu_start: Application information:[0m
[0;32mI (210) cpu_start: Project name:     PID_Control_DC-Motor[0m
[0;32mI (216) cpu_start: App version:      1[0m
[0;32mI (220) cpu_start: Compile time:     Mar 11 2024 23:07:36[0m
[0;32mI (226) cpu_start: ELF file SHA256:  93a2db0e3...[0m
[0;32mI (232) cpu_start: ESP-IDF:          v5.2.1-dirty[0m
[0;32mI (237) cpu_start: Min chip rev:     v0.0[0m
[0;32mI (242) cpu_start: Max chip rev:     v3.99 [0m
[0;32mI (246) cpu_start: Chip rev:         v3.0[0m
[0;32mI (251) heap_init: Initializing. RAM available for dynamic allocation:[0m
[0;32mI (259) heap_init: At 3FFAE6E0 len 00001920 (6 KiB): DRAM[0m
[0;32mI (264) heap_init: At 3FFB2BD8 len 0002D428 (181 KiB): DRAM[0m
[0;32mI (271) heap_init: At 3FFE0440 len 00003AE0 (14 KiB): D/IRAM[0m
[0;32mI (277) heap_init: At 3FFE4350 len 0001BCB0 (111 KiB): D/IRAM[0m
[0;32mI (283) heap_init: At 4008CB18 len 000134E8 (77 KiB): IRAM[0m
[0;32mI (291) spi_flash: detected chip: generic[0m
[0;32mI (294) spi_flash: flash io: dio[0m
[0;33mW (298) spi_flash: Detected size(4096k) larger than the size in the binary image header(2048k). Using the size in the binary image header.[0m
[0;32mI (312) main_task: Started on CPU0[0m
[0;32mI (322) main_task: Calling app_main()[0m
[0;32mI (322) gpio: GPIO[22]| InputEn: 1| OutputEn: 0| OpenDrain: 0| Pullup: 1| Pulldown: 0| Intr:1 [0m
[0;32mI (322) gpio: GPIO[23]| InputEn: 1| OutputEn: 0| OpenDrain: 0| Pullup: 1| Pulldown: 0| Intr:0 [0m
Now: 49763, Last time: 0, deltaT: 49763.00, dt: 0.049763002
Error 5000.00, Integral: 100.00, Derivate: 100476.26, ControlSignal: 255.00
Setpoint: 5000, Position: 0
[0;32mI (352) main_task: Returned from app_main()[0m
Now: 162342, Last time: 49763, deltaT: 112579.00, dt: 0.112579003
Error 4922.00, Integral: 100.00, Derivate: -692.85, ControlSignal: 255.00
Setpoint: 5000, Position: 79
Now: 262342, Last time: 162342, deltaT: 100000.00, dt: 0.100000001
Error 4797.00, Integral: 100.00, Derivate: -1250.00, ControlSignal: 255.00
Setpoint: 5000, Position: 205
Now: 362342, Last time: 262342, deltaT: 100000.00, dt: 0.100000001
Error 4667.00, Integral: 100.00, Derivate: -1300.00, ControlSignal: 255.00
Setpoint: 5000, Position: 335
Now: 462342, Last time: 362342, deltaT: 100000.00, dt: 0.100000001
Error 4536.00, Integral: 100.00, Derivate: -1310.00, ControlSignal: 255.00
Setpoint: 5000, Position: 466
Now: 562342, Last time: 462342, deltaT: 100000.00, dt: 0.100000001
Error 4404.00, Integral: 100.00, Derivate: -1320.00, ControlSignal: 255.00
Setpoint: 5000, Position: 598
Now: 662342, Last time: 562342, deltaT: 100000.00, dt: 0.100000001
Error 4272.00, Integral: 100.00, Derivate: -1320.00, ControlSignal: 255.00
Setpoint: 5000, Position: 730
Now: 762342, Last time: 662342, deltaT: 100000.00, dt: 0.100000001
Error 4140.00, Integral: 100.00, Derivate: -1320.00, ControlSignal: 255.00
Setpoint: 5000, Position: 862
Now: 862342, Last time: 762342, deltaT: 100000.00, dt: 0.100000001
Error 4009.00, Integral: 100.00, Derivate: -1310.00, ControlSignal: 255.00
Setpoint: 5000, Position: 994
Now: 962342, Last time: 862342, deltaT: 100000.00, dt: 0.100000001
Error 3878.00, Integral: 100.00, Derivate: -1310.00, ControlSignal: 255.00
Setpoint: 5000, Position: 1124
Now: 1062342, Last time: 962342, deltaT: 100000.00, dt: 0.100000001
Error 3746.00, Integral: 100.00, Derivate: -1320.00, ControlSignal: 255.00
Setpoint: 5000, Position: 1256
Now: 1162342, Last time: 1062342, deltaT: 100000.00, dt: 0.100000001
Error 3614.00, Integral: 100.00, Derivate: -1320.00, ControlSignal: 255.00
Setpoint: 5000, Position: 1388
Now: 1262342, Last time: 1162342, deltaT: 100000.00, dt: 0.100000001
Error 3482.00, Integral: 100.00, Derivate: -1320.00, ControlSignal: 255.00
Setpoint: 5000, Position: 1520
Now: 1362342, Last time: 1262342, deltaT: 100000.00, dt: 0.100000001
Error 3350.00, Integral: 100.00, Derivate: -1320.00, ControlSignal: 255.00
Setpoint: 5000, Position: 1652
Now: 1462343, Last time: 1362342, deltaT: 100001.00, dt: 0.100001000
Error 3218.00, Integral: 100.00, Derivate: -1319.99, ControlSignal: 255.00
Setpoint: 5000, Position: 1784
Now: 1562342, Last time: 1462343, deltaT: 99999.00, dt: 0.099999003
Error 3087.00, Integral: 100.00, Derivate: -1310.01, ControlSignal: 255.00
Setpoint: 5000, Position: 1916
Now: 1662342, Last time: 1562342, deltaT: 100000.00, dt: 0.100000001
Error 2956.00, Integral: 100.00, Derivate: -1310.00, ControlSignal: 255.00
Setpoint: 5000, Position: 2047
Now: 1762342, Last time: 1662342, deltaT: 100000.00, dt: 0.100000001
Error 2825.00, Integral: 100.00, Derivate: -1310.00, ControlSignal: 255.00
Setpoint: 5000, Position: 2178
Now: 1862342, Last time: 1762342, deltaT: 100000.00, dt: 0.100000001
Error 2694.00, Integral: 100.00, Derivate: -1310.00, ControlSignal: 255.00
Setpoint: 5000, Position: 2309
Now: 1962342, Last time: 1862342, deltaT: 100000.00, dt: 0.100000001
Error 2562.00, Integral: 100.00, Derivate: -1320.00, ControlSignal: 255.00
Setpoint: 5000, Position: 2441
Now: 2062342, Last time: 1962342, deltaT: 100000.00, dt: 0.100000001
Error 2430.00, Integral: 100.00, Derivate: -1320.00, ControlSignal: 255.00
Setpoint: 5000, Position: 2573
Now: 2162342, Last time: 2062342, deltaT: 100000.00, dt: 0.100000001
Error 2299.00, Integral: 100.00, Derivate: -1310.00, ControlSignal: 255.00
Setpoint: 5000, Position: 2704
Now: 2262342, Last time: 2162342, deltaT: 100000.00, dt: 0.100000001
Error 2168.00, Integral: 100.00, Derivate: -1310.00, ControlSignal: 255.00
Setpoint: 5000, Position: 2835
Now: 2362342, Last time: 2262342, deltaT: 100000.00, dt: 0.100000001
Error 2036.00, Integral: 100.00, Derivate: -1320.00, ControlSignal: 255.00
Setpoint: 5000, Position: 2967
Now: 2462342, Last time: 2362342, deltaT: 100000.00, dt: 0.100000001
Error 1906.00, Integral: 100.00, Derivate: -1300.00, ControlSignal: 255.00
Setpoint: 5000, Position: 3096
Now: 2562342, Last time: 2462342, deltaT: 100000.00, dt: 0.100000001
Error 1775.00, Integral: 100.00, Derivate: -1310.00, ControlSignal: 255.00
Setpoint: 5000, Position: 3227
Now: 2662342, Last time: 2562342, deltaT: 100000.00, dt: 0.100000001
Error 1643.00, Integral: 100.00, Derivate: -1320.00, ControlSignal: 255.00
Setpoint: 5000, Position: 3359
Now: 2762342, Last time: 2662342, deltaT: 100000.00, dt: 0.100000001
Error 1511.00, Integral: 100.00, Derivate: -1320.00, ControlSignal: 255.00
Setpoint: 5000, Position: 3491
Now: 2862342, Last time: 2762342, deltaT: 100000.00, dt: 0.100000001
Error 1379.00, Integral: 100.00, Derivate: -1320.00, ControlSignal: 255.00
Setpoint: 5000, Position: 3623
Now: 2962342, Last time: 2862342, deltaT: 100000.00, dt: 0.100000001
Error 1248.00, Integral: 100.00, Derivate: -1310.00, ControlSignal: 255.00
Setpoint: 5000, Position: 3755
Now: 3062342, Last time: 2962342, deltaT: 100000.00, dt: 0.100000001
Error 1116.00, Integral: 100.00, Derivate: -1320.00, ControlSignal: 255.00
Setpoint: 5000, Position: 3887
Now: 3162342, Last time: 3062342, deltaT: 100000.00, dt: 0.100000001
Error 984.00, Integral: 100.00, Derivate: -1320.00, ControlSignal: 255.00
Setpoint: 5000, Position: 4018
Now: 3262342, Last time: 3162342, deltaT: 100000.00, dt: 0.100000001
Error 852.00, Integral: 100.00, Derivate: -1320.00, ControlSignal: 255.00
Setpoint: 5000, Position: 4150
Now: 3362342, Last time: 3262342, deltaT: 100000.00, dt: 0.100000001
Error 721.00, Integral: 100.00, Derivate: -1310.00, ControlSignal: 255.00
Setpoint: 5000, Position: 4281
Now: 3462342, Last time: 3362342, deltaT: 100000.00, dt: 0.100000001
Error 590.00, Integral: 100.00, Derivate: -1310.00, ControlSignal: 255.00
Setpoint: 5000, Position: 4411
Now: 3562342, Last time: 3462342, deltaT: 100000.00, dt: 0.100000001
Error 459.00, Integral: 100.00, Derivate: -1310.00, ControlSignal: 229.60
Setpoint: 5000, Position: 4543
Now: 3662342, Last time: 3562342, deltaT: 100000.00, dt: 0.100000001
Error 332.00, Integral: 100.00, Derivate: -1270.00, ControlSignal: 166.10
Setpoint: 5000, Position: 4670
Now: 3762342, Last time: 3662342, deltaT: 100000.00, dt: 0.100000001
Error 213.00, Integral: 100.00, Derivate: -1190.00, ControlSignal: 106.60
Setpoint: 5000, Position: 4789
Now: 3862342, Last time: 3762342, deltaT: 100000.00, dt: 0.100000001
Error 105.00, Integral: 100.00, Derivate: -1080.00, ControlSignal: 52.60
Setpoint: 5000, Position: 4897
Now: 3962342, Last time: 3862342, deltaT: 100000.00, dt: 0.100000001
Error 16.00, Integral: 100.00, Derivate: -890.00, ControlSignal: 8.10
Setpoint: 5000, Position: 4985
Now: 4062342, Last time: 3962342, deltaT: 100000.00, dt: 0.100000001
Error -45.00, Integral: 95.50, Derivate: -610.00, ControlSignal: -22.40
Setpoint: 5000, Position: 5046
Now: 4162342, Last time: 4062342, deltaT: 100000.00, dt: 0.100000001
Error -78.00, Integral: 87.70, Derivate: -330.00, ControlSignal: -38.91
Setpoint: 5000, Position: 5077
Now: 4262342, Last time: 4162342, deltaT: 100000.00, dt: 0.100000001
Error -71.00, Integral: 80.60, Derivate: 70.00, ControlSignal: -35.42
Setpoint: 5000, Position: 5071
Now: 4362342, Last time: 4262342, deltaT: 100000.00, dt: 0.100000001
Error -71.00, Integral: 73.50, Derivate: 0.00, ControlSignal: -35.43
Setpoint: 5000, Position: 5071
Now: 4462342, Last time: 4362342, deltaT: 100000.00, dt: 0.100000001
Error -71.00, Integral: 66.40, Derivate: 0.00, ControlSignal: -35.43
Setpoint: 5000, Position: 5071
Now: 4562342, Last time: 4462342, deltaT: 100000.00, dt: 0.100000001
Error -71.00, Integral: 59.30, Derivate: 0.00, ControlSignal: -35.44
Setpoint: 5000, Position: 5071
Now: 4662342, Last time: 4562342, deltaT: 100000.00, dt: 0.100000001
Error -71.00, Integral: 52.20, Derivate: 0.00, ControlSignal: -35.45
Setpoint: 5000, Position: 5071
Now: 4762342, Last time: 4662342, deltaT: 100000.00, dt: 0.100000001
Error -71.00, Integral: 45.10, Derivate: 0.00, ControlSignal: -35.45
Setpoint: 5000, Position: 5071
Now: 4862342, Last time: 4762342, deltaT: 100000.00, dt: 0.100000001
Error -71.00, Integral: 38.00, Derivate: 0.00, ControlSignal: -35.46
Setpoint: 5000, Position: 5071
Now: 4962342, Last time: 4862342, deltaT: 100000.00, dt: 0.100000001
Error -71.00, Integral: 30.90, Derivate: 0.00, ControlSignal: -35.47
Setpoint: 5000, Position: 5071
Now: 5062342, Last time: 4962342, deltaT: 100000.00, dt: 0.100000001
Error -71.00, Integral: 23.80, Derivate: 0.00, ControlSignal: -35.48
Setpoint: 5000, Position: 5071
Now: 5162342, Last time: 5062342, deltaT: 100000.00, dt: 0.100000001
Error -71.00, Integral: 16.70, Derivate: 0.00, ControlSignal: -35.48
Setpoint: 5000, Position: 5071
Now: 5262342, Last time: 5162342, deltaT: 100000.00, dt: 0.100000001
Error -71.00, Integral: 9.60, Derivate: 0.00, ControlSignal: -35.49
Setpoint: 5000, Position: 5071
Now: 5362342, Last time: 5262342, deltaT: 100000.00, dt: 0.100000001
Error -71.00, Integral: 2.50, Derivate: 0.00, ControlSignal: -35.50
Setpoint: 5000, Position: 5071
Now: 5462342, Last time: 5362342, deltaT: 100000.00, dt: 0.100000001
Error -71.00, Integral: -4.60, Derivate: 0.00, ControlSignal: -35.50
Setpoint: 5000, Position: 5071
Now: 5562342, Last time: 5462342, deltaT: 100000.00, dt: 0.100000001
Error -71.00, Integral: -11.70, Derivate: 0.00, ControlSignal: -35.51
Setpoint: 5000, Position: 5071
Now: 5662342, Last time: 5562342, deltaT: 100000.00, dt: 0.100000001
Error -71.00, Integral: -18.80, Derivate: 0.00, ControlSignal: -35.52
Setpoint: 5000, Position: 5071
Now: 5762342, Last time: 5662342, deltaT: 100000.00, dt: 0.100000001
Error -71.00, Integral: -25.90, Derivate: 0.00, ControlSignal: -35.53
Setpoint: 5000, Position: 5071
