oot:0x13 (SPI_FAST_FLASï¿½ï¿½A%ï¿½Mode       : DIO[0m
[0;32mI (49) boot.esp32: SPI Flash Size : 2MB[0m
[0ï¿½ets Jul 29 2019 12:21:46

rst:0x1 (POWERON_RESET),boot:0x13 (SPI_FAST_FLASH_BOOT)
configsip: 0, SPIWP:0xee
clk_drv:0x00,q_drv:0x00,d_drv:0x00,cs0_drv:0x00,hd_drv:0x00,wp_drv:0x00
mode:DIO, clock div:2
load:0x3fff0030,len:7172
load:0x40078000,len:15540
load:0x40080400,len:4
ho 8 tail 4 room 4
load:0x40080404,len:3904
entry 0x40080640
[0;32mI (31) boot: ESP-IDF v5.2.1-dirty 2nd stage bootloader[0m
[0;32mI (31) boot: compile time Mar 11 2024 23:08:07[0m
[0;32mI (31) boot: Multicore bootloader[0m
[0;32mI (36) boot: chip revision: v3.0[0m
[0;32mI (40) boot.esp32: SPI Speed      : 40MHz[0m
[0;32mI (44) boot.esp32: SPI Mode       : DIO[0m
[0;32mI (49) boot.esp32: SPI Flash Size : 2MB[0m
[0;32mI (53) boot: Enabling RNG early entropy source...[0m
[0;32mI (59) boot: Partition Table:[0m
[0;32mI (62) boot: ## Label            Usage          Type ST Offset   Length[0m
[0;32mI (70) boot:  0 nvs              WiFi data        01 02 00009000 00006000[0m
[0;32mI (77) boot:  1 phy_init         RF data          01 01 0000f000 00001000[0m
[0;32mI (85) boot:  2 factory          factory app      00 00 00010000 00100000[0m
[0;32mI (92) boot: End of partition table[0m
[0;32mI (96) esp_image: segment 0: paddr=00010020 vaddr=3f400020 size=0a7c4h ( 42948) map[0m
[0;32mI (119) esp_image: segment 1: paddr=0001a7ec vaddr=3ffb0000 size=022bch (  8892) load[0m
[0;32mI (123) esp_image: segment 2: paddr=0001cab0 vaddr=40080000 size=03568h ( 13672) load[0m
[0;32mI (131) esp_image: segment 3: paddr=00020020 vaddr=400d0020 size=15eb8h ( 89784) map[0m
[0;32mI (165) esp_image: segment 4: paddr=00035ee0 vaddr=40083568 size=095b0h ( 38320) load[0m
[0;32mI (186) boot: Loaded app from partition at offset 0x10000[0m
[0;32mI (186) boot: Disabling RNG early entropy source...[0m
[0;32mI (198) cpu_start: Multicore app[0m
[0;32mI (206) cpu_start: Pro cpu start user code[0m
[0;32mI (207) cpu_start: cpu freq: 160000000 Hz[0m
[0;32mI (207) cpu_start: Application information:[0m
[0;32mI (210) cpu_start: Project name:     PID_Control_DC-Motor[0m
[0;32mI (216) cpu_start: App version:      1[0m
[0;32mI (220) cpu_start: Compile time:     Mar 11 2024 23:07:36[0m
[0;32mI (226) cpu_start: ELF file SHA256:  1744f62c3...[0m
[0;32mI (232) cpu_start: ESP-IDF:          v5.2.1-dirty[0m
[0;32mI (237) cpu_start: Min chip rev:     v0.0[0m
[0;32mI (242) cpu_start: Max chip rev:     v3.99 [0m
[0;32mI (246) cpu_start: Chip rev:         v3.0[0m
[0;32mI (251) heap_init: Initializing. RAM available for dynamic allocation:[0m
[0;32mI (259) heap_init: At 3FFAE6E0 len 00001920 (6 KiB): DRAM[0m
[0;32mI (264) heap_init: At 3FFB2BF0 len 0002D410 (181 KiB): DRAM[0m
[0;32mI (271) heap_init: At 3FFE0440 len 00003AE0 (14 KiB): D/IRAM[0m
[0;32mI (277) heap_init: At 3FFE4350 len 0001BCB0 (111 KiB): D/IRAM[0m
[0;32mI (284) heap_init: At 4008CB18 len 000134E8 (77 KiB): IRAM[0m
[0;32mI (291) spi_flash: detected chip: generic[0m
[0;32mI (294) spi_flash: flash io: dio[0m
[0;33mW (298) spi_flash: Detected size(4096k) larger than the size in the binary image header(2048k). Using the size in the binary image header.[0m
[0;32mI (312) main_task: Started on CPU0[0m
[0;32mI (322) main_task: Calling app_main()[0m
[0;32mI (322) gpio: GPIO[22]| InputEn: 1| OutputEn: 0| OpenDrain: 0| Pullup: 1| Pulldown: 0| Intr:1 [0m
[0;32mI (322) gpio: GPIO[23]| InputEn: 1| OutputEn: 0| OpenDrain: 0| Pullup: 1| Pulldown: 0| Intr:0 [0m
Now: 49763, Last time: 0, deltaT: 49763.00, dt: 0.049763002
Error 5000.00, Integral: 100.00, Derivate: 100476.26, ControlSignal: 255.00
Setpoint: 5000, Position: 0
[0;32mI (352) main_task: Returned from app_main()[0m
Now: 162343, Last time: 49763, deltaT: 112580.00, dt: 0.112580001
Error 4920.00, Integral: 100.00, Derivate: -710.61, ControlSignal: 255.00
Setpoint: 5000, Position: 81
Now: 262339, Last time: 162343, deltaT: 99996.00, dt: 0.099996001
Error 4792.00, Integral: 100.00, Derivate: -1280.05, ControlSignal: 255.00
Setpoint: 5000, Position: 209
Now: 362339, Last time: 262339, deltaT: 100000.00, dt: 0.100000001
Error 4659.00, Integral: 100.00, Derivate: -1330.00, ControlSignal: 255.00
Setpoint: 5000, Position: 343
Now: 462341, Last time: 362339, deltaT: 100002.00, dt: 0.100001998
Error 4523.00, Integral: 100.00, Derivate: -1359.97, ControlSignal: 255.00
Setpoint: 5000, Position: 479
Now: 562340, Last time: 462341, deltaT: 99999.00, dt: 0.099999003
Error 4388.00, Integral: 100.00, Derivate: -1350.01, ControlSignal: 255.00
Setpoint: 5000, Position: 614
Now: 662339, Last time: 562340, deltaT: 99999.00, dt: 0.099999003
Error 4253.00, Integral: 100.00, Derivate: -1350.01, ControlSignal: 255.00
Setpoint: 5000, Position: 749
Now: 762339, Last time: 662339, deltaT: 100000.00, dt: 0.100000001
Error 4115.00, Integral: 100.00, Derivate: -1380.00, ControlSignal: 255.00
Setpoint: 5000, Position: 887
Now: 862339, Last time: 762339, deltaT: 100000.00, dt: 0.100000001
Error 3982.00, Integral: 100.00, Derivate: -1330.00, ControlSignal: 255.00
Setpoint: 5000, Position: 1020
Now: 962339, Last time: 862339, deltaT: 100000.00, dt: 0.100000001
Error 3849.00, Integral: 100.00, Derivate: -1330.00, ControlSignal: 255.00
Setpoint: 5000, Position: 1153
Now: 1062339, Last time: 962339, deltaT: 100000.00, dt: 0.100000001
Error 3715.00, Integral: 100.00, Derivate: -1340.00, ControlSignal: 255.00
Setpoint: 5000, Position: 1286
Now: 1162339, Last time: 1062339, deltaT: 100000.00, dt: 0.100000001
Error 3583.00, Integral: 100.00, Derivate: -1320.00, ControlSignal: 255.00
Setpoint: 5000, Position: 1419
Now: 1262339, Last time: 1162339, deltaT: 100000.00, dt: 0.100000001
Error 3448.00, Integral: 100.00, Derivate: -1350.00, ControlSignal: 255.00
Setpoint: 5000, Position: 1554
Now: 1362339, Last time: 1262339, deltaT: 100000.00, dt: 0.100000001
Error 3311.00, Integral: 100.00, Derivate: -1370.00, ControlSignal: 255.00
Setpoint: 5000, Position: 1691
Now: 1462339, Last time: 1362339, deltaT: 100000.00, dt: 0.100000001
Error 3172.00, Integral: 100.00, Derivate: -1390.00, ControlSignal: 255.00
Setpoint: 5000, Position: 1830
Now: 1562339, Last time: 1462339, deltaT: 100000.00, dt: 0.100000001
Error 3036.00, Integral: 100.00, Derivate: -1360.00, ControlSignal: 255.00
Setpoint: 5000, Position: 1967
Now: 1662339, Last time: 1562339, deltaT: 100000.00, dt: 0.100000001
Error 2899.00, Integral: 100.00, Derivate: -1370.00, ControlSignal: 255.00
Setpoint: 5000, Position: 2103
Now: 1762339, Last time: 1662339, deltaT: 100000.00, dt: 0.100000001
Error 2764.00, Integral: 100.00, Derivate: -1350.00, ControlSignal: 255.00
Setpoint: 5000, Position: 2238
Now: 1862339, Last time: 1762339, deltaT: 100000.00, dt: 0.100000001
Error 2627.00, Integral: 100.00, Derivate: -1370.00, ControlSignal: 255.00
Setpoint: 5000, Position: 2375
Now: 1962339, Last time: 1862339, deltaT: 100000.00, dt: 0.100000001
Error 2493.00, Integral: 100.00, Derivate: -1340.00, ControlSignal: 255.00
Setpoint: 5000, Position: 2509
Now: 2062346, Last time: 1962339, deltaT: 100007.00, dt: 0.100006998
Error 2357.00, Integral: 100.00, Derivate: -1359.90, ControlSignal: 255.00
Setpoint: 5000, Position: 2645
