oot:0x13 (SPI_FAST_FLASï¿½A%ï¿½Mode       : DIO[0m
[0;32mI (49) boot.esp32: SPI Flash Size : 2MB[0m
[0;32mI (53) boot: Enabling RNG early entropy source...[0m
[0;32mI (ï¿½ets Jul 29 2019 12:21:46

rst:0x1 (POWERON_RESET),boot:0x13 (SPI_FAST_FLASH_BOOT)
configsip: 0, SPIWP:0xee
clk_drv:0x00,q_drv:0x00,d_drv:0x00,cs0_drv:0x00,hd_drv:0x00,wp_drv:0x00
mode:DIO, clock div:2
load:0x3fff0030,len:7172
load:0x40078000,len:15540
load:0x40080400,len:4
ho 8 tail 4 room 4
load:0x40080404,len:3904
entry 0x40080640
[0;32mI (31) boot: ESP-IDF v5.2.1-dirty 2nd stage bootloader[0m
[0;32mI (31) boot: compile time Mar 11 2024 23:08:07[0m
[0;32mI (31) boot: Multicore bootloader[0m
[0;32mI (36) boot: chip revision: v3.0[0m
[0;32mI (40) boot.esp32: SPI Speed      : 40MHz[0m
[0;32mI (44) boot.esp32: SPI Mode       : DIO[0m
[0;32mI (49) boot.esp32: SPI Flash Size : 2MB[0m
[0;32mI (53) boot: Enabling RNG early entropy source...[0m
[0;32mI (59) boot: Partition Table:[0m
[0;32mI (62) boot: ## Label            Usage          Type ST Offset   Length[0m
[0;32mI (70) boot:  0 nvs              WiFi data        01 02 00009000 00006000[0m
[0;32mI (77) boot:  1 phy_init         RF data          01 01 0000f000 00001000[0m
[0;32mI (85) boot:  2 factory          factory app      00 00 00010000 00100000[0m
[0;32mI (92) boot: End of partition table[0m
[0;32mI (96) esp_image: segment 0: paddr=00010020 vaddr=3f400020 size=0a7d4h ( 42964) map[0m
[0;32mI (119) esp_image: segment 1: paddr=0001a7fc vaddr=3ffb0000 size=022bch (  8892) load[0m
[0;32mI (123) esp_image: segment 2: paddr=0001cac0 vaddr=40080000 size=03558h ( 13656) load[0m
[0;32mI (131) esp_image: segment 3: paddr=00020020 vaddr=400d0020 size=15e90h ( 89744) map[0m
[0;32mI (165) esp_image: segment 4: paddr=00035eb8 vaddr=40083558 size=095c0h ( 38336) load[0m
[0;32mI (186) boot: Loaded app from partition at offset 0x10000[0m
[0;32mI (186) boot: Disabling RNG early entropy source...[0m
[0;32mI (198) cpu_start: Multicore app[0m
[0;32mI (206) cpu_start: Pro cpu start user code[0m
[0;32mI (207) cpu_start: cpu freq: 160000000 Hz[0m
[0;32mI (207) cpu_start: Application information:[0m
[0;32mI (210) cpu_start: Project name:     PID_Control_DC-Motor[0m
[0;32mI (216) cpu_start: App version:      1[0m
[0;32mI (220) cpu_start: Compile time:     Mar 11 2024 23:07:36[0m
[0;32mI (226) cpu_start: ELF file SHA256:  29e8a8ef8...[0m
[0;32mI (232) cpu_start: ESP-IDF:          v5.2.1-dirty[0m
[0;32mI (237) cpu_start: Min chip rev:     v0.0[0m
[0;32mI (242) cpu_start: Max chip rev:     v3.99 [0m
[0;32mI (246) cpu_start: Chip rev:         v3.0[0m
[0;32mI (251) heap_init: Initializing. RAM available for dynamic allocation:[0m
[0;32mI (259) heap_init: At 3FFAE6E0 len 00001920 (6 KiB): DRAM[0m
[0;32mI (264) heap_init: At 3FFB2BF0 len 0002D410 (181 KiB): DRAM[0m
[0;32mI (271) heap_init: At 3FFE0440 len 00003AE0 (14 KiB): D/IRAM[0m
[0;32mI (277) heap_init: At 3FFE4350 len 0001BCB0 (111 KiB): D/IRAM[0m
[0;32mI (283) heap_init: At 4008CB18 len 000134E8 (77 KiB): IRAM[0m
[0;32mI (291) spi_flash: detected chip: generic[0m
[0;32mI (294) spi_flash: flash io: dio[0m
[0;33mW (298) spi_flash: Detected size(4096k) larger than the size in the binary image header(2048k). Using the size in the binary image header.[0m
[0;32mI (312) main_task: Started on CPU0[0m
[0;32mI (322) main_task: Calling app_main()[0m
[0;32mI (322) gpio: GPIO[22]| InputEn: 1| OutputEn: 0| OpenDrain: 0| Pullup: 1| Pulldown: 0| Intr:1 [0m
[0;32mI (322) gpio: GPIO[23]| InputEn: 1| OutputEn: 0| OpenDrain: 0| Pullup: 1| Pulldown: 0| Intr:0 [0m
Now: 49750, Last time: 0, deltaT: 49750.00, dt: 0.049750000
Error 5000.00, Integral: 100.00, Derivate: 100502.52, ControlSignal: 255.00
Setpoint: 5000, Position: 0
[0;32mI (352) main_task: Returned from app_main()[0m
Now: 162340, Last time: 49750, deltaT: 112590.00, dt: 0.112590000
Error 4921.00, Integral: 100.00, Derivate: -701.66, ControlSignal: 255.00
Setpoint: 5000, Position: 80
Now: 262340, Last time: 162340, deltaT: 100000.00, dt: 0.100000001
Error 4792.00, Integral: 100.00, Derivate: -1290.00, ControlSignal: 255.00
Setpoint: 5000, Position: 209
Now: 362340, Last time: 262340, deltaT: 100000.00, dt: 0.100000001
Error 4660.00, Integral: 100.00, Derivate: -1320.00, ControlSignal: 255.00
Setpoint: 5000, Position: 342
Now: 462340, Last time: 362340, deltaT: 100000.00, dt: 0.100000001
Error 4524.00, Integral: 100.00, Derivate: -1360.00, ControlSignal: 255.00
Setpoint: 5000, Position: 478
Now: 562340, Last time: 462340, deltaT: 100000.00, dt: 0.100000001
Error 4392.00, Integral: 100.00, Derivate: -1320.00, ControlSignal: 255.00
Setpoint: 5000, Position: 609
Now: 662340, Last time: 562340, deltaT: 100000.00, dt: 0.100000001
Error 4257.00, Integral: 100.00, Derivate: -1350.00, ControlSignal: 255.00
Setpoint: 5000, Position: 745
Now: 762340, Last time: 662340, deltaT: 100000.00, dt: 0.100000001
Error 4121.00, Integral: 100.00, Derivate: -1360.00, ControlSignal: 255.00
Setpoint: 5000, Position: 881
Now: 862340, Last time: 762340, deltaT: 100000.00, dt: 0.100000001
Error 3986.00, Integral: 100.00, Derivate: -1350.00, ControlSignal: 255.00
Setpoint: 5000, Position: 1016
Now: 962340, Last time: 862340, deltaT: 100000.00, dt: 0.100000001
Error 3850.00, Integral: 100.00, Derivate: -1360.00, ControlSignal: 255.00
Setpoint: 5000, Position: 1152
Now: 1062340, Last time: 962340, deltaT: 100000.00, dt: 0.100000001
Error 3715.00, Integral: 100.00, Derivate: -1350.00, ControlSignal: 255.00
Setpoint: 5000, Position: 1287
Now: 1162340, Last time: 1062340, deltaT: 100000.00, dt: 0.100000001
Error 3578.00, Integral: 100.00, Derivate: -1370.00, ControlSignal: 255.00
Setpoint: 5000, Position: 1424
Now: 1262340, Last time: 1162340, deltaT: 100000.00, dt: 0.100000001
Error 3441.00, Integral: 100.00, Derivate: -1370.00, ControlSignal: 255.00
Setpoint: 5000, Position: 1561
Now: 1362340, Last time: 1262340, deltaT: 100000.00, dt: 0.100000001
Error 3304.00, Integral: 100.00, Derivate: -1370.00, ControlSignal: 255.00
Setpoint: 5000, Position: 1698
Now: 1462340, Last time: 1362340, deltaT: 100000.00, dt: 0.100000001
Error 3166.00, Integral: 100.00, Derivate: -1380.00, ControlSignal: 255.00
Setpoint: 5000, Position: 1836
Now: 1562340, Last time: 1462340, deltaT: 100000.00, dt: 0.100000001
Error 3030.00, Integral: 100.00, Derivate: -1360.00, ControlSignal: 255.00
Setpoint: 5000, Position: 1972
Now: 1662340, Last time: 1562340, deltaT: 100000.00, dt: 0.100000001
Error 2894.00, Integral: 100.00, Derivate: -1360.00, ControlSignal: 255.00
Setpoint: 5000, Position: 2108
Now: 1762340, Last time: 1662340, deltaT: 100000.00, dt: 0.100000001
Error 2758.00, Integral: 100.00, Derivate: -1360.00, ControlSignal: 255.00
Setpoint: 5000, Position: 2244
Now: 1862340, Last time: 1762340, deltaT: 100000.00, dt: 0.100000001
Error 2621.00, Integral: 100.00, Derivate: -1370.00, ControlSignal: 255.00
Setpoint: 5000, Position: 2381
Now: 1962340, Last time: 1862340, deltaT: 100000.00, dt: 0.100000001
Error 2484.00, Integral: 100.00, Derivate: -1370.00, ControlSignal: 255.00
Setpoint: 5000, Position: 2518
Now: 2062340, Last time: 1962340, deltaT: 100000.00, dt: 0.100000001
Error 2346.00, Integral: 100.00, Derivate: -1380.00, ControlSignal: 255.00
Setpoint: 5000, Position: 2656
Now: 2162340, Last time: 2062340, deltaT: 100000.00, dt: 0.100000001
Error 2209.00, Integral: 100.00, Derivate: -1370.00, ControlSignal: 255.00
Setpoint: 5000, Position: 2793
Now: 2262340, Last time: 2162340, deltaT: 100000.00, dt: 0.100000001
Error 2074.00, Integral: 100.00, Derivate: -1350.00, ControlSignal: 255.00
Setpoint: 5000, Position: 2928
Now: 2362340, Last time: 2262340, deltaT: 100000.00, dt: 0.100000001
Error 1938.00, Integral: 100.00, Derivate: -1360.00, ControlSignal: 255.00
Setpoint: 5000, Position: 3064
Now: 2462340, Last time: 2362340, deltaT: 100000.00, dt: 0.100000001
Error 1799.00, Integral: 100.00, Derivate: -1390.00, ControlSignal: 255.00
Setpoint: 5000, Position: 3203
Now: 2562340, Last time: 2462340, deltaT: 100000.00, dt: 0.100000001
Error 1662.00, Integral: 100.00, Derivate: -1370.00, ControlSignal: 255.00
Setpoint: 5000, Position: 3340
Now: 2662340, Last time: 2562340, deltaT: 100000.00, dt: 0.100000001
Error 1524.00, Integral: 100.00, Derivate: -1380.00, ControlSignal: 255.00
Setpoint: 5000, Position: 3478
Now: 2762340, Last time: 2662340, deltaT: 100000.00, dt: 0.100000001
Error 1389.00, Integral: 100.00, Derivate: -1350.00, ControlSignal: 255.00
Setpoint: 5000, Position: 3613
Now: 2862340, Last time: 2762340, deltaT: 100000.00, dt: 0.100000001
Error 1254.00, Integral: 100.00, Derivate: -1350.00, ControlSignal: 255.00
Setpoint: 5000, Position: 3748
Now: 2962340, Last time: 2862340, deltaT: 100000.00, dt: 0.100000001
Error 1121.00, Integral: 100.00, Derivate: -1330.00, ControlSignal: 255.00
Setpoint: 5000, Position: 3881
Now: 3062340, Last time: 2962340, deltaT: 100000.00, dt: 0.100000001
Error 985.00, Integral: 100.00, Derivate: -1360.00, ControlSignal: 255.00
Setpoint: 5000, Position: 4017
Now: 3162340, Last time: 3062340, deltaT: 100000.00, dt: 0.100000001
Error 849.00, Integral: 100.00, Derivate: -1360.00, ControlSignal: 255.00
Setpoint: 5000, Position: 4153
Now: 3262340, Last time: 3162340, deltaT: 100000.00, dt: 0.100000001
Error 716.00, Integral: 100.00, Derivate: -1330.00, ControlSignal: 255.00
Setpoint: 5000, Position: 4286
Now: 3362340, Last time: 3262340, deltaT: 100000.00, dt: 0.100000001
Error 582.00, Integral: 100.00, Derivate: -1340.00, ControlSignal: 255.00
Setpoint: 5000, Position: 4420
Now: 3462340, Last time: 3362340, deltaT: 100000.00, dt: 0.100000001
Error 450.00, Integral: 100.00, Derivate: -1320.00, ControlSignal: 225.10
Setpoint: 5000, Position: 4552
Now: 3562340, Last time: 3462340, deltaT: 100000.00, dt: 0.100000001
Error 317.00, Integral: 100.00, Derivate: -1330.00, ControlSignal: 158.60
Setpoint: 5000, Position: 4685
Now: 3662340, Last time: 3562340, deltaT: 100000.00, dt: 0.100000001
Error 190.00, Integral: 100.00, Derivate: -1270.00, ControlSignal: 95.10
Setpoint: 5000, Position: 4811
Now: 3762340, Last time: 3662340, deltaT: 100000.00, dt: 0.100000001
Error 78.00, Integral: 100.00, Derivate: -1120.00, ControlSignal: 39.10
Setpoint: 5000, Position: 4923
Now: 3862340, Last time: 3762340, deltaT: 100000.00, dt: 0.100000001
Error -14.00, Integral: 98.60, Derivate: -920.00, ControlSignal: -6.90
Setpoint: 5000, Position: 5015
Now: 3962340, Last time: 3862340, deltaT: 100000.00, dt: 0.100000001
Error -72.00, Integral: 91.40, Derivate: -580.00, ControlSignal: -35.91
Setpoint: 5000, Position: 5073
Now: 4062340, Last time: 3962340, deltaT: 100000.00, dt: 0.100000001
Error -95.00, Integral: 81.90, Derivate: -230.00, ControlSignal: -47.42
Setpoint: 5000, Position: 5094
Now: 4162340, Last time: 4062340, deltaT: 100000.00, dt: 0.100000001
Error -76.00, Integral: 74.30, Derivate: 190.00, ControlSignal: -37.93
Setpoint: 5000, Position: 5075
Now: 4262340, Last time: 4162340, deltaT: 100000.00, dt: 0.100000001
Error -16.00, Integral: 72.70, Derivate: 600.00, ControlSignal: -7.93
Setpoint: 5000, Position: 5015
Now: 4362340, Last time: 4262340, deltaT: 100000.00, dt: 0.100000001
Error -14.00, Integral: 71.30, Derivate: 20.00, ControlSignal: -6.93
Setpoint: 5000, Position: 5014
Now: 4462340, Last time: 4362340, deltaT: 100000.00, dt: 0.100000001
Error -14.00, Integral: 69.90, Derivate: 0.00, ControlSignal: -6.93
Setpoint: 5000, Position: 5014
Now: 4562340, Last time: 4462340, deltaT: 100000.00, dt: 0.100000001
Error -14.00, Integral: 68.50, Derivate: 0.00, ControlSignal: -6.93
Setpoint: 5000, Position: 5014
Now: 4662340, Last time: 4562340, deltaT: 100000.00, dt: 0.100000001
Error -14.00, Integral: 67.10, Derivate: 0.00, ControlSignal: -6.93
Setpoint: 5000, Position: 5014
Now: 4762340, Last time: 4662340, deltaT: 100000.00, dt: 0.100000001
Error -14.00, Integral: 65.70, Derivate: 0.00, ControlSignal: -6.93
Setpoint: 5000, Position: 5014
Now: 4862340, Last time: 4762340, deltaT: 100000.00, dt: 0.100000001
Error -14.00, Integral: 64.30, Derivate: 0.00, ControlSignal: -6.94
Setpoint: 5000, Position: 5014
Now: 4962340, Last time: 4862340, deltaT: 100000.00, dt: 0.100000001
Error -14.00, Integral: 62.90, Derivate: 0.00, ControlSignal: -6.94
Setpoint: 5000, Position: 5014
Now: 5062340, Last time: 4962340, deltaT: 100000.00, dt: 0.100000001
Error -14.00, Integral: 61.50, Derivate: 0.00, ControlSignal: -6.94
Setpoint: 5000, Position: 5014
Now: 5162340, Last time: 5062340, deltaT: 100000.00, dt: 0.100000001
Error -14.00, Integral: 60.10, Derivate: 0.00, ControlSignal: -6.94
Setpoint: 5000, Position: 5014
Now: 5262340, Last time: 5162340, deltaT: 100000.00, dt: 0.100000001
Error -14.00, Integral: 58.70, Derivate: 0.00, ControlSignal: -6.94
Setpoint: 5000, Position: 5014
Now: 5362340, Last time: 5262340, deltaT: 100000.00, dt: 0.100000001
Error -14.00, Integral: 57.30, Derivate: 0.00, ControlSignal: -6.94
Setpoint: 5000, Position: 5014
Now: 5462340, Last time: 5362340, deltaT: 100000.00, dt: 0.100000001
Error -14.00, Integral: 55.90, Derivate: 0.00, ControlSignal: -6.94
Setpoint: 5000, Position: 5014
Now: 5562340, Last time: 5462340, deltaT: 100000.00, dt: 0.100000001
Error -14.00, Integral: 54.50, Derivate: 0.00, ControlSignal: -6.95
Setpoint: 5000, Position: 5014
Now: 5662340, Last time: 5562340, deltaT: 100000.00, dt: 0.100000001
Error -14.00, Integral: 53.10, Derivate: 0.00, ControlSignal: -6.95
Setpoint: 5000, Position: 5014
Now: 5762340, Last time: 5662340, deltaT: 100000.00, dt: 0.100000001
Error -14.00, Integral: 51.70, Derivate: 0.00, ControlSignal: -6.95
Setpoint: 5000, Position: 5014
Now: 5862340, Last time: 5762340, deltaT: 100000.00, dt: 0.100000001
Error -14.00, Integral: 50.30, Derivate: 0.00, ControlSignal: -6.95
Setpoint: 5000, Position: 5014
Now: 5962340, Last time: 5862340, deltaT: 100000.00, dt: 0.100000001
Error -14.00, Integral: 48.90, Derivate: 0.00, ControlSignal: -6.95
Setpoint: 5000, Position: 5014
Now: 6062340, Last time: 5962340, deltaT: 100000.00, dt: 0.100000001
Error -14.00, Integral: 47.50, Derivate: 0.00, ControlSignal: -6.95
Setpoint: 5000, Position: 5014
Now: 6162340, Last time: 6062340, deltaT: 100000.00, dt: 0.100000001
Error -14.00, Integral: 46.10, Derivate: 0.00, ControlSignal: -6.95
Setpoint: 5000, Position: 5014
Now: 6262340, Last time: 6162340, deltaT: 100000.00, dt: 0.100000001
Error -14.00, Integral: 44.70, Derivate: 0.00, ControlSignal: -6.96
Setpoint: 5000, Position: 5014
Now: 6362340, Last time: 6262340, deltaT: 100000.00, dt: 0.100000001
Error -14.00, Integral: 43.30, Derivate: 0.00, ControlSignal: -6.96
Setpoint: 5000, Position: 5014
Now: 6462340, Last time: 6362340, deltaT: 100000.00, dt: 0.100000001
Error -14.00, Integral: 41.90, Derivate: 0.00, ControlSignal: -6.96
Setpoint: 5000, Position: 5014
Now: 6562340, Last time: 6462340, deltaT: 100000.00, dt: 0.100000001
Error -14.00, Integral: 40.50, Derivate: 0.00, ControlSignal: -6.96
Setpoint: 5000, Position: 5014
Now: 6662340, Last time: 6562340, deltaT: 100000.00, dt: 0.100000001
Error -14.00, Integral: 39.10, Derivate: 0.00, ControlSignal: -6.96
Setpoint: 5000, Position: 5014
Now: 6762340, Last time: 6662340, deltaT: 100000.00, dt: 0.100000001
Error -14.00, Integral: 37.70, Derivate: 0.00, ControlSignal: -6.96
Setpoint: 5000, Position: 5014
Now: 6862340, Last time: 6762340, deltaT: 100000.00, dt: 0.100000001
Error -14.00, Integral: 36.30, Derivate: 0.00, ControlSignal: -6.96
Setpoint: 5000, Position: 5014
Now: 6962340, Last time: 6862340, deltaT: 100000.00, dt: 0.100000001
Error -14.00, Integral: 34.90, Derivate: 0.00, ControlSignal: -6.97
Setpoint: 5000, Position: 5014
Now: 7062340, Last time: 6962340, deltaT: 100000.00, dt: 0.100000001
Error -14.00, Integral: 33.50, Derivate: 0.00, ControlSignal: -6.97
Setpoint: 5000, Position: 5014
Now: 7162340, Last time: 7062340, deltaT: 100000.00, dt: 0.100000001
Error -14.00, Integral: 32.10, Derivate: 0.00, ControlSignal: -6.97
Setpoint: 5000, Position: 5014
Now: 7262340, Last time: 7162340, deltaT: 100000.00, dt: 0.100000001
Error -14.00, Integral: 30.70, Derivate: 0.00, ControlSignal: -6.97
Setpoint: 5000, Position: 5014
Now: 7362340, Last time: 7262340, deltaT: 100000.00, dt: 0.100000001
Error -14.00, Integral: 29.30, Derivate: 0.00, ControlSignal: -6.97
Setpoint: 5000, Position: 5014
Now: 7462340, Last time: 7362340, deltaT: 100000.00, dt: 0.100000001
Error -14.00, Integral: 27.90, Derivate: 0.00, ControlSignal: -6.97
Setpoint: 5000, Position: 5014
Now: 7562340, Last time: 7462340, deltaT: 100000.00, dt: 0.100000001
Error -14.00, Integral: 26.50, Derivate: 0.00, ControlSignal: -6.97
Setpoint: 5000, Position: 5014
Now: 7662340, Last time: 7562340, deltaT: 100000.00, dt: 0.100000001
Error -14.00, Integral: 25.10, Derivate: 0.00, ControlSignal: -6.97
Setpoint: 5000, Position: 5014
Now: 7762340, Last time: 7662340, deltaT: 100000.00, dt: 0.100000001
Error -14.00, Integral: 23.70, Derivate: 0.00, ControlSignal: -6.98
Setpoint: 5000, Position: 5014
Now: 7862340, Last time: 7762340, deltaT: 100000.00, dt: 0.100000001
Error -14.00, Integral: 22.30, Derivate: 0.00, ControlSignal: -6.98
Setpoint: 5000, Position: 5014
Now: 7962340, Last time: 7862340, deltaT: 100000.00, dt: 0.100000001
Error -14.00, Integral: 20.90, Derivate: 0.00, ControlSignal: -6.98
Setpoint: 5000, Position: 5014
Now: 8062340, Last time: 7962340, deltaT: 100000.00, dt: 0.100000001
Error -14.00, Integral: 19.50, Derivate: 0.00, ControlSignal: -6.98
Setpoint: 5000, Position: 5014
Now: 8162340, Last time: 8062340, deltaT: 100000.00, dt: 0.100000001
Error -14.00, Integral: 18.10, Derivate: 0.00, ControlSignal: -6.98
Setpoint: 5000, Position: 5014
Now: 8262340, Last time: 8162340, deltaT: 100000.00, dt: 0.100000001
Error -14.00, Integral: 16.70, Derivate: 0.00, ControlSignal: -6.98
Setpoint: 5000, Position: 5014
Now: 8362340, Last time: 8262340, deltaT: 100000.00, dt: 0.100000001
Error -14.00, Integral: 15.30, Derivate: 0.00, ControlSignal: -6.98
Setpoint: 5000, Position: 5014
Now: 8462340, Last time: 8362340, deltaT: 100000.00, dt: 0.100000001
Error -14.00, Integral: 13.90, Derivate: 0.00, ControlSignal: -6.99
Setpoint: 5000, Position: 5014
Now: 8562340, Last time: 8462340, deltaT: 100000.00, dt: 0.100000001
Error -14.00, Integral: 12.50, Derivate: 0.00, ControlSignal: -6.99
Setpoint: 5000, Position: 5014
Now: 8662340, Last time: 8562340, deltaT: 100000.00, dt: 0.100000001
Error -14.00, Integral: 11.10, Derivate: 0.00, ControlSignal: -6.99
Setpoint: 5000, Position: 5014
Now: 8762340, Last time: 8662340, deltaT: 100000.00, dt: 0.100000001
Error -14.00, Integral: 9.70, Derivate: 0.00, ControlSignal: -6.99
Setpoint: 5000, Position: 5014
Now: 8862340, Last time: 8762340, deltaT: 100000.00, dt: 0.100000001
Error -14.00, Integral: 8.30, Derivate: 0.00, ControlSignal: -6.99
Setpoint: 5000, Position: 5014
Now: 8962340, Last time: 8862340, deltaT: 100000.00, dt: 0.100000001
Error -14.00, Integral: 6.90, Derivate: 0.00, ControlSignal: -6.99
Setpoint: 5000, Position: 5014
Now: 9062340, Last time: 8962340, deltaT: 100000.00, dt: 0.100000001
Error -14.00, Integral: 5.50, Derivate: 0.00, ControlSignal: -6.99
Setpoint: 5000, Position: 5014
Now: 9162340, Last time: 9062340, deltaT: 100000.00, dt: 0.100000001
Error -14.00, Integral: 4.10, Derivate: 0.00, ControlSignal: -7.00
Setpoint: 5000, Position: 5014
Now: 9262340, Last time: 9162340, deltaT: 100000.00, dt: 0.100000001
Error -14.00, Integral: 2.70, Derivate: 0.00, ControlSignal: -7.00
Setpoint: 5000, Position: 5014
Now: 9362340, Last time: 9262340, deltaT: 100000.00, dt: 0.100000001
Error -14.00, Integral: 1.30, Derivate: 0.00, ControlSignal: -7.00
Setpoint: 5000, Position: 5014
Now: 9462340, Last time: 9362340, deltaT: 100000.00, dt: 0.100000001
Error -14.00, Integral: -0.10, Derivate: 0.00, ControlSignal: -7.00
Setpoint: 5000, Position: 5014
Now: 9562340, Last time: 9462340, deltaT: 100000.00, dt: 0.100000001
Error -14.00, Integral: -1.50, Derivate: 0.00, ControlSignal: -7.00
Setpoint: 5000, Position: 5014
Now: 9662340, Last time: 9562340, deltaT: 100000.00, dt: 0.100000001
Error -14.00, Integral: -2.90, Derivate: 0.00, ControlSignal: -7.00
Setpoint: 5000, Position: 5014
Now: 9762340, Last time: 9662340, deltaT: 100000.00, dt: 0.100000001
Error -14.00, Integral: -4.30, Derivate: 0.00, ControlSignal: -7.00
Setpoint: 5000, Position: 5014
Now: 9862340, Last time: 9762340, deltaT: 100000.00, dt: 0.100000001
Error -14.00, Integral: -5.70, Derivate: 0.00, ControlSignal: -7.01
Setpoint: 5000, Position: 5014
Now: 9962340, Last time: 9862340, deltaT: 100000.00, dt: 0.100000001
Error -14.00, Integral: -7.10, Derivate: 0.00, ControlSignal: -7.01
Setpoint: 5000, Position: 5014
Time: 10[0;31mE (10352) FreeRTOS: FreeRTOS Task "pid_task" should not return, Aborting now![0m

abort() was called at PC 0x400862cb on core 0


Backtrace: 0x4008160a:0x3ffb6510 0x40085a49:0x3ffb6530 0x4008b4a9:0x3ffb6550 0x400862cb:0x3ffb65c0




ELF file SHA256: 29e8a8ef8

Rebooting...
ets Jul 29 2019 12:21:46

rst:0xc (SW_CPU_RESET),boot:0x13 (SPI_FAST_FLASH_BOOT)
configsip: 0, SPIWP:0xee
clk_drv:0x00,q_drv:0x00,d_drv:0x00,cs0_drv:0x00,hd_drv:0x00,wp_drv:0x00
mode:DIO, clock div:2
load:0x3fff0030,len:7172
load:0x40078000,len:15540
load:0x40080400,len:4
ho 8 tail 4 room 4
load:0x40080404,len:3904
entry 0x40080640
[0;32mI (31) boot: ESP-IDF v5.2.1-dirty 2nd stage bootloader[0m
[0;32mI (31) boot: compile time Mar 11 2024 23:08:07[0m
[0;32mI (31) boot: Multicore bootloader[0m
[0;32mI (36) boot: chip revision: v3.0[0m
[0;32mI (40) boot.esp32: SPI Speed      : 40MHz[0m
[0;32mI (44) boot.esp32: SPI Mode       : DIO[0m
[0;32mI (49) boot.esp32: SPI Flash Size : 2MB[0m
[0;32mI (53) boot: Enabling RNG early entropy source...[0m
[0;32mI (59) boot: Partition Table:[0m
[0;32mI (62) boot: ## Label            Usage          Type ST Offset   Length[0m
[0;32mI (70) boot:  0 nvs              WiFi data        01 02 00009000 00006000[0m
[0;32mI (77) boot:  1 phy_init         RF data          01 01 0000f000 00001000[0m
[0;32mI (84) boot:  2 factory          factory app      00 00 00010000 00100000[0m
[0;32mI (92) boot: End of partition table[0m
[0;32mI (96) esp_image: segment 0: paddr=00010020 vaddr=3f400020 size=0a7d4h ( 42964) map[0m
[0;32mI (119) esp_image: segment 1: paddr=0001a7fc vaddr=3ffb0000 size=022bch (  8892) load[0m
[0;32mI (123) esp_image: segment 2: paddr=0001cac0 vaddr=40080000 size=03558h ( 13656) load[0m
[0;32mI (131) esp_image: segment 3: paddr=00020020 vaddr=400d0020 size=15e90h ( 89744) map[0m
[0;32mI (164) esp_image: segment 4: paddr=00035eb8 vaddr=40083558 size=095c0h ( 38336) load[0m
[0;32mI (186) boot: Loaded app from partition at offset 0x10000[0m
[0;32mI (186) boot: Disabling RNG early entropy source...[0m
[0;32mI (198) cpu_start: Multicore app[0m
[0;32mI (206) cpu_start: Pro cpu start user code[0m
[0;32mI (206) cpu_start: cpu freq: 160000000 Hz[0m
[0;32mI (207) cpu_start: Application information:[0m
[0;32mI (209) cpu_start: Project name:     PID_Control_DC-Motor[0m
[0;32mI (216) cpu_start: App version:      1[0m
[0;32mI (220) cpu_start: Compile time:     Mar 11 2024 23:07:36[0m
[0;32mI (226) cpu_start: ELF file SHA256:  29e8a8ef8...[0m
[0;32mI (231) cpu_start: ESP-IDF:          v5.2.1-dirty[0m
[0;32mI (237) cpu_start: Min chip rev:     v0.0[0m
[0;32mI (242) cpu_start: Max chip rev:     v3.99 [0m
[0;32mI (246) cpu_start: Chip rev:         v3.0[0m
[0;32mI (251) heap_init: Initializing. RAM available for dynamic allocation:[0m
[0;32mI (258) heap_init: At 3FFAE6E0 len 00001920 (6 KiB): DRAM[0m
[0;32mI (264) heap_init: At 3FFB2BF0 len 0002D410 (181 KiB): DRAM[0m
[0;32mI (271) heap_init: At 3FFE0440 len 00003AE0 (14 KiB): D/IRAM[0m
[0;32mI (277) heap_init: At 3FFE4350 len 0001BCB0 (111 KiB): D/IRAM[0m
[0;32mI (283) heap_init: At 4008CB18 len 000134E8 (77 KiB): IRAM[0m
[0;32mI (291) spi_flash: detected chip: generic[0m
[0;32mI (294) spi_flash: flash io: dio[0m
[0;33mW (298) spi_flash: Detected size(4096k) larger than the size in the binary image header(2048k). Using the size in the binary image header.[0m
[0;32mI (312) main_task: Started on CPU0[0m
[0;32mI (322) main_task: Calling app_main()[0m
[0;32mI (322) gpio: GPIO[22]| InputEn: 1| OutputEn: 0| OpenDrain: 0| Pullup: 1| Pulldown: 0| Intr:1 [0m
[0;32mI (322) gpio: GPIO[23]| InputEn: 1| OutputEn: 0| OpenDrain: 0| Pullup: 1| Pulldown: 0| Intr:0 [0m
Now: 49750, Last time: 0, deltaT: 49750.00, dt: 0.049750000
Error 5000.00, Integral: 100.00, Derivate: 100502.52, ControlSignal: 255.00
Setpoint: 5000, Position: 0
[0;32mI (352) main_task: Returned from app_main()[0m
Now: 162340, Last time: 49750, deltaT: 112590.00, dt: 0.112590000
Error 4919.00, Integral: 100.00, Derivate: -719.42, ControlSignal: 255.00
Setpoint: 5000, Position: 81
Now: 262340, Last time: 162340, deltaT: 100000.00, dt: 0.100000001
Error 4814.00, Integral: 100.00, Derivate: -1050.00, ControlSignal: 255.00
Setpoint: 5000, Position: 188
Now: 362340, Last time: 262340, deltaT: 100000.00, dt: 0.100000001
Error 4698.00, Integral: 100.00, Derivate: -1160.00, ControlSignal: 255.00
Setpoint: 5000, Position: 303
Now: 462340, Last time: 362340, deltaT: 100000.00, dt: 0.100000001
Error 4577.00, Integral: 100.00, Derivate: -1210.00, ControlSignal: 255.00
Setpoint: 5000, Position: 425
Now: 562340, Last time: 462340, deltaT: 100000.00, dt: 0.100000001
Error 4457.00, Integral: 100.00, Derivate: -1200.00, ControlSignal: 255.00
Setpoint: 5000, Position: 545
Now: 662340, Last time: 562340, deltaT: 100000.00, dt: 0.100000001
Error 4340.00, Integral: 100.00, Derivate: -1170.00, ControlSignal: 255.00
Setpoint: 5000, Position: 662
Now: 762340, Last time: 662340, deltaT: 100000.00, dt: 0.100000001
Error 4219.00, Integral: 100.00, Derivate: -1210.00, ControlSignal: 255.00
Setpoint: 5000, Position: 783
Now: 862340, Last time: 762340, deltaT: 100000.00, dt: 0.100000001
Error 4098.00, Integral: 100.00, Derivate: -1210.00, ControlSignal: 255.00
Setpoint: 5000, Position: 904
Now: 962340, Last time: 862340, deltaT: 100000.00, dt: 0.100000001
Error 3978.00, Integral: 100.00, Derivate: -1200.00, ControlSignal: 255.00
Setpoint: 5000, Position: 1024
Now: 1062340, Last time: 962340, deltaT: 100000.00, dt: 0.100000001
