nfigsip: 0, SPIWP:0xee+
Bï¿½ï¿½Jï¿½ï¿½Ñ¹esp32: SPI Flash Size : 2MB[0m
[0;32mI (53) boot: Enabling RNG earlyets Jul 29 2019 12:21:46

rst:0x1 (POWERON_RESET),boot:0x13 (SPI_FAST_FLASH_BOOT)
configsip: 0, SPIWP:0xee
clk_drv:0x00,q_drv:0x00,d_drv:0x00,cs0_drv:0x00,hd_drv:0x00,wp_drv:0x00
mode:DIO, clock div:2
load:0x3fff0030,len:7172
load:0x40078000,len:15540
load:0x40080400,len:4
ho 8 tail 4 room 4
load:0x40080404,len:3904
entry 0x40080640
[0;32mI (31) boot: ESP-IDF v5.2.1-dirty 2nd stage bootloader[0m
[0;32mI (31) boot: compile time Mar 11 2024 23:08:07[0m
[0;32mI (31) boot: Multicore bootloader[0m
[0;32mI (36) boot: chip revision: v3.0[0m
[0;32mI (40) boot.esp32: SPI Speed      : 40MHz[0m
[0;32mI (44) boot.esp32: SPI Mode       : DIO[0m
[0;32mI (49) boot.esp32: SPI Flash Size : 2MB[0m
[0;32mI (53) boot: Enabling RNG early entropy source...[0m
[0;32mI (59) boot: Partition Table:[0m
[0;32mI (62) boot: ## Label            Usage          Type ST Offset   Length[0m
[0;32mI (70) boot:  0 nvs              WiFi data        01 02 00009000 00006000[0m
[0;32mI (77) boot:  1 phy_init         RF data          01 01 0000f000 00001000[0m
[0;32mI (85) boot:  2 factory          factory app      00 00 00010000 00100000[0m
[0;32mI (92) boot: End of partition table[0m
[0;32mI (96) esp_image: segment 0: paddr=00010020 vaddr=3f400020 size=0a754h ( 42836) map[0m
[0;32mI (119) esp_image: segment 1: paddr=0001a77c vaddr=3ffb0000 size=022ach (  8876) load[0m
[0;32mI (123) esp_image: segment 2: paddr=0001ca30 vaddr=40080000 size=035e8h ( 13800) load[0m
[0;32mI (131) esp_image: segment 3: paddr=00020020 vaddr=400d0020 size=15d30h ( 89392) map[0m
[0;32mI (164) esp_image: segment 4: paddr=00035d58 vaddr=400835e8 size=09520h ( 38176) load[0m
[0;32mI (186) boot: Loaded app from partition at offset 0x10000[0m
[0;32mI (186) boot: Disabling RNG early entropy source...[0m
[0;32mI (197) cpu_start: Multicore app[0m
[0;32mI (206) cpu_start: Pro cpu start user code[0m
[0;32mI (206) cpu_start: cpu freq: 160000000 Hz[0m
[0;32mI (206) cpu_start: Application information:[0m
[0;32mI (209) cpu_start: Project name:     PID_Control_DC-Motor[0m
[0;32mI (215) cpu_start: App version:      1[0m
[0;32mI (220) cpu_start: Compile time:     Mar 11 2024 23:07:36[0m
[0;32mI (226) cpu_start: ELF file SHA256:  a1707356a...[0m
[0;32mI (231) cpu_start: ESP-IDF:          v5.2.1-dirty[0m
[0;32mI (237) cpu_start: Min chip rev:     v0.0[0m
[0;32mI (241) cpu_start: Max chip rev:     v3.99 [0m
[0;32mI (246) cpu_start: Chip rev:         v3.0[0m
[0;32mI (251) heap_init: Initializing. RAM available for dynamic allocation:[0m
[0;32mI (258) heap_init: At 3FFAE6E0 len 00001920 (6 KiB): DRAM[0m
[0;32mI (264) heap_init: At 3FFB2BD8 len 0002D428 (181 KiB): DRAM[0m
[0;32mI (270) heap_init: At 3FFE0440 len 00003AE0 (14 KiB): D/IRAM[0m
[0;32mI (277) heap_init: At 3FFE4350 len 0001BCB0 (111 KiB): D/IRAM[0m
[0;32mI (283) heap_init: At 4008CB08 len 000134F8 (77 KiB): IRAM[0m
[0;32mI (291) spi_flash: detected chip: generic[0m
[0;32mI (294) spi_flash: flash io: dio[0m
[0;33mW (298) spi_flash: Detected size(4096k) larger than the size in the binary image header(2048k). Using the size in the binary image header.[0m
[0;32mI (312) main_task: Started on CPU0[0m
[0;32mI (322) main_task: Calling app_main()[0m
[0;32mI (322) gpio: GPIO[22]| InputEn: 1| OutputEn: 0| OpenDrain: 0| Pullup: 1| Pulldown: 0| Intr:1 [0m
[0;32mI (322) gpio: GPIO[23]| InputEn: 1| OutputEn: 0| OpenDrain: 0| Pullup: 1| Pulldown: 0| Intr:0 [0m
Setpoint: 500.00, Position: 0
[0;32mI (332) main_task: Returned from app_main()[0m
Setpoint: 500.00, Position: 1270
Setpoint: 500.00, Position: 2535
Setpoint: 500.00, Position: 3889
Setpoint: 500.00, Position: 5253
Setpoint: 500.00, Position: 6623
Setpoint: 500.00, Position: 7994
Setpoint: 500.00, Position: 9365
Setpoint: 500.00, Position: 10731
Setpoint: 500.00, Position: 12096
Setpoint: 500.00, Position: 13455
Setpoint: 500.00, Position: 14817
Setpoint: 500.00, Position: 16177
Setpoint: 500.00, Position: 17538
Setpoint: 500.00, Position: 18902
Setpoint: 500.00, Position: 20270
Setpoint: 500.00, Position: 21633
Setpoint: 500.00, Position: 22993
Setpoint: 500.00, Position: 24357
Setpoint: 500.00, Position: 25718
Setpoint: 500.00, Position: 27080
Setpoint: 500.00, Position: 28443
Setpoint: 500.00, Position: 29808
Setpoint: 500.00, Position: 31174
Setpoint: 500.00, Position: 32538
Setpoint: 500.00, Position: 33901
Setpoint: 500.00, Position: 35265
Setpoint: 500.00, Position: 36631
Setpoint: 500.00, Position: 37997
Setpoint: 500.00, Position: 39366
Setpoint: 500.00, Position: 40732
Setpoint: 500.00, Position: 42097
Setpoint: 500.00, Position: 43465
Setpoint: 500.00, Position: 44831
Setpoint: 500.00, Position: 46196
Setpoint: 500.00, Position: 47563
Setpoint: 500.00, Position: 48929
Setpoint: 500.00, Position: 50297
Setpoint: 500.00, Position: 51662
Setpoint: 500.00, Position: 53031
Setpoint: 500.00, Position: 54398
Setpoint: 500.00, Position: 55765
Setpoint: 500.00, Position: 57133
Setpoint: 500.00, Position: 58501
Setpoint: 500.00, Position: 59869
Setpoint: 500.00, Position: 61236
Setpoint: 500.00, Position: 62604
Setpoint: 500.00, Position: 63973
Setpoint: 500.00, Position: 65342
Setpoint: 500.00, Position: 66715
Setpoint: 500.00, Position: 68084
Setpoint: 500.00, Position: 69452
Setpoint: 500.00, Position: 70822
Setpoint: 500.00, Position: 72192
Setpoint: 500.00, Position: 73564
Setpoint: 500.00, Position: 74934
Setpoint: 500.00, Position: 76303
Setpoint: 500.00, Position: 77671
Setpoint: 500.00, Position: 79040
Setpoint: 500.00, Position: 80416
Setpoint: 500.00, Position: 81801
Setpoint: 500.00, Position: 83173
Setpoint: 500.00, Position: 84548
Setpoint: 500.00, Position: 85921
Setpoint: 500.00, Position: 87290
Setpoint: 500.00, Position: 88659
Setpoint: 500.00, Position: 90030
Setpoint: 500.00, Position: 91403
Setpoint: 500.00, Position: 92777
Setpoint: 500.00, Position: 94154
Setpoint: 500.00, Position: 95532
Setpoint: 500.00, Position: 96902
Setpoint: 500.00, Position: 98272
Setpoint: 500.00, Position: 99645
Setpoint: 500.00, Position: 101018
Setpoint: 500.00, Position: 102395
Setpoint: 500.00, Position: 103767
Setpoint: 500.00, Position: 105139
Setpoint: 500.00, Position: 106513
Setpoint: 500.00, Position: 107888
Setpoint: 500.00, Position: 109261
Setpoint: 500.00, Position: 110634
Setpoint: 500.00, Position: 112010
Setpoint: 500.00, Position: 113383
Setpoint: 500.00, Position: 114756
Setpoint: 500.00, Position: 116131
Setpoint: 500.00, Position: 117506
Setpoint: 500.00, Position: 118881
Setpoint: 500.00, Position: 120255
Setpoint: 500.00, Position: 121631
Setpoint: 500.00, Position: 123009
Setpoint: 500.00, Position: 124388
Setpoint: 500.00, Position: 125778
Setpoint: 500.00, Position: 127168
Setpoint: 500.00, Position: 128546
Setpoint: 500.00, Position: 129926
Setpoint: 500.00, Position: 131304
Setpoint: 500.00, Position: 132687
Setpoint: 500.00, Position: 134073
Setpoint: 500.00, Position: 135461
Setpoint: 500.00, Position: 136845
Setpoint: 500.00, Position: 138234
Setpoint: 500.00, Position: 139615
Setpoint: 500.00, Position: 140994
Setpoint: 500.00, Position: 142371
Setpoint: 500.00, Position: 143750
Setpoint: 500.00, Position: 145133
Setpoint: 500.00, Position: 146511
Setpoint: 500.00, Position: 147889
Setpoint: 500.00, Position: 149263
Setpoint: 500.00, Position: 150642
Setpoint: 500.00, Position: 152031
Setpoint: 500.00, Position: 153432
Setpoint: 500.00, Position: 154819
Setpoint: 500.00, Position: 156198
Setpoint: 500.00, Position: 157577
Setpoint: 500.00, Position: 158964
Setpoint: 500.00, Position: 160346
Setpoint: 500.00, Position: 161745
Setpoint: 500.00, Position: 163140
Setpoint: 500.00, Position: 164524
Setpoint: 500.00, Position: 165907
Setpoint: 500.00, Position: 167295
Setpoint: 500.00, Position: 168685
Setpoint: 500.00, Position: 170079
Setpoint: 500.00, Position: 171463
