oot:0x13 (SPI_FAST_FLASï¿½ SPI Mode       : DIO[0m
[0;32mI (49) boot.esp32: SPI Flash Size : 2MB[0m
[0;32mI (53) boot: Enabling RNG early entropy source...[0m
[0;32mI (ï¿½ets Jul 29 2019 12:21:46

rst:0x1 (POWERON_RESET),boot:0x13 (SPI_FAST_FLASH_BOOT)
configsip: 0, SPIWP:0xee
clk_drv:0x00,q_drv:0x00,d_drv:0x00,cs0_drv:0x00,hd_drv:0x00,wp_drv:0x00
mode:DIO, clock div:2
load:0x3fff0030,len:7172
load:0x40078000,len:15540
load:0x40080400,len:4
ho 8 tail 4 room 4
load:0x40080404,len:3904
entry 0x40080640
[0;32mI (31) boot: ESP-IDF v5.2.1-dirty 2nd stage bootloader[0m
[0;32mI (31) boot: compile time Mar 11 2024 23:08:07[0m
[0;32mI (31) boot: Multicore bootloader[0m
[0;32mI (36) boot: chip revision: v3.0[0m
[0;32mI (40) boot.esp32: SPI Speed      : 40MHz[0m
[0;32mI (44) boot.esp32: SPI Mode       : DIO[0m
[0;32mI (49) boot.esp32: SPI Flash Size : 2MB[0m
[0;32mI (53) boot: Enabling RNG early entropy source...[0m
[0;32mI (59) boot: Partition Table:[0m
[0;32mI (62) boot: ## Label            Usage          Type ST Offset   Length[0m
[0;32mI (70) boot:  0 nvs              WiFi data        01 02 00009000 00006000[0m
[0;32mI (77) boot:  1 phy_init         RF data          01 01 0000f000 00001000[0m
[0;32mI (85) boot:  2 factory          factory app      00 00 00010000 00100000[0m
[0;32mI (92) boot: End of partition table[0m
[0;32mI (96) esp_image: segment 0: paddr=00010020 vaddr=3f400020 size=0a754h ( 42836) map[0m
[0;32mI (119) esp_image: segment 1: paddr=0001a77c vaddr=3ffb0000 size=022ach (  8876) load[0m
[0;32mI (123) esp_image: segment 2: paddr=0001ca30 vaddr=40080000 size=035e8h ( 13800) load[0m
[0;32mI (131) esp_image: segment 3: paddr=00020020 vaddr=400d0020 size=15d38h ( 89400) map[0m
[0;32mI (164) esp_image: segment 4: paddr=00035d60 vaddr=400835e8 size=09530h ( 38192) load[0m
[0;32mI (186) boot: Loaded app from partition at offset 0x10000[0m
[0;32mI (186) boot: Disabling RNG early entropy source...[0m
[0;32mI (197) cpu_start: Multicore app[0m
[0;32mI (206) cpu_start: Pro cpu start user code[0m
[0;32mI (206) cpu_start: cpu freq: 160000000 Hz[0m
[0;32mI (206) cpu_start: Application information:[0m
[0;32mI (209) cpu_start: Project name:     PID_Control_DC-Motor[0m
[0;32mI (215) cpu_start: App version:      1[0m
[0;32mI (220) cpu_start: Compile time:     Mar 11 2024 23:07:36[0m
[0;32mI (226) cpu_start: ELF file SHA256:  bc79a5db1...[0m
[0;32mI (231) cpu_start: ESP-IDF:          v5.2.1-dirty[0m
[0;32mI (237) cpu_start: Min chip rev:     v0.0[0m
[0;32mI (241) cpu_start: Max chip rev:     v3.99 [0m
[0;32mI (246) cpu_start: Chip rev:         v3.0[0m
[0;32mI (251) heap_init: Initializing. RAM available for dynamic allocation:[0m
[0;32mI (258) heap_init: At 3FFAE6E0 len 00001920 (6 KiB): DRAM[0m
[0;32mI (264) heap_init: At 3FFB2BD8 len 0002D428 (181 KiB): DRAM[0m
[0;32mI (270) heap_init: At 3FFE0440 len 00003AE0 (14 KiB): D/IRAM[0m
[0;32mI (277) heap_init: At 3FFE4350 len 0001BCB0 (111 KiB): D/IRAM[0m
[0;32mI (283) heap_init: At 4008CB18 len 000134E8 (77 KiB): IRAM[0m
[0;32mI (291) spi_flash: detected chip: generic[0m
[0;32mI (294) spi_flash: flash io: dio[0m
[0;33mW (298) spi_flash: Detected size(4096k) larger than the size in the binary image header(2048k). Using the size in the binary image header.[0m
[0;32mI (312) main_task: Started on CPU0[0m
[0;32mI (322) main_task: Calling app_main()[0m
[0;32mI (322) gpio: GPIO[22]| InputEn: 1| OutputEn: 0| OpenDrain: 0| Pullup: 1| Pulldown: 0| Intr:2 [0m
[0;32mI (322) gpio: GPIO[23]| InputEn: 1| OutputEn: 0| OpenDrain: 0| Pullup: 1| Pulldown: 0| Intr:0 [0m
Setpoint: 500.00, Position: 0
[0;32mI (332) main_task: Returned from app_main()[0m
Setpoint: 500.00, Position: -1324
Setpoint: 500.00, Position: -2726
Setpoint: 500.00, Position: -4122
Setpoint: 500.00, Position: -5520
Setpoint: 500.00, Position: -6936
Setpoint: 500.00, Position: -8385
Setpoint: 500.00, Position: -9802
Setpoint: 500.00, Position: -11225
Setpoint: 500.00, Position: -12672
Setpoint: 500.00, Position: -14130
Setpoint: 500.00, Position: -15592
Setpoint: 500.00, Position: -17035
Setpoint: 500.00, Position: -18446
Setpoint: 500.00, Position: -19855
Setpoint: 500.00, Position: -21254
Setpoint: 500.00, Position: -22673
Setpoint: 500.00, Position: -24083
Setpoint: 500.00, Position: -25514
Setpoint: 500.00, Position: -26951
Setpoint: 500.00, Position: -28414
Setpoint: 500.00, Position: -29875
Setpoint: 500.00, Position: -31326
Setpoint: 500.00, Position: -32746
Setpoint: 500.00, Position: -34196
Setpoint: 500.00, Position: -35631
Setpoint: 500.00, Position: -37084
Setpoint: 500.00, Position: -38556
Setpoint: 500.00, Position: -40035
Setpoint: 500.00, Position: -40959
Setpoint: 500.00, Position: -40959
Setpoint: 500.00, Position: -40959
Setpoint: 500.00, Position: -40959
Setpoint: 500.00, Position: -40959
Setpoint: 500.00, Position: -40959
Setpoint: 500.00, Position: -40961
Setpoint: 500.00, Position: -40961
Setpoint: 500.00, Position: -40963
Setpoint: 500.00, Position: -41531
Setpoint: 500.00, Position: -42966
Setpoint: 500.00, Position: -44418
Setpoint: 500.00, Position: -45866
Setpoint: 500.00, Position: -47325
Setpoint: 500.00, Position: -48839
Setpoint: 500.00, Position: -50281
Setpoint: 500.00, Position: -51685
Setpoint: 500.00, Position: -53096
Setpoint: 500.00, Position: -54520
Setpoint: 500.00, Position: -55980
Setpoint: 500.00, Position: -57446
Setpoint: 500.00, Position: -58878
Setpoint: 500.00, Position: -60310
Setpoint: 500.00, Position: -61753
Setpoint: 500.00, Position: -63219
Setpoint: 500.00, Position: -64681
Setpoint: 500.00, Position: -66116
Setpoint: 500.00, Position: -67588
Setpoint: 500.00, Position: -69065
Setpoint: 500.00, Position: -70498
Setpoint: 500.00, Position: -71975
Setpoint: 500.00, Position: -73428
Setpoint: 500.00, Position: -74893
Setpoint: 500.00, Position: -76323
Setpoint: 500.00, Position: -76952
Setpoint: 500.00, Position: -76952
Setpoint: 500.00, Position: -76952
Setpoint: 500.00, Position: -76952
Setpoint: 500.00, Position: -76952
Setpoint: 500.00, Position: -76952
Setpoint: 500.00, Position: -76952
Setpoint: 500.00, Position: -76952
Setpoint: 500.00, Position: -76952
Setpoint: 500.00, Position: -76952
Setpoint: 500.00, Position: -76952
Setpoint: 500.00, Position: -76952
Setpoint: 500.00, Position: -76952
Setpoint: 500.00, Position: -76952
Setpoint: 500.00, Position: -77281
Setpoint: 500.00, Position: -78704
Setpoint: 500.00, Position: -80190
Setpoint: 500.00, Position: -81643
Setpoint: 500.00, Position: -83111
Setpoint: 500.00, Position: -84533
Setpoint: 500.00, Position: -85952
Setpoint: 500.00, Position: -86973
Setpoint: 500.00, Position: -86973
Setpoint: 500.00, Position: -86973
Setpoint: 500.00, Position: -86973
Setpoint: 500.00, Position: -86973
Setpoint: 500.00, Position: -86973
Setpoint: 500.00, Position: -86973
Setpoint: 500.00, Position: -86973
Setpoint: 500.00, Position: -86973
Setpoint: 500.00, Position: -86973
Setpoint: 500.00, Position: -86973
Setpoint: 500.00, Position: -86973
Setpoint: 500.00, Position: -86973
Setpoint: 500.00, Position: -86973
Setpoint: 500.00, Position: -86973
Setpoint: 500.00, Position: -86973
Setpoint: 500.00, Position: -86973
Setpoint: 500.00, Position: -86973
Setpoint: 500.00, Position: -86973
Setpoint: 500.00, Position: -86973
Setpoint: 500.00, Position: -86973
Setpoint: 500.00, Position: -86973
Setpoint: 500.00, Position: -86973
Setpoint: 500.00, Position: -86973
Setpoint: 500.00, Position: -86973
Setpoint: 500.00, Position: -86973
Setpoint: 500.00, Position: -86973
Setpoint: 500.00, Position: -86973
Setpoint: 500.00, Position: -86973
Setpoint: 500.00, Position: -86973
Setpoint: 500.00, Position: -86973
Setpoint: 500.00, Position: -86973
Setpoint: 500.00, Position: -86973
Setpoint: 500.00, Position: -86973
Setpoint: 500.00, Position: -86973
Setpoint: 500.00, Position: -86973
Setpoint: 500.00, Position: -86973
Setpoint: 500.00, Position: -86973
Setpoint: 500.00, Position: -86973
Setpoint: 500.00, Position: -86973
Setpoint: 500.00, Position: -86973
Setpoint: 500.00, Position: -86973
