:21:46

rst:0x1 (POWERON_RESET),boot:0x13 (SPI_FAST_FLASH_BOOT)
configsip: 0, SPIWP:0xeej%ï¿½(49) boot.esp32: SPI Flash Size : 2MB[0m
[0;32mI (53) boot: Enabling RNG earlï¿½ets Jul 29 2019 12:21:46

rst:0x1 (POWERON_RESET),boot:0x13 (SPI_FAST_FLASH_BOOT)
configsip: 0, SPIWP:0xee
clk_drv:0x00,q_drv:0x00,d_drv:0x00,cs0_drv:0x00,hd_drv:0x00,wp_drv:0x00
mode:DIO, clock div:2
load:0x3fff0030,len:7172
load:0x40078000,len:15540
load:0x40080400,len:4
ho 8 tail 4 room 4
load:0x40080404,len:3904
entry 0x40080640
[0;32mI (31) boot: ESP-IDF v5.2.1-dirty 2nd stage bootloader[0m
[0;32mI (31) boot: compile time Mar 11 2024 23:08:07[0m
[0;32mI (31) boot: Multicore bootloader[0m
[0;32mI (36) boot: chip revision: v3.0[0m
[0;32mI (40) boot.esp32: SPI Speed      : 40MHz[0m
[0;32mI (44) boot.esp32: SPI Mode       : DIO[0m
[0;32mI (49) boot.esp32: SPI Flash Size : 2MB[0m
[0;32mI (53) boot: Enabling RNG early entropy source...[0m
[0;32mI (59) boot: Partition Table:[0m
[0;32mI (62) boot: ## Label            Usage          Type ST Offset   Length[0m
[0;32mI (70) boot:  0 nvs              WiFi data        01 02 00009000 00006000[0m
[0;32mI (77) boot:  1 phy_init         RF data          01 01 0000f000 00001000[0m
[0;32mI (85) boot:  2 factory          factory app      00 00 00010000 00100000[0m
[0;32mI (92) boot: End of partition table[0m
[0;32mI (96) esp_image: segment 0: paddr=00010020 vaddr=3f400020 size=0a7a4h ( 42916) map[0m
[0;32mI (119) esp_image: segment 1: paddr=0001a7cc vaddr=3ffb0000 size=022ach (  8876) load[0m
[0;32mI (123) esp_image: segment 2: paddr=0001ca80 vaddr=40080000 size=03598h ( 13720) load[0m
[0;32mI (131) esp_image: segment 3: paddr=00020020 vaddr=400d0020 size=15e94h ( 89748) map[0m
[0;32mI (164) esp_image: segment 4: paddr=00035ebc vaddr=40083598 size=09580h ( 38272) load[0m
[0;32mI (186) boot: Loaded app from partition at offset 0x10000[0m
[0;32mI (186) boot: Disabling RNG early entropy source...[0m
[0;32mI (198) cpu_start: Multicore app[0m
[0;32mI (206) cpu_start: Pro cpu start user code[0m
[0;32mI (206) cpu_start: cpu freq: 160000000 Hz[0m
[0;32mI (207) cpu_start: Application information:[0m
[0;32mI (210) cpu_start: Project name:     PID_Control_DC-Motor[0m
[0;32mI (216) cpu_start: App version:      1[0m
[0;32mI (220) cpu_start: Compile time:     Mar 11 2024 23:07:36[0m
[0;32mI (226) cpu_start: ELF file SHA256:  cb4f12e23...[0m
[0;32mI (231) cpu_start: ESP-IDF:          v5.2.1-dirty[0m
[0;32mI (237) cpu_start: Min chip rev:     v0.0[0m
[0;32mI (242) cpu_start: Max chip rev:     v3.99 [0m
[0;32mI (246) cpu_start: Chip rev:         v3.0[0m
[0;32mI (251) heap_init: Initializing. RAM available for dynamic allocation:[0m
[0;32mI (259) heap_init: At 3FFAE6E0 len 00001920 (6 KiB): DRAM[0m
[0;32mI (264) heap_init: At 3FFB2BD8 len 0002D428 (181 KiB): DRAM[0m
[0;32mI (271) heap_init: At 3FFE0440 len 00003AE0 (14 KiB): D/IRAM[0m
[0;32mI (277) heap_init: At 3FFE4350 len 0001BCB0 (111 KiB): D/IRAM[0m
[0;32mI (283) heap_init: At 4008CB18 len 000134E8 (77 KiB): IRAM[0m
[0;32mI (291) spi_flash: detected chip: generic[0m
[0;32mI (294) spi_flash: flash io: dio[0m
[0;33mW (298) spi_flash: Detected size(4096k) larger than the size in the binary image header(2048k). Using the size in the binary image header.[0m
[0;32mI (312) main_task: Started on CPU0[0m
[0;32mI (322) main_task: Calling app_main()[0m
[0;32mI (322) gpio: GPIO[22]| InputEn: 1| OutputEn: 0| OpenDrain: 0| Pullup: 1| Pulldown: 0| Intr:1 [0m
[0;32mI (322) gpio: GPIO[23]| InputEn: 1| OutputEn: 0| OpenDrain: 0| Pullup: 1| Pulldown: 0| Intr:0 [0m
dt: 0.00
Error 5000.00, Integral: 5.00, Derivate: 5000000.00, ControlSignal: 255.00
Setpoint: 5000, Position: 0
[0;32mI (342) main_task: Returned from app_main()[0m
dt: 0.00
Error 5000.00, Integral: 10.00, Derivate: 0.00, ControlSignal: 255.00
Setpoint: 5000, Position: 0
dt: 0.00
Error 5000.00, Integral: 15.00, Derivate: 0.00, ControlSignal: 255.00
Setpoint: 5000, Position: 0
dt: 0.00
Error 5000.00, Integral: 20.00, Derivate: 0.00, ControlSignal: 255.00
Setpoint: 5000, Position: 0
dt: 0.00
Error 5000.00, Integral: 25.00, Derivate: 0.00, ControlSignal: 255.00
Setpoint: 5000, Position: 0
dt: 0.00
Error 5000.00, Integral: 30.00, Derivate: 0.00, ControlSignal: 255.00
Setpoint: 5000, Position: 0
dt: 0.00
Error 5000.00, Integral: 35.00, Derivate: 0.00, ControlSignal: 255.00
Setpoint: 5000, Position: 0
dt: 0.00
Error 5000.00, Integral: 40.00, Derivate: 0.00, ControlSignal: 255.00
Setpoint: 5000, Position: 0
dt: 0.00
Error 5000.00, Integral: 45.00, Derivate: 0.00, ControlSignal: 255.00
Setpoint: 5000, Position: 0
dt: 0.00
Error 5000.00, Integral: 50.00, Derivate: 0.00, ControlSignal: 255.00
Setpoint: 5000, Position: 0
dt: 0.00
Error 5000.00, Integral: 55.00, Derivate: 0.00, ControlSignal: 255.00
Setpoint: 5000, Position: 0
dt: 0.00
Error 5000.00, Integral: 60.00, Derivate: 0.00, ControlSignal: 255.00
Setpoint: 5000, Position: 0
dt: 0.00
Error 5000.00, Integral: 65.00, Derivate: 0.00, ControlSignal: 255.00
Setpoint: 5000, Position: 0
dt: 0.00
Error 5000.00, Integral: 70.00, Derivate: 0.00, ControlSignal: 255.00
Setpoint: 5000, Position: 0
dt: 0.00
Error 5000.00, Integral: 75.00, Derivate: 0.00, ControlSignal: 255.00
Setpoint: 5000, Position: 0
dt: 0.00
Error 5000.00, Integral: 80.00, Derivate: 0.00, ControlSignal: 255.00
Setpoint: 5000, Position: 0
dt: 0.00
Error 5000.00, Integral: 85.00, Derivate: 0.00, ControlSignal: 255.00
Setpoint: 5000, Position: 0
dt: 0.00
Error 5000.00, Integral: 90.00, Derivate: 0.00, ControlSignal: 255.00
Setpoint: 5000, Position: 0
dt: 0.00
Error 5000.00, Integral: 95.00, Derivate: 0.00, ControlSignal: 255.00
Setpoint: 5000, Position: 0
dt: 0.00
Error 5000.00, Integral: 100.00, Derivate: 0.00, ControlSignal: 255.00
Setpoint: 5000, Position: 0
dt: 0.00
Error 5000.00, Integral: 100.00, Derivate: 0.00, ControlSignal: 255.00
Setpoint: 5000, Position: 0
dt: 0.00
Error 5000.00, Integral: 100.00, Derivate: 0.00, ControlSignal: 255.00
Setpoint: 5000, Position: 0
dt: 0.00
Error 5000.00, Integral: 100.00, Derivate: 0.00, ControlSignal: 255.00
Setpoint: 5000, Position: 0
dt: 0.00
Error 5000.00, Integral: 100.00, Derivate: 0.00, ControlSignal: 255.00
Setpoint: 5000, Position: 0
dt: 0.00
Error 5016.00, Integral: 100.00, Derivate: 16000.00, ControlSignal: 255.00
Setpoint: 5000, Position: -16
dt: 0.00
Error 5126.00, Integral: 100.00, Derivate: 109999.99, ControlSignal: 255.00
Setpoint: 5000, Position: -127
dt: 0.00
Error 5255.00, Integral: 100.00, Derivate: 128999.99, ControlSignal: 255.00
Setpoint: 5000, Position: -256
dt: 0.00
Error 5387.00, Integral: 100.00, Derivate: 132000.00, ControlSignal: 255.00
Setpoint: 5000, Position: -387
dt: 0.00
Error 5518.00, Integral: 100.00, Derivate: 130999.99, ControlSignal: 255.00
Setpoint: 5000, Position: -518
dt: 0.00
Error 5651.00, Integral: 100.00, Derivate: 133000.00, ControlSignal: 255.00
Setpoint: 5000, Position: -651
dt: 0.00
Error 5782.00, Integral: 100.00, Derivate: 130999.99, ControlSignal: 255.00
Setpoint: 5000, Position: -783
dt: 0.00
Error 5915.00, Integral: 100.00, Derivate: 133000.00, ControlSignal: 255.00
Setpoint: 5000, Position: -915
dt: 0.00
Error 6048.00, Integral: 100.00, Derivate: 133000.00, ControlSignal: 255.00
Setpoint: 5000, Position: -1048
dt: 0.00
Error 6179.00, Integral: 100.00, Derivate: 130999.99, ControlSignal: 255.00
Setpoint: 5000, Position: -1180
dt: 0.00
Error 6312.00, Integral: 100.00, Derivate: 133000.00, ControlSignal: 255.00
Setpoint: 5000, Position: -1312
dt: 0.00
Error 6444.00, Integral: 100.00, Derivate: 132000.00, ControlSignal: 255.00
Setpoint: 5000, Position: -1444
dt: 0.00
Error 6576.00, Integral: 100.00, Derivate: 132000.00, ControlSignal: 255.00
Setpoint: 5000, Position: -1577
dt: 0.00
Error 6707.00, Integral: 100.00, Derivate: 130999.99, ControlSignal: 255.00
Setpoint: 5000, Position: -1708
dt: 0.00
Error 6833.00, Integral: 100.00, Derivate: 125999.99, ControlSignal: 255.00
Setpoint: 5000, Position: -1834
dt: 0.00
Error 6961.00, Integral: 100.00, Derivate: 127999.99, ControlSignal: 255.00
Setpoint: 5000, Position: -1961
dt: 0.00
Error 7092.00, Integral: 100.00, Derivate: 130999.99, ControlSignal: 255.00
Setpoint: 5000, Position: -2092
dt: 0.00
Error 7223.00, Integral: 100.00, Derivate: 130999.99, ControlSignal: 255.00
Setpoint: 5000, Position: -2223
dt: 0.00
Error 7355.00, Integral: 100.00, Derivate: 132000.00, ControlSignal: 255.00
Setpoint: 5000, Position: -2355
dt: 0.00
Error 7488.00, Integral: 100.00, Derivate: 133000.00, ControlSignal: 255.00
Setpoint: 5000, Position: -2488
dt: 0.00
Error 7621.00, Integral: 100.00, Derivate: 133000.00, ControlSignal: 255.00
Setpoint: 5000, Position: -2621
dt: 0.00
Error 7753.00, Integral: 100.00, Derivate: 132000.00, ControlSignal: 255.00
Setpoint: 5000, Position: -2753
dt: 0.00
Error 7886.00, Integral: 100.00, Derivate: 133000.00, ControlSignal: 255.00
Setpoint: 5000, Position: -2886
dt: 0.00
Error 8019.00, Integral: 100.00, Derivate: 133000.00, ControlSignal: 255.00
Setpoint: 5000, Position: -3019
dt: 0.00
Error 8152.00, Integral: 100.00, Derivate: 133000.00, ControlSignal: 255.00
Setpoint: 5000, Position: -3152
dt: 0.00
Error 8285.00, Integral: 100.00, Derivate: 133000.00, ControlSignal: 255.00
Setpoint: 5000, Position: -3285
dt: 0.00
Error 8418.00, Integral: 100.00, Derivate: 133000.00, ControlSignal: 255.00
Setpoint: 5000, Position: -3418
dt: 0.00
Error 8551.00, Integral: 100.00, Derivate: 133000.00, ControlSignal: 255.00
Setpoint: 5000, Position: -3551
dt: 0.00
Error 8682.00, Integral: 100.00, Derivate: 130999.99, ControlSignal: 255.00
Setpoint: 5000, Position: -3682
dt: 0.00
Error 8814.00, Integral: 100.00, Derivate: 132000.00, ControlSignal: 255.00
Setpoint: 5000, Position: -3815
dt: 0.00
Error 8946.00, Integral: 100.00, Derivate: 132000.00, ControlSignal: 255.00
Setpoint: 5000, Position: -3947
dt: 0.00
Error 9079.00, Integral: 100.00, Derivate: 133000.00, ControlSignal: 255.00
Setpoint: 5000, Position: -4079
dt: 0.00
Error 9211.00, Integral: 100.00, Derivate: 132000.00, ControlSignal: 255.00
Setpoint: 5000, Position: -4212
dt: 0.00
Error 9342.00, Integral: 100.00, Derivate: 130999.99, ControlSignal: 255.00
Setpoint: 5000, Position: -4343
dt: 0.00
Error 9476.00, Integral: 100.00, Derivate: 134000.00, ControlSignal: 255.00
Setpoint: 5000, Position: -4476
dt: 0.00
Error 9609.00, Integral: 100.00, Derivate: 133000.00, ControlSignal: 255.00
Setpoint: 5000, Position: -4610
dt: 0.00
Error 9739.00, Integral: 100.00, Derivate: 129999.99, ControlSignal: 255.00
Setpoint: 5000, Position: -4739
dt: 0.00
Error 9870.00, Integral: 100.00, Derivate: 130999.99, ControlSignal: 255.00
Setpoint: 5000, Position: -4871
dt: 0.00
Error 10003.00, Integral: 100.00, Derivate: 133000.00, ControlSignal: 255.00
Setpoint: 5000, Position: -5003
dt: 0.00
Error 10135.00, Integral: 100.00, Derivate: 132000.00, ControlSignal: 255.00
Setpoint: 5000, Position: -5136
dt: 0.00
Error 10269.00, Integral: 100.00, Derivate: 134000.00, ControlSignal: 255.00
Setpoint: 5000, Position: -5269
dt: 0.00
Error 10399.00, Integral: 100.00, Derivate: 129999.99, ControlSignal: 255.00
Setpoint: 5000, Position: -5400
dt: 0.00
Error 10533.00, Integral: 100.00, Derivate: 134000.00, ControlSignal: 255.00
Setpoint: 5000, Position: -5533
dt: 0.00
Error 10665.00, Integral: 100.00, Derivate: 132000.00, ControlSignal: 255.00
Setpoint: 5000, Position: -5666
dt: 0.00
Error 10798.00, Integral: 100.00, Derivate: 133000.00, ControlSignal: 255.00
Setpoint: 5000, Position: -5798
dt: 0.00
Error 10929.00, Integral: 100.00, Derivate: 130999.99, ControlSignal: 255.00
Setpoint: 5000, Position: -5930
dt: 0.00
Error 11062.00, Integral: 100.00, Derivate: 133000.00, ControlSignal: 255.00
Setpoint: 5000, Position: -6062
dt: 0.00
Error 11195.00, Integral: 100.00, Derivate: 133000.00, ControlSignal: 255.00
Setpoint: 5000, Position: -6196
dt: 0.00
Error 11328.00, Integral: 100.00, Derivate: 133000.00, ControlSignal: 255.00
Setpoint: 5000, Position: -6328
dt: 0.00
Error 11460.00, Integral: 100.00, Derivate: 132000.00, ControlSignal: 255.00
Setpoint: 5000, Position: -6461
dt: 0.00
Error 11594.00, Integral: 100.00, Derivate: 134000.00, ControlSignal: 255.00
Setpoint: 5000, Position: -6594
dt: 0.00
Error 11728.00, Integral: 100.00, Derivate: 134000.00, ControlSignal: 255.00
Setpoint: 5000, Position: -6728
dt: 0.00
Error 11860.00, Integral: 100.00, Derivate: 132000.00, ControlSignal: 255.00
Setpoint: 5000, Position: -6861
dt: 0.00
Error 11994.00, Integral: 100.00, Derivate: 134000.00, ControlSignal: 255.00
Setpoint: 5000, Position: -6994
dt: 0.00
Error 12127.00, Integral: 100.00, Derivate: 133000.00, ControlSignal: 255.00
Setpoint: 5000, Position: -7128
dt: 0.00
Error 12261.00, Integral: 100.00, Derivate: 134000.00, ControlSignal: 255.00
Setpoint: 5000, Position: -7262
dt: 0.00
Error 12394.00, Integral: 100.00, Derivate: 133000.00, ControlSignal: 255.00
Setpoint: 5000, Position: -7394
dt: 0.00
Error 12526.00, Integral: 100.00, Derivate: 132000.00, ControlSignal: 255.00
Setpoint: 5000, Position: -7527
dt: 0.00
Error 12660.00, Integral: 100.00, Derivate: 134000.00, ControlSignal: 255.00
Setpoint: 5000, Position: -7661
dt: 0.00
Error 12794.00, Integral: 100.00, Derivate: 134000.00, ControlSignal: 255.00
Setpoint: 5000, Position: -7794
dt: 0.00
Error 12926.00, Integral: 100.00, Derivate: 132000.00, ControlSignal: 255.00
Setpoint: 5000, Position: -7927
dt: 0.00
Error 13060.00, Integral: 100.00, Derivate: 134000.00, ControlSignal: 255.00
Setpoint: 5000, Position: -8060
dt: 0.00
Error 13194.00, Integral: 100.00, Derivate: 134000.00, ControlSignal: 255.00
Setpoint: 5000, Position: -8194
dt: 0.00
Error 13325.00, Integral: 100.00, Derivate: 130999.99, ControlSignal: 255.00
Setpoint: 5000, Position: -8326
dt: 0.00
Error 13459.00, Integral: 100.00, Derivate: 134000.00, ControlSignal: 255.00
Setpoint: 5000, Position: -8460
dt: 0.00
Error 13593.00, Integral: 100.00, Derivate: 134000.00, ControlSignal: 255.00
Setpoint: 5000, Position: -8593
dt: 0.00
Error 13727.00, Integral: 100.00, Derivate: 134000.00, ControlSignal: 255.00
Setpoint: 5000, Position: -8727
dt: 0.00
Error 13859.00, Integral: 100.00, Derivate: 132000.00, ControlSignal: 255.00
Setpoint: 5000, Position: -8860
dt: 0.00
Error 13993.00, Integral: 100.00, Derivate: 134000.00, ControlSignal: 255.00
Setpoint: 5000, Position: -8993
dt: 0.00
Error 14127.00, Integral: 100.00, Derivate: 134000.00, ControlSignal: 255.00
Setpoint: 5000, Position: -9127
dt: 0.00
Error 14261.00, Integral: 100.00, Derivate: 134000.00, ControlSignal: 255.00
Setpoint: 5000, Position: -9261
dt: 0.00
Error 14392.00, Integral: 100.00, Derivate: 130999.99, ControlSignal: 255.00
Setpoint: 5000, Position: -9393
dt: 0.00
Error 14526.00, Integral: 100.00, Derivate: 134000.00, ControlSignal: 255.00
Setpoint: 5000, Position: -9527
dt: 0.00
Error 14660.00, Integral: 100.00, Derivate: 134000.00, ControlSignal: 255.00
Setpoint: 5000, Position: -9661
dt: 0.00
Error 14794.00, Integral: 100.00, Derivate: 134000.00, ControlSignal: 255.00
Setpoint: 5000, Position: -9794
dt: 0.00
Error 14928.00, Integral: 100.00, Derivate: 134000.00, ControlSignal: 255.00
Setpoint: 5000, Position: -9928
dt: 0.00
Error 15061.00, Integral: 100.00, Derivate: 133000.00, ControlSignal: 255.00
Setpoint: 5000, Position: -10062
dt: 0.00
Error 15195.00, Integral: 100.00, Derivate: 134000.00, ControlSignal: 255.00
Setpoint: 5000, Position: -10196
dt: 0.00
Error 15328.00, Integral: 100.00, Derivate: 133000.00, ControlSignal: 255.00
Setpoint: 5000, Position: -10329
dt: 0.00
Error 15462.00, Integral: 100.00, Derivate: 134000.00, ControlSignal: 255.00
Setpoint: 5000, Position: -10462
dt: 0.00
Error 15595.00, Integral: 100.00, Derivate: 133000.00, ControlSignal: 255.00
Setpoint: 5000, Position: -10595
dt: 0.00
Error 15729.00, Integral: 100.00, Derivate: 134000.00, ControlSignal: 255.00
Setpoint: 5000, Position: -10729
dt: 0.00
Error 15861.00, Integral: 100.00, Derivate: 132000.00, ControlSignal: 255.00
Setpoint: 5000, Position: -10862
dt: 0.00
Error 15993.00, Integral: 100.00, Derivate: 132000.00, ControlSignal: 255.00
Setpoint: 5000, Position: -10994
dt: 0.00
Error 16127.00, Integral: 100.00, Derivate: 134000.00, ControlSignal: 255.00
Setpoint: 5000, Position: -11128
dt: 0.00
Error 16261.00, Integral: 100.00, Derivate: 134000.00, ControlSignal: 255.00
Setpoint: 5000, Position: -11262
dt: 0.00
Error 16395.00, Integral: 100.00, Derivate: 134000.00, ControlSignal: 255.00
Setpoint: 5000, Position: -11395
dt: 0.00
Error 16529.00, Integral: 100.00, Derivate: 134000.00, ControlSignal: 255.00
Setpoint: 5000, Position: -11529
dt: 0.00
Error 16662.00, Integral: 100.00, Derivate: 133000.00, ControlSignal: 255.00
Setpoint: 5000, Position: -11662
dt: 0.00
Error 16795.00, Integral: 100.00, Derivate: 133000.00, ControlSignal: 255.00
Setpoint: 5000, Position: -11796
dt: 0.00
Error 16929.00, Integral: 100.00, Derivate: 134000.00, ControlSignal: 255.00
Setpoint: 5000, Position: -11930
dt: 0.00
Error 17063.00, Integral: 100.00, Derivate: 134000.00, ControlSignal: 255.00
Setpoint: 5000, Position: -12064
dt: 0.00
Error 17197.00, Integral: 100.00, Derivate: 134000.00, ControlSignal: 255.00
Setpoint: 5000, Position: -12198
dt: 0.00
Error 17331.00, Integral: 100.00, Derivate: 134000.00, ControlSignal: 255.00
Setpoint: 5000, Position: -12332
dt: 0.00
Error 17465.00, Integral: 100.00, Derivate: 134000.00, ControlSignal: 255.00
Setpoint: 5000, Position: -12465
dt: 0.00
Error 17599.00, Integral: 100.00, Derivate: 134000.00, ControlSignal: 255.00
Setpoint: 5000, Position: -12599
dt: 0.00
Error 17733.00, Integral: 100.00, Derivate: 134000.00, ControlSignal: 255.00
Setpoint: 5000, Position: -12733
dt: 0.00
Error 17867.00, Integral: 100.00, Derivate: 134000.00, ControlSignal: 255.00
Setpoint: 5000, Position: -12867
dt: 0.00
Error 18001.00, Integral: 100.00, Derivate: 134000.00, ControlSignal: 255.00
Setpoint: 5000, Position: -13001
dt: 0.00
Error 18135.00, Integral: 100.00, Derivate: 134000.00, ControlSignal: 255.00
Setpoint: 5000, Position: -13135
dt: 0.00
Error 18268.00, Integral: 100.00, Derivate: 133000.00, ControlSignal: 255.00
Setpoint: 5000, Position: -13269
dt: 0.00
Error 18402.00, Integral: 100.00, Derivate: 134000.00, ControlSignal: 255.00
Setpoint: 5000, Position: -13403
dt: 0.00
Error 18536.00, Integral: 100.00, Derivate: 134000.00, ControlSignal: 255.00
Setpoint: 5000, Position: -13537
dt: 0.00
Error 18670.00, Integral: 100.00, Derivate: 134000.00, ControlSignal: 255.00
Setpoint: 5000, Position: -13671
dt: 0.00
Error 18803.00, Integral: 100.00, Derivate: 133000.00, ControlSignal: 255.00
Setpoint: 5000, Position: -13804
dt: 0.00
Error 18937.00, Integral: 100.00, Derivate: 134000.00, ControlSignal: 255.00
Setpoint: 5000, Position: -13938
dt: 0.00
Error 19069.00, Integral: 100.00, Derivate: 132000.00, ControlSignal: 255.00
Setpoint: 5000, Position: -14070
dt: 0.00
Error 19203.00, Integral: 100.00, Derivate: 134000.00, ControlSignal: 255.00
Setpoint: 5000, Position: -14204
dt: 0.00
Error 19337.00, Integral: 100.00, Derivate: 134000.00, ControlSignal: 255.00
Setpoint: 5000, Position: -14338
dt: 0.00
Error 19471.00, Integral: 100.00, Derivate: 134000.00, ControlSignal: 255.00
Setpoint: 5000, Position: -14472
dt: 0.00
Error 19605.00, Integral: 100.00, Derivate: 134000.00, ControlSignal: 255.00
Setpoint: 5000, Position: -14606
dt: 0.00
Error 19739.00, Integral: 100.00, Derivate: 134000.00, ControlSignal: 255.00
Setpoint: 5000, Position: -14740
dt: 0.00
Error 19873.00, Integral: 100.00, Derivate: 134000.00, ControlSignal: 255.00
Setpoint: 5000, Position: -14874
dt: 0.00
Error 20007.00, Integral: 100.00, Derivate: 134000.00, ControlSignal: 255.00
Setpoint: 5000, Position: -15008
dt: 0.00
Error 20142.00, Integral: 100.00, Derivate: 135000.00, ControlSignal: 255.00
Setpoint: 5000, Position: -15142
dt: 0.00
Error 20275.00, Integral: 100.00, Derivate: 133000.00, ControlSignal: 255.00
Setpoint: 5000, Position: -15275
dt: 0.00
Error 20409.00, Integral: 100.00, Derivate: 134000.00, ControlSignal: 255.00
Setpoint: 5000, Position: -15409
dt: 0.00
Error 20543.00, Integral: 100.00, Derivate: 134000.00, ControlSignal: 255.00
Setpoint: 5000, Position: -15543
dt: 0.00
Error 20677.00, Integral: 100.00, Derivate: 134000.00, ControlSignal: 255.00
Setpoint: 5000, Position: -15677
dt: 0.00
Error 20811.00, Integral: 100.00, Derivate: 134000.00, ControlSignal: 255.00
Setpoint: 5000, Position: -15811
dt: 0.00
Error 20945.00, Integral: 100.00, Derivate: 134000.00, ControlSignal: 255.00
Setpoint: 5000, Position: -15946
dt: 0.00
Error 21078.00, Integral: 100.00, Derivate: 133000.00, ControlSignal: 255.00
Setpoint: 5000, Position: -16079
dt: 0.00
Error 21212.00, Integral: 100.00, Derivate: 134000.00, ControlSignal: 255.00
Setpoint: 5000, Position: -16213
dt: 0.00
Error 21346.00, Integral: 100.00, Derivate: 134000.00, ControlSignal: 255.00
Setpoint: 5000, Position: -16346
dt: 0.00
Error 21480.00, Integral: 100.00, Derivate: 134000.00, ControlSignal: 255.00
Setpoint: 5000, Position: -16480
dt: 0.00
Error 21614.00, Integral: 100.00, Derivate: 134000.00, ControlSignal: 255.00
Setpoint: 5000, Position: -16614
dt: 0.00
Error 21747.00, Integral: 100.00, Derivate: 133000.00, ControlSignal: 255.00
Setpoint: 5000, Position: -16747
dt: 0.00
Error 21881.00, Integral: 100.00, Derivate: 134000.00, ControlSignal: 255.00
Setpoint: 5000, Position: -16882
dt: 0.00
Error 22015.00, Integral: 100.00, Derivate: 134000.00, ControlSignal: 255.00
Setpoint: 5000, Position: -17016
dt: 0.00
Error 22149.00, Integral: 100.00, Derivate: 134000.00, ControlSignal: 255.00
Setpoint: 5000, Position: -17150
dt: 0.00
Error 22284.00, Integral: 100.00, Derivate: 135000.00, ControlSignal: 255.00
Setpoint: 5000, Position: -17284
dt: 0.00
Error 22417.00, Integral: 100.00, Derivate: 133000.00, ControlSignal: 255.00
Setpoint: 5000, Position: -17417
dt: 0.00
Error 22551.00, Integral: 100.00, Derivate: 134000.00, ControlSignal: 255.00
Setpoint: 5000, Position: -17551
dt: 0.00
Error 22685.00, Integral: 100.00, Derivate: 134000.00, ControlSignal: 255.00
Setpoint: 5000, Position: -17685
dt: 0.00
Error 22819.00, Integral: 100.00, Derivate: 134000.00, ControlSignal: 255.00
Setpoint: 5000, Position: -17819
dt: 0.00
Error 22953.00, Integral: 100.00, Derivate: 134000.00, ControlSignal: 255.00
Setpoint: 5000, Position: -17953
dt: 0.00
Error 23086.00, Integral: 100.00, Derivate: 133000.00, ControlSignal: 255.00
Setpoint: 5000, Position: -18087
dt: 0.00
Error 23220.00, Integral: 100.00, Derivate: 134000.00, ControlSignal: 255.00
Setpoint: 5000, Position: -18220
dt: 0.00
Error 23354.00, Integral: 100.00, Derivate: 134000.00, ControlSignal: 255.00
Setpoint: 5000, Position: -18354
dt: 0.00
Error 23486.00, Integral: 100.00, Derivate: 132000.00, ControlSignal: 255.00
Setpoint: 5000, Position: -18487
dt: 0.00
Error 23611.00, Integral: 100.00, Derivate: 124999.99, ControlSignal: 255.00
Setpoint: 5000, Position: -18611
dt: 0.00
Error 23701.00, Integral: 100.00, Derivate: 89999.99, ControlSignal: 255.00
Setpoint: 5000, Position: -18701
dt: 0.00
Error 23762.00, Integral: 100.00, Derivate: 61000.00, ControlSignal: 255.00
Setpoint: 5000, Position: -18762
dt: 0.00
Error 23797.00, Integral: 100.00, Derivate: 35000.00, ControlSignal: 255.00
Setpoint: 5000, Position: -18797
dt: 0.00
Error 23809.00, Integral: 100.00, Derivate: 12000.00, ControlSignal: 255.00
Setpoint: 5000, Position: -18809
dt: 0.00
Error 23809.00, Integral: 100.00, Derivate: 0.00, ControlSignal: 255.00
Setpoint: 5000, Position: -18809
dt: 0.00
Error 23809.00, Integral: 100.00, Derivate: 0.00, ControlSignal: 255.00
Setpoint: 5000, Position: -18809
dt: 0.00
Error 23809.00, Integral: 100.00, Derivate: 0.00, ControlSignal: 255.00
Setpoint: 5000, Position: -18809
dt: 0.00
Error 23809.00, Integral: 100.00, Derivate: 0.00, ControlSignal: 255.00
Setpoint: 5000, Position: -18809
dt: 0.00
Error 23809.00, Integral: 100.00, Derivate: 0.00, ControlSignal: 255.00
Setpoint: 5000, Position: -18809
dt: 0.00
Error 23809.00, Integral: 100.00, Derivate: 0.00, ControlSignal: 255.00
Setpoint: 5000, Position: -18809
dt: 0.00
Error 23809.00, Integral: 100.00, Derivate: 0.00, ControlSignal: 255.00
Setpoint: 5000, Position: -18809
dt: 0.00
Error 23809.00, Integral: 100.00, Derivate: 0.00, ControlSignal: 255.00
Setpoint: 5000, Position: -18809
dt: 0.00
Error 23809.00, Integral: 100.00, Derivate: 0.00, ControlSignal: 255.00
Setpoint: 5000, Position: -18809
dt: 0.00
Error 23809.00, Integral: 100.00, Derivate: 0.00, ControlSignal: 255.00
Setpoint: 5000, Position: -18809
dt: 0.00
Error 23809.00, Integral: 100.00, Derivate: 0.00, ControlSignal: 255.00
Setpoint: 5000, Position: -18809
dt: 0.00
Error 23809.00, Integral: 100.00, Derivate: 0.00, ControlSignal: 255.00
Setpoint: 5000, Position: -18809
dt: 0.00
Error 23809.00, Integral: 100.00, Derivate: 0.00, ControlSignal: 255.00
Setpoint: 5000, Position: -18809
dt: 0.00
Error 23809.00, Integral: 100.00, Derivate: 0.00, ControlSignal: 255.00
Setpoint: 5000, Position: -18809
dt: 0.00
Error 23809.00, Integral: 100.00, Derivate: 0.00, ControlSignal: 255.00
Setpoint: 5000, Position: -18809
dt: 0.00
Error 23809.00, Integral: 100.00, Derivate: 0.00, ControlSignal: 255.00
Setpoint: 5000, Position: -18809
dt: 0.00
Error 23809.00, Integral: 100.00, Derivate: 0.00, ControlSignal: 255.00
Setpoint: 5000, Position: -18809
dt: 0.00
Error 23809.00, Integral: 100.00, Derivate: 0.00, ControlSignal: 255.00
Setpoint: 5000, Position: -18809
dt: 0.00
Error 23809.00, Integral: 100.00, Derivate: 0.00, ControlSignal: 255.00
Setpoint: 5000, Position: -18809
dt: 0.00
Error 23809.00, Integral: 100.00, Derivate: 0.00, ControlSignal: 255.00
Setpoint: 5000, Position: -18809
dt: 0.00
Error 23809.00, Integral: 100.00, Derivate: 0.00, ControlSignal: 255.00
Setpoint: 5000, Position: -18809
dt: 0.00
Error 23809.00, Integral: 100.00, Derivate: 0.00, ControlSignal: 255.00
Setpoint: 5000, Position: -18809
dt: 0.00
Error 23809.00, Integral: 100.00, Derivate: 0.00, ControlSignal: 255.00
Setpoint: 5000, Position: -18809
dt: 0.00
Error 23809.00, Integral: 100.00, Derivate: 0.00, ControlSignal: 255.00
Setpoint: 5000, Position: -18809
dt: 0.00
Error 23809.00, Integral: 100.00, Derivate: 0.00, ControlSignal: 255.00
Setpoint: 5000, Position: -18809
dt: 0.00
Error 23809.00, Integral: 100.00, Derivate: 0.00, ControlSignal: 255.00
Setpoint: 5000, Position: -18809
dt: 0.00
Error 23809.00, Integral: 100.00, Derivate: 0.00, ControlSignal: 255.00
Setpoint: 5000, Position: -18809
dt: 0.00
Error 23809.00, Integral: 100.00, Derivate: 0.00, ControlSignal: 255.00
Setpoint: 5000, Position: -18809
dt: 0.00
Error 23809.00, Integral: 100.00, Derivate: 0.00, ControlSignal: 255.00
Setpoint: 5000, Position: -18809
dt: 0.00
Error 23809.00, Integral: 100.00, Derivate: 0.00, ControlSignal: 255.00
Setpoint: 5000, Position: -18809
dt: 0.00
Error 23809.00, Integral: 100.00, Derivate: 0.00, ControlSignal: 255.00
Setpoint: 5000, Position: -18809
dt: 0.00
Error 23809.00, Integral: 100.00, Derivate: 0.00, ControlSignal: 255.00
Setpoint: 5000, Position: -18809
dt: 0.00
Error 23809.00, Integral: 100.00, Derivate: 0.00, ControlSignal: 255.00
Setpoint: 5000, Position: -18809
dt: 0.00
Error 23809.00, Integral: 100.00, Derivate: 0.00, ControlSignal: 255.00
Setpoint: 5000, Position: -18809
dt: 0.00
Error 23809.00, Integral: 100.00, Derivate: 0.00, ControlSignal: 255.00
Setpoint: 5000, Position: -18809
dt: 0.00
Error 23809.00, Integral: 100.00, Derivate: 0.00, ControlSignal: 255.00
Setpoint: 5000, Position: -18809
dt: 0.00
Error 23809.00, Integral: 100.00, Derivate: 0.00, ControlSignal: 255.00
Setpoint: 5000, Position: -18809
dt: 0.00
Error 23809.00, Integral: 100.00, Derivate: 0.00, ControlSignal: 255.00
Setpoint: 5000, Position: -18809
