SPIWP:0xeemI (49) boot.esp32: SPI Flash Size : 2MB[0m
[0;32mI (53) boot: Enabling RNG earlï¿½ets Jul 29 2019 12:21:46

rst:0x1 (POWERON_RESET),boot:0x13 (SPI_FAST_FLASH_BOOT)
configsip: 0, SPIWP:0xee
clk_drv:0x00,q_drv:0x00,d_drv:0x00,cs0_drv:0x00,hd_drv:0x00,wp_drv:0x00
mode:DIO, clock div:2
load:0x3fff0030,len:7172
load:0x40078000,len:15540
load:0x40080400,len:4
ho 8 tail 4 room 4
load:0x40080404,len:3904
entry 0x40080640
[0;32mI (31) boot: ESP-IDF v5.2.1-dirty 2nd stage bootloader[0m
[0;32mI (31) boot: compile time Mar 11 2024 23:08:07[0m
[0;32mI (31) boot: Multicore bootloader[0m
[0;32mI (36) boot: chip revision: v3.0[0m
[0;32mI (40) boot.esp32: SPI Speed      : 40MHz[0m
[0;32mI (44) boot.esp32: SPI Mode       : DIO[0m
[0;32mI (49) boot.esp32: SPI Flash Size : 2MB[0m
[0;32mI (53) boot: Enabling RNG early entropy source...[0m
[0;32mI (59) boot: Partition Table:[0m
[0;32mI (62) boot: ## Label            Usage          Type ST Offset   Length[0m
[0;32mI (70) boot:  0 nvs              WiFi data        01 02 00009000 00006000[0m
[0;32mI (77) boot:  1 phy_init         RF data          01 01 0000f000 00001000[0m
[0;32mI (85) boot:  2 factory          factory app      00 00 00010000 00100000[0m
[0;32mI (92) boot: End of partition table[0m
[0;32mI (96) esp_image: segment 0: paddr=00010020 vaddr=3f400020 size=0a7b4h ( 42932) map[0m
[0;32mI (119) esp_image: segment 1: paddr=0001a7dc vaddr=3ffb0000 size=022ach (  8876) load[0m
[0;32mI (123) esp_image: segment 2: paddr=0001ca90 vaddr=40080000 size=03588h ( 13704) load[0m
[0;32mI (131) esp_image: segment 3: paddr=00020020 vaddr=400d0020 size=15e98h ( 89752) map[0m
[0;32mI (164) esp_image: segment 4: paddr=00035ec0 vaddr=40083588 size=09590h ( 38288) load[0m
[0;32mI (186) boot: Loaded app from partition at offset 0x10000[0m
[0;32mI (186) boot: Disabling RNG early entropy source...[0m
[0;32mI (198) cpu_start: Multicore app[0m
[0;32mI (206) cpu_start: Pro cpu start user code[0m
[0;32mI (206) cpu_start: cpu freq: 160000000 Hz[0m
[0;32mI (207) cpu_start: Application information:[0m
[0;32mI (209) cpu_start: Project name:     PID_Control_DC-Motor[0m
[0;32mI (216) cpu_start: App version:      1[0m
[0;32mI (220) cpu_start: Compile time:     Mar 11 2024 23:07:36[0m
[0;32mI (226) cpu_start: ELF file SHA256:  dd322adbe...[0m
[0;32mI (231) cpu_start: ESP-IDF:          v5.2.1-dirty[0m
[0;32mI (237) cpu_start: Min chip rev:     v0.0[0m
[0;32mI (242) cpu_start: Max chip rev:     v3.99 [0m
[0;32mI (246) cpu_start: Chip rev:         v3.0[0m
[0;32mI (251) heap_init: Initializing. RAM available for dynamic allocation:[0m
[0;32mI (258) heap_init: At 3FFAE6E0 len 00001920 (6 KiB): DRAM[0m
[0;32mI (264) heap_init: At 3FFB2BD8 len 0002D428 (181 KiB): DRAM[0m
[0;32mI (271) heap_init: At 3FFE0440 len 00003AE0 (14 KiB): D/IRAM[0m
[0;32mI (277) heap_init: At 3FFE4350 len 0001BCB0 (111 KiB): D/IRAM[0m
[0;32mI (283) heap_init: At 4008CB18 len 000134E8 (77 KiB): IRAM[0m
[0;32mI (291) spi_flash: detected chip: generic[0m
[0;32mI (294) spi_flash: flash io: dio[0m
[0;33mW (298) spi_flash: Detected size(4096k) larger than the size in the binary image header(2048k). Using the size in the binary image header.[0m
[0;32mI (312) main_task: Started on CPU0[0m
[0;32mI (322) main_task: Calling app_main()[0m
[0;32mI (322) gpio: GPIO[22]| InputEn: 1| OutputEn: 0| OpenDrain: 0| Pullup: 1| Pulldown: 0| Intr:1 [0m
[0;32mI (322) gpio: GPIO[23]| InputEn: 1| OutputEn: 0| OpenDrain: 0| Pullup: 1| Pulldown: 0| Intr:0 [0m
Now: 49755, Last time: 0, dt: 0.000000000
Error 5000.00, Integral: 5.00, Derivate: 5000000.00, ControlSignal: 255.00
Setpoint: 5000, Position: 0
[0;32mI (342) main_task: Returned from app_main()[0m
Now: 152319, Last time: 49755, dt: 0.000000000
Error 4932.00, Integral: 9.93, Derivate: -68000.00, ControlSignal: 255.00
Setpoint: 5000, Position: 69
Now: 252318, Last time: 152319, dt: 0.000000000
Error 4807.00, Integral: 14.74, Derivate: -124999.99, ControlSignal: 255.00
Setpoint: 5000, Position: 193
Now: 352319, Last time: 252318, dt: 0.000000000
Error 4677.00, Integral: 19.42, Derivate: -129999.99, ControlSignal: 255.00
Setpoint: 5000, Position: 324
Now: 452319, Last time: 352319, dt: 0.000000000
Error 4545.00, Integral: 23.96, Derivate: -132000.00, ControlSignal: 255.00
Setpoint: 5000, Position: 456
Now: 552319, Last time: 452319, dt: 0.000000000
Error 4413.00, Integral: 28.37, Derivate: -132000.00, ControlSignal: 255.00
Setpoint: 5000, Position: 588
Now: 652319, Last time: 552319, dt: 0.000000000
Error 4281.00, Integral: 32.65, Derivate: -132000.00, ControlSignal: 255.00
Setpoint: 5000, Position: 719
Now: 752319, Last time: 652319, dt: 0.000000000
Error 4149.00, Integral: 36.80, Derivate: -132000.00, ControlSignal: 255.00
Setpoint: 5000, Position: 852
Now: 852319, Last time: 752319, dt: 0.000000000
Error 4017.00, Integral: 40.82, Derivate: -132000.00, ControlSignal: 255.00
Setpoint: 5000, Position: 984
Now: 952319, Last time: 852319, dt: 0.000000000
Error 3886.00, Integral: 44.71, Derivate: -130999.99, ControlSignal: 255.00
Setpoint: 5000, Position: 1115
Now: 1052319, Last time: 952319, dt: 0.000000000
Error 3755.00, Integral: 48.46, Derivate: -130999.99, ControlSignal: 255.00
Setpoint: 5000, Position: 1246
Now: 1152319, Last time: 1052319, dt: 0.000000000
Error 3623.00, Integral: 52.09, Derivate: -132000.00, ControlSignal: 255.00
Setpoint: 5000, Position: 1378
Now: 1252319, Last time: 1152319, dt: 0.000000000
Error 3491.00, Integral: 55.58, Derivate: -132000.00, ControlSignal: 255.00
Setpoint: 5000, Position: 1509
Now: 1352319, Last time: 1252319, dt: 0.000000000
Error 3359.00, Integral: 58.94, Derivate: -132000.00, ControlSignal: 255.00
Setpoint: 5000, Position: 1641
Now: 1452319, Last time: 1352319, dt: 0.000000000
Error 3227.00, Integral: 62.16, Derivate: -132000.00, ControlSignal: 255.00
Setpoint: 5000, Position: 1774
Now: 1552319, Last time: 1452319, dt: 0.000000000
Error 3095.00, Integral: 65.26, Derivate: -132000.00, ControlSignal: 255.00
Setpoint: 5000, Position: 1906
Now: 1652319, Last time: 1552319, dt: 0.000000000
Error 2962.00, Integral: 68.22, Derivate: -133000.00, ControlSignal: 255.00
Setpoint: 5000, Position: 2038
Now: 1752319, Last time: 1652319, dt: 0.000000000
Error 2830.00, Integral: 71.05, Derivate: -132000.00, ControlSignal: 255.00
Setpoint: 5000, Position: 2171
Now: 1852319, Last time: 1752319, dt: 0.000000000
Error 2698.00, Integral: 73.75, Derivate: -132000.00, ControlSignal: 255.00
Setpoint: 5000, Position: 2303
Now: 1952319, Last time: 1852319, dt: 0.000000000
Error 2565.00, Integral: 76.31, Derivate: -133000.00, ControlSignal: 255.00
Setpoint: 5000, Position: 2436
Now: 2052319, Last time: 1952319, dt: 0.000000000
Error 2433.00, Integral: 78.75, Derivate: -132000.00, ControlSignal: 255.00
Setpoint: 5000, Position: 2568
Now: 2152319, Last time: 2052319, dt: 0.000000000
Error 2300.00, Integral: 81.05, Derivate: -133000.00, ControlSignal: 255.00
Setpoint: 5000, Position: 2700
Now: 2252319, Last time: 2152319, dt: 0.000000000
Error 2169.00, Integral: 83.21, Derivate: -130999.99, ControlSignal: 255.00
Setpoint: 5000, Position: 2832
Now: 2352319, Last time: 2252319, dt: 0.000000000
Error 2037.00, Integral: 85.25, Derivate: -132000.00, ControlSignal: 255.00
Setpoint: 5000, Position: 2963
Now: 2452319, Last time: 2352319, dt: 0.000000000
Error 1905.00, Integral: 87.16, Derivate: -132000.00, ControlSignal: 255.00
Setpoint: 5000, Position: 3096
Now: 2552319, Last time: 2452319, dt: 0.000000000
Error 1772.00, Integral: 88.93, Derivate: -133000.00, ControlSignal: 255.00
Setpoint: 5000, Position: 3228
Now: 2652319, Last time: 2552319, dt: 0.000000000
Error 1640.00, Integral: 90.57, Derivate: -132000.00, ControlSignal: 255.00
Setpoint: 5000, Position: 3361
Now: 2752319, Last time: 2652319, dt: 0.000000000
Error 1508.00, Integral: 92.08, Derivate: -132000.00, ControlSignal: 255.00
Setpoint: 5000, Position: 3493
Now: 2852319, Last time: 2752319, dt: 0.000000000
Error 1375.00, Integral: 93.45, Derivate: -133000.00, ControlSignal: 255.00
Setpoint: 5000, Position: 3625
Now: 2952319, Last time: 2852319, dt: 0.000000000
Error 1243.00, Integral: 94.69, Derivate: -132000.00, ControlSignal: 255.00
Setpoint: 5000, Position: 3758
Now: 3052319, Last time: 2952319, dt: 0.000000000
Error 1110.00, Integral: 95.80, Derivate: -133000.00, ControlSignal: 255.00
Setpoint: 5000, Position: 3891
Now: 3152319, Last time: 3052319, dt: 0.000000000
Error 977.00, Integral: 96.78, Derivate: -133000.00, ControlSignal: 255.00
Setpoint: 5000, Position: 4023
Now: 3252319, Last time: 3152319, dt: 0.000000000
Error 845.00, Integral: 97.63, Derivate: -132000.00, ControlSignal: 255.00
Setpoint: 5000, Position: 4156
Now: 3352319, Last time: 3252319, dt: 0.000000000
Error 712.00, Integral: 98.34, Derivate: -133000.00, ControlSignal: 255.00
Setpoint: 5000, Position: 4289
Now: 3452319, Last time: 3352319, dt: 0.000000000
Error 579.00, Integral: 98.92, Derivate: -133000.00, ControlSignal: 255.00
Setpoint: 5000, Position: 4422
Now: 3552319, Last time: 3452319, dt: 0.000000000
Error 446.00, Integral: 99.36, Derivate: -133000.00, ControlSignal: 223.10
Setpoint: 5000, Position: 4554
Now: 3652319, Last time: 3552319, dt: 0.000000000
Error 318.00, Integral: 99.68, Derivate: -127999.99, ControlSignal: 159.10
Setpoint: 5000, Position: 4683
Now: 3752319, Last time: 3652319, dt: 0.000000000
Error 200.00, Integral: 99.88, Derivate: -117999.99, ControlSignal: 100.10
Setpoint: 5000, Position: 4800
Now: 3852319, Last time: 3752319, dt: 0.000000000
Error 94.00, Integral: 99.98, Derivate: -105999.99, ControlSignal: 47.10
Setpoint: 5000, Position: 4907
Now: 3952319, Last time: 3852319, dt: 0.000000000
Error 7.00, Integral: 99.98, Derivate: -86999.99, ControlSignal: 3.60
Setpoint: 5000, Position: 4993
Now: 4052319, Last time: 3952319, dt: 0.000000000
Error -51.00, Integral: 99.93, Derivate: -58000.00, ControlSignal: -25.40
Setpoint: 5000, Position: 5051
Now: 4152319, Last time: 4052319, dt: 0.000000000
Error -72.00, Integral: 99.86, Derivate: -21000.00, ControlSignal: -35.90
Setpoint: 5000, Position: 5072
Now: 4252319, Last time: 4152319, dt: 0.000000000
Error -67.00, Integral: 99.79, Derivate: 5000.00, ControlSignal: -33.40
Setpoint: 5000, Position: 5067
Now: 4352319, Last time: 4252319, dt: 0.000000000
Error -67.00, Integral: 99.73, Derivate: 0.00, ControlSignal: -33.40
Setpoint: 5000, Position: 5067
Now: 4452319, Last time: 4352319, dt: 0.000000000
Error -67.00, Integral: 99.66, Derivate: 0.00, ControlSignal: -33.40
Setpoint: 5000, Position: 5067
Now: 4552319, Last time: 4452319, dt: 0.000000000
Error -67.00, Integral: 99.59, Derivate: 0.00, ControlSignal: -33.40
Setpoint: 5000, Position: 5067
Now: 4652319, Last time: 4552319, dt: 0.000000000
Error -67.00, Integral: 99.52, Derivate: 0.00, ControlSignal: -33.40
Setpoint: 5000, Position: 5067
Now: 4752319, Last time: 4652319, dt: 0.000000000
Error -67.00, Integral: 99.46, Derivate: 0.00, ControlSignal: -33.40
Setpoint: 5000, Position: 5067
Now: 4852319, Last time: 4752319, dt: 0.000000000
Error -67.00, Integral: 99.39, Derivate: 0.00, ControlSignal: -33.40
Setpoint: 5000, Position: 5067
Now: 4952319, Last time: 4852319, dt: 0.000000000
Error -67.00, Integral: 99.32, Derivate: 0.00, ControlSignal: -33.40
Setpoint: 5000, Position: 5067
Now: 5052319, Last time: 4952319, dt: 0.000000000
Error -67.00, Integral: 99.26, Derivate: 0.00, ControlSignal: -33.40
Setpoint: 5000, Position: 5067
Now: 5152319, Last time: 5052319, dt: 0.000000000
Error -67.00, Integral: 99.19, Derivate: 0.00, ControlSignal: -33.40
Setpoint: 5000, Position: 5067
Now: 5252319, Last time: 5152319, dt: 0.000000000
Error -67.00, Integral: 99.12, Derivate: 0.00, ControlSignal: -33.40
Setpoint: 5000, Position: 5067
