nfigsip: 0, SPIWP:0xeej%ï¿½(49) boot.esp32: SPI Flash Size : 2MB[0m
[0;32mI (53) boot: Enabling RNG earlï¿½ets Jul 29 2019 12:21:46

rst:0x1 (POWERON_RESET),boot:0x13 (SPI_FAST_FLASH_BOOT)
configsip: 0, SPIWP:0xee
clk_drv:0x00,q_drv:0x00,d_drv:0x00,cs0_drv:0x00,hd_drv:0x00,wp_drv:0x00
mode:DIO, clock div:2
load:0x3fff0030,len:7172
load:0x40078000,len:15540
load:0x40080400,len:4
ho 8 tail 4 room 4
load:0x40080404,len:3904
entry 0x40080640
[0;32mI (31) boot: ESP-IDF v5.2.1-dirty 2nd stage bootloader[0m
[0;32mI (31) boot: compile time Mar 11 2024 23:08:07[0m
[0;32mI (31) boot: Multicore bootloader[0m
[0;32mI (36) boot: chip revision: v3.0[0m
[0;32mI (40) boot.esp32: SPI Speed      : 40MHz[0m
[0;32mI (44) boot.esp32: SPI Mode       : DIO[0m
[0;32mI (49) boot.esp32: SPI Flash Size : 2MB[0m
[0;32mI (53) boot: Enabling RNG early entropy source...[0m
[0;32mI (59) boot: Partition Table:[0m
[0;32mI (62) boot: ## Label            Usage          Type ST Offset   Length[0m
[0;32mI (70) boot:  0 nvs              WiFi data        01 02 00009000 00006000[0m
[0;32mI (77) boot:  1 phy_init         RF data          01 01 0000f000 00001000[0m
[0;32mI (85) boot:  2 factory          factory app      00 00 00010000 00100000[0m
[0;32mI (92) boot: End of partition table[0m
[0;32mI (96) esp_image: segment 0: paddr=00010020 vaddr=3f400020 size=0a784h ( 42884) map[0m
[0;32mI (119) esp_image: segment 1: paddr=0001a7ac vaddr=3ffb0000 size=022ach (  8876) load[0m
[0;32mI (123) esp_image: segment 2: paddr=0001ca60 vaddr=40080000 size=035b8h ( 13752) load[0m
[0;32mI (131) esp_image: segment 3: paddr=00020020 vaddr=400d0020 size=15d5ch ( 89436) map[0m
[0;32mI (164) esp_image: segment 4: paddr=00035d84 vaddr=400835b8 size=09560h ( 38240) load[0m
[0;32mI (186) boot: Loaded app from partition at offset 0x10000[0m
[0;32mI (186) boot: Disabling RNG early entropy source...[0m
[0;32mI (198) cpu_start: Multicore app[0m
[0;32mI (206) cpu_start: Pro cpu start user code[0m
[0;32mI (206) cpu_start: cpu freq: 160000000 Hz[0m
[0;32mI (206) cpu_start: Application information:[0m
[0;32mI (209) cpu_start: Project name:     PID_Control_DC-Motor[0m
[0;32mI (215) cpu_start: App version:      1[0m
[0;32mI (220) cpu_start: Compile time:     Mar 11 2024 23:07:36[0m
[0;32mI (226) cpu_start: ELF file SHA256:  131380caf...[0m
[0;32mI (231) cpu_start: ESP-IDF:          v5.2.1-dirty[0m
[0;32mI (237) cpu_start: Min chip rev:     v0.0[0m
[0;32mI (241) cpu_start: Max chip rev:     v3.99 [0m
[0;32mI (246) cpu_start: Chip rev:         v3.0[0m
[0;32mI (251) heap_init: Initializing. RAM available for dynamic allocation:[0m
[0;32mI (258) heap_init: At 3FFAE6E0 len 00001920 (6 KiB): DRAM[0m
[0;32mI (264) heap_init: At 3FFB2BD8 len 0002D428 (181 KiB): DRAM[0m
[0;32mI (271) heap_init: At 3FFE0440 len 00003AE0 (14 KiB): D/IRAM[0m
[0;32mI (277) heap_init: At 3FFE4350 len 0001BCB0 (111 KiB): D/IRAM[0m
[0;32mI (283) heap_init: At 4008CB18 len 000134E8 (77 KiB): IRAM[0m
[0;32mI (291) spi_flash: detected chip: generic[0m
[0;32mI (294) spi_flash: flash io: dio[0m
[0;33mW (298) spi_flash: Detected size(4096k) larger than the size in the binary image header(2048k). Using the size in the binary image header.[0m
[0;32mI (312) main_task: Started on CPU0[0m
[0;32mI (322) main_task: Calling app_main()[0m
[0;32mI (322) gpio: GPIO[22]| InputEn: 1| OutputEn: 0| OpenDrain: 0| Pullup: 1| Pulldown: 0| Intr:2 [0m
[0;32mI (322) gpio: GPIO[23]| InputEn: 1| OutputEn: 0| OpenDrain: 0| Pullup: 1| Pulldown: 0| Intr:0 [0m
Error 500.00, Integral: 500.00, Derivate: 500.00, Output: 4000.00
Setpoint: 500, Position: 0
[0;32mI (342) main_task: Returned from app_main()[0m
Error 1863.00, Integral: 2363.00, Derivate: 1363.00, Output: 17404.00
Setpoint: 500, Position: -1363
Error 3298.00, Integral: 5661.00, Derivate: 1435.00, Output: 38199.00
Setpoint: 500, Position: -2799
Error 4740.00, Integral: 10401.00, Derivate: 1442.00, Output: 66225.00
Setpoint: 500, Position: -4241
Error 6141.00, Integral: 16542.00, Derivate: 1401.00, Output: 101133.00
Setpoint: 500, Position: -5641
Error 7566.00, Integral: 24108.00, Derivate: 1425.00, Output: 143238.00
Setpoint: 500, Position: -7066
Error 8990.00, Integral: 33098.00, Derivate: 1424.00, Output: 192460.00
Setpoint: 500, Position: -8490
Error 10395.00, Integral: 43493.00, Derivate: 1405.00, Output: 248650.00
Setpoint: 500, Position: -9896
Error 11828.00, Integral: 55321.00, Derivate: 1433.00, Output: 312089.00
Setpoint: 500, Position: -11328
Error 13251.00, Integral: 68572.00, Derivate: 1423.00, Output: 382613.00
Setpoint: 500, Position: -12751
