oot:0x13 (SPI_FAST_FLAS2: SPI Mode       : DIO[0m
[0;32mI (49) boot.esp32: SPI Flash Size : 2MB[0m
[0ï¿½ets Jul 29 2019 12:21:46

rst:0x1 (POWERON_RESET),boot:0x13 (SPI_FAST_FLASH_BOOT)
configsip: 0, SPIWP:0xee
clk_drv:0x00,q_drv:0x00,d_drv:0x00,cs0_drv:0x00,hd_drv:0x00,wp_drv:0x00
mode:DIO, clock div:2
load:0x3fff0030,len:7172
load:0x40078000,len:15540
load:0x40080400,len:4
ho 8 tail 4 room 4
load:0x40080404,len:3904
entry 0x40080640
[0;32mI (31) boot: ESP-IDF v5.2.1-dirty 2nd stage bootloader[0m
[0;32mI (31) boot: compile time Mar 11 2024 23:08:07[0m
[0;32mI (31) boot: Multicore bootloader[0m
[0;32mI (36) boot: chip revision: v3.0[0m
[0;32mI (40) boot.esp32: SPI Speed      : 40MHz[0m
[0;32mI (44) boot.esp32: SPI Mode       : DIO[0m
[0;32mI (49) boot.esp32: SPI Flash Size : 2MB[0m
[0;32mI (53) boot: Enabling RNG early entropy source...[0m
[0;32mI (59) boot: Partition Table:[0m
[0;32mI (62) boot: ## Label            Usage          Type ST Offset   Length[0m
[0;32mI (70) boot:  0 nvs              WiFi data        01 02 00009000 00006000[0m
[0;32mI (77) boot:  1 phy_init         RF data          01 01 0000f000 00001000[0m
[0;32mI (85) boot:  2 factory          factory app      00 00 00010000 00100000[0m
[0;32mI (92) boot: End of partition table[0m
[0;32mI (96) esp_image: segment 0: paddr=00010020 vaddr=3f400020 size=0a7c4h ( 42948) map[0m
[0;32mI (119) esp_image: segment 1: paddr=0001a7ec vaddr=3ffb0000 size=022bch (  8892) load[0m
[0;32mI (123) esp_image: segment 2: paddr=0001cab0 vaddr=40080000 size=03568h ( 13672) load[0m
[0;32mI (131) esp_image: segment 3: paddr=00020020 vaddr=400d0020 size=15ec8h ( 89800) map[0m
[0;32mI (165) esp_image: segment 4: paddr=00035ef0 vaddr=40083568 size=095b0h ( 38320) load[0m
[0;32mI (186) boot: Loaded app from partition at offset 0x10000[0m
[0;32mI (186) boot: Disabling RNG early entropy source...[0m
[0;32mI (198) cpu_start: Multicore app[0m
[0;32mI (206) cpu_start: Pro cpu start user code[0m
[0;32mI (207) cpu_start: cpu freq: 160000000 Hz[0m
[0;32mI (207) cpu_start: Application information:[0m
[0;32mI (210) cpu_start: Project name:     PID_Control_DC-Motor[0m
[0;32mI (216) cpu_start: App version:      1[0m
[0;32mI (220) cpu_start: Compile time:     Mar 11 2024 23:07:36[0m
[0;32mI (226) cpu_start: ELF file SHA256:  65f963a99...[0m
[0;32mI (232) cpu_start: ESP-IDF:          v5.2.1-dirty[0m
[0;32mI (237) cpu_start: Min chip rev:     v0.0[0m
[0;32mI (242) cpu_start: Max chip rev:     v3.99 [0m
[0;32mI (246) cpu_start: Chip rev:         v3.0[0m
[0;32mI (251) heap_init: Initializing. RAM available for dynamic allocation:[0m
[0;32mI (259) heap_init: At 3FFAE6E0 len 00001920 (6 KiB): DRAM[0m
[0;32mI (264) heap_init: At 3FFB2BF0 len 0002D410 (181 KiB): DRAM[0m
[0;32mI (271) heap_init: At 3FFE0440 len 00003AE0 (14 KiB): D/IRAM[0m
[0;32mI (277) heap_init: At 3FFE4350 len 0001BCB0 (111 KiB): D/IRAM[0m
[0;32mI (283) heap_init: At 4008CB18 len 000134E8 (77 KiB): IRAM[0m
[0;32mI (291) spi_flash: detected chip: generic[0m
[0;32mI (294) spi_flash: flash io: dio[0m
[0;33mW (298) spi_flash: Detected size(4096k) larger than the size in the binary image header(2048k). Using the size in the binary image header.[0m
[0;32mI (312) main_task: Started on CPU0[0m
[0;32mI (322) main_task: Calling app_main()[0m
[0;32mI (322) gpio: GPIO[22]| InputEn: 1| OutputEn: 0| OpenDrain: 0| Pullup: 1| Pulldown: 0| Intr:1 [0m
[0;32mI (322) gpio: GPIO[23]| InputEn: 1| OutputEn: 0| OpenDrain: 0| Pullup: 1| Pulldown: 0| Intr:0 [0m
Now: 49767, Last time: 0, deltaT: 49767.00, dt: 0.049766999
Error 5000.00, Integral: 100.00, Derivate: 100468.19, ControlSignal: 255.00
Setpoint: 5000.00, Position: 0
[0;32mI (352) main_task: Returned from app_main()[0m
Now: 162356, Last time: 49767, deltaT: 112589.00, dt: 0.112589002
Error 4920.00, Integral: 100.00, Derivate: -710.55, ControlSignal: 255.00
Setpoint: 5000.00, Position: 81
Now: 262352, Last time: 162356, deltaT: 99996.00, dt: 0.099996001
Error 4791.00, Integral: 100.00, Derivate: -1290.05, ControlSignal: 255.00
Setpoint: 5000.00, Position: 211
Now: 362352, Last time: 262352, deltaT: 100000.00, dt: 0.100000001
Error 4655.00, Integral: 100.00, Derivate: -1360.00, ControlSignal: 255.00
Setpoint: 5000.00, Position: 347
Now: 462352, Last time: 362352, deltaT: 100000.00, dt: 0.100000001
Error 4519.00, Integral: 100.00, Derivate: -1360.00, ControlSignal: 255.00
Setpoint: 5000.00, Position: 483
Now: 562352, Last time: 462352, deltaT: 100000.00, dt: 0.100000001
Error 4382.00, Integral: 100.00, Derivate: -1370.00, ControlSignal: 255.00
Setpoint: 5000.00, Position: 620
Now: 662352, Last time: 562352, deltaT: 100000.00, dt: 0.100000001
Error 4246.00, Integral: 100.00, Derivate: -1360.00, ControlSignal: 255.00
Setpoint: 5000.00, Position: 756
Now: 762352, Last time: 662352, deltaT: 100000.00, dt: 0.100000001
Error 4109.00, Integral: 100.00, Derivate: -1370.00, ControlSignal: 255.00
Setpoint: 5000.00, Position: 893
Now: 862352, Last time: 762352, deltaT: 100000.00, dt: 0.100000001
Error 3972.00, Integral: 100.00, Derivate: -1370.00, ControlSignal: 255.00
Setpoint: 5000.00, Position: 1030
Now: 962352, Last time: 862352, deltaT: 100000.00, dt: 0.100000001
Error 3836.00, Integral: 100.00, Derivate: -1360.00, ControlSignal: 255.00
Setpoint: 5000.00, Position: 1166
Now: 1062352, Last time: 962352, deltaT: 100000.00, dt: 0.100000001
Error 3699.00, Integral: 100.00, Derivate: -1370.00, ControlSignal: 255.00
Setpoint: 5000.00, Position: 1303
Now: 1162352, Last time: 1062352, deltaT: 100000.00, dt: 0.100000001
Error 3561.00, Integral: 100.00, Derivate: -1380.00, ControlSignal: 255.00
Setpoint: 5000.00, Position: 1441
Now: 1262352, Last time: 1162352, deltaT: 100000.00, dt: 0.100000001
Error 3424.00, Integral: 100.00, Derivate: -1370.00, ControlSignal: 255.00
Setpoint: 5000.00, Position: 1578
Now: 1362352, Last time: 1262352, deltaT: 100000.00, dt: 0.100000001
Error 3288.00, Integral: 100.00, Derivate: -1360.00, ControlSignal: 255.00
Setpoint: 5000.00, Position: 1714
Now: 1462352, Last time: 1362352, deltaT: 100000.00, dt: 0.100000001
Error 3151.00, Integral: 100.00, Derivate: -1370.00, ControlSignal: 255.00
Setpoint: 5000.00, Position: 1851
Now: 1562352, Last time: 1462352, deltaT: 100000.00, dt: 0.100000001
Error 3014.00, Integral: 100.00, Derivate: -1370.00, ControlSignal: 255.00
Setpoint: 5000.00, Position: 1988
Now: 1662352, Last time: 1562352, deltaT: 100000.00, dt: 0.100000001
Error 2876.00, Integral: 100.00, Derivate: -1380.00, ControlSignal: 255.00
Setpoint: 5000.00, Position: 2126
Now: 1762352, Last time: 1662352, deltaT: 100000.00, dt: 0.100000001
Error 2740.00, Integral: 100.00, Derivate: -1360.00, ControlSignal: 255.00
Setpoint: 5000.00, Position: 2262
Now: 1862352, Last time: 1762352, deltaT: 100000.00, dt: 0.100000001
Error 2603.00, Integral: 100.00, Derivate: -1370.00, ControlSignal: 255.00
Setpoint: 5000.00, Position: 2399
Now: 1962352, Last time: 1862352, deltaT: 100000.00, dt: 0.100000001
Error 2466.00, Integral: 100.00, Derivate: -1370.00, ControlSignal: 255.00
Setpoint: 5000.00, Position: 2536
Now: 2062356, Last time: 1962352, deltaT: 100004.00, dt: 0.100004002
Error 2329.00, Integral: 100.00, Derivate: -1369.95, ControlSignal: 255.00
Setpoint: 5000.00, Position: 2673
Now: 2162352, Last time: 2062356, deltaT: 99996.00, dt: 0.099996001
Error 2192.00, Integral: 100.00, Derivate: -1370.05, ControlSignal: 255.00
Setpoint: 5000.00, Position: 2810
Now: 2262352, Last time: 2162352, deltaT: 100000.00, dt: 0.100000001
Error 2055.00, Integral: 100.00, Derivate: -1370.00, ControlSignal: 255.00
Setpoint: 5000.00, Position: 2947
Now: 2362352, Last time: 2262352, deltaT: 100000.00, dt: 0.100000001
Error 1918.00, Integral: 100.00, Derivate: -1370.00, ControlSignal: 255.00
Setpoint: 5000.00, Position: 3084
Now: 2462352, Last time: 2362352, deltaT: 100000.00, dt: 0.100000001
Error 1783.00, Integral: 100.00, Derivate: -1350.00, ControlSignal: 255.00
Setpoint: 5000.00, Position: 3219
Now: 2562352, Last time: 2462352, deltaT: 100000.00, dt: 0.100000001
Error 1646.00, Integral: 100.00, Derivate: -1370.00, ControlSignal: 255.00
Setpoint: 5000.00, Position: 3356
Now: 2662352, Last time: 2562352, deltaT: 100000.00, dt: 0.100000001
Error 1508.00, Integral: 100.00, Derivate: -1380.00, ControlSignal: 255.00
Setpoint: 5000.00, Position: 3494
Now: 2762352, Last time: 2662352, deltaT: 100000.00, dt: 0.100000001
Error 1371.00, Integral: 100.00, Derivate: -1370.00, ControlSignal: 255.00
Setpoint: 5000.00, Position: 3631
Now: 2862352, Last time: 2762352, deltaT: 100000.00, dt: 0.100000001
Error 1233.00, Integral: 100.00, Derivate: -1380.00, ControlSignal: 255.00
Setpoint: 5000.00, Position: 3769
Now: 2962352, Last time: 2862352, deltaT: 100000.00, dt: 0.100000001
Error 1096.00, Integral: 100.00, Derivate: -1370.00, ControlSignal: 255.00
Setpoint: 5000.00, Position: 3906
Now: 3062352, Last time: 2962352, deltaT: 100000.00, dt: 0.100000001
Error 959.00, Integral: 100.00, Derivate: -1370.00, ControlSignal: 255.00
Setpoint: 5000.00, Position: 4043
Now: 3162352, Last time: 3062352, deltaT: 100000.00, dt: 0.100000001
Error 822.00, Integral: 100.00, Derivate: -1370.00, ControlSignal: 255.00
Setpoint: 5000.00, Position: 4180
Now: 3262352, Last time: 3162352, deltaT: 100000.00, dt: 0.100000001
Error 685.00, Integral: 100.00, Derivate: -1370.00, ControlSignal: 255.00
Setpoint: 5000.00, Position: 4317
Now: 3362352, Last time: 3262352, deltaT: 100000.00, dt: 0.100000001
Error 548.00, Integral: 100.00, Derivate: -1370.00, ControlSignal: 255.00
Setpoint: 5000.00, Position: 4454
Now: 3462352, Last time: 3362352, deltaT: 100000.00, dt: 0.100000001
Error 411.00, Integral: 100.00, Derivate: -1370.00, ControlSignal: 205.60
Setpoint: 5000.00, Position: 4591
Now: 3562352, Last time: 3462352, deltaT: 100000.00, dt: 0.100000001
Error 279.00, Integral: 100.00, Derivate: -1320.00, ControlSignal: 139.60
Setpoint: 5000.00, Position: 4723
Now: 3662352, Last time: 3562352, deltaT: 100000.00, dt: 0.100000001
Error 156.00, Integral: 100.00, Derivate: -1230.00, ControlSignal: 78.10
Setpoint: 5000.00, Position: 4846
Now: 3762352, Last time: 3662352, deltaT: 100000.00, dt: 0.100000001
Error 47.00, Integral: 100.00, Derivate: -1090.00, ControlSignal: 23.60
Setpoint: 5000.00, Position: 4954
Now: 3862352, Last time: 3762352, deltaT: 100000.00, dt: 0.100000001
Error -41.00, Integral: 95.90, Derivate: -880.00, ControlSignal: -20.40
Setpoint: 5000.00, Position: 5042
Now: 3962352, Last time: 3862352, deltaT: 100000.00, dt: 0.100000001
Error -90.00, Integral: 86.90, Derivate: -490.00, ControlSignal: -44.91
Setpoint: 5000.00, Position: 5090
Now: 4062352, Last time: 3962352, deltaT: 100000.00, dt: 0.100000001
Error -94.00, Integral: 77.50, Derivate: -40.00, ControlSignal: -46.92
Setpoint: 5000.00, Position: 5094
Now: 4162352, Last time: 4062352, deltaT: 100000.00, dt: 0.100000001
Error -75.00, Integral: 70.00, Derivate: 190.00, ControlSignal: -37.43
Setpoint: 5000.00, Position: 5075
Now: 4262352, Last time: 4162352, deltaT: 100000.00, dt: 0.100000001
Error -56.00, Integral: 64.40, Derivate: 190.00, ControlSignal: -27.94
Setpoint: 5000.00, Position: 5056
Now: 4362352, Last time: 4262352, deltaT: 100000.00, dt: 0.100000001
Error -55.00, Integral: 58.90, Derivate: 10.00, ControlSignal: -27.44
Setpoint: 5000.00, Position: 5055
Now: 4462352, Last time: 4362352, deltaT: 100000.00, dt: 0.100000001
Error -55.00, Integral: 53.40, Derivate: 0.00, ControlSignal: -27.45
Setpoint: 5000.00, Position: 5055
Now: 4562352, Last time: 4462352, deltaT: 100000.00, dt: 0.100000001
Error -55.00, Integral: 47.90, Derivate: 0.00, ControlSignal: -27.45
Setpoint: 5000.00, Position: 5055
Now: 4662352, Last time: 4562352, deltaT: 100000.00, dt: 0.100000001
Error -55.00, Integral: 42.40, Derivate: 0.00, ControlSignal: -27.46
Setpoint: 5000.00, Position: 5055
Now: 4762352, Last time: 4662352, deltaT: 100000.00, dt: 0.100000001
Error -55.00, Integral: 36.90, Derivate: 0.00, ControlSignal: -27.46
Setpoint: 5000.00, Position: 5055
Now: 4862352, Last time: 4762352, deltaT: 100000.00, dt: 0.100000001
Error -55.00, Integral: 31.40, Derivate: 0.00, ControlSignal: -27.47
Setpoint: 5000.00, Position: 5055
Now: 4962352, Last time: 4862352, deltaT: 100000.00, dt: 0.100000001
Error -55.00, Integral: 25.90, Derivate: 0.00, ControlSignal: -27.47
Setpoint: 5000.00, Position: 5055
Now: 5062352, Last time: 4962352, deltaT: 100000.00, dt: 0.100000001
Error -55.00, Integral: 20.40, Derivate: 0.00, ControlSignal: -27.48
Setpoint: 5000.00, Position: 5055
Now: 5162352, Last time: 5062352, deltaT: 100000.00, dt: 0.100000001
Error -55.00, Integral: 14.90, Derivate: 0.00, ControlSignal: -27.49
Setpoint: 5000.00, Position: 5055
Now: 5262352, Last time: 5162352, deltaT: 100000.00, dt: 0.100000001
Error -55.00, Integral: 9.40, Derivate: 0.00, ControlSignal: -27.49
Setpoint: 5000.00, Position: 5055
Now: 5362352, Last time: 5262352, deltaT: 100000.00, dt: 0.100000001
Error -55.00, Integral: 3.90, Derivate: 0.00, ControlSignal: -27.50
Setpoint: 5000.00, Position: 5055
Now: 5462352, Last time: 5362352, deltaT: 100000.00, dt: 0.100000001
Error -55.00, Integral: -1.60, Derivate: 0.00, ControlSignal: -27.50
Setpoint: 5000.00, Position: 5055
Now: 5562352, Last time: 5462352, deltaT: 100000.00, dt: 0.100000001
Error -55.00, Integral: -7.10, Derivate: 0.00, ControlSignal: -27.51
Setpoint: 5000.00, Position: 5055
Now: 5662352, Last time: 5562352, deltaT: 100000.00, dt: 0.100000001
Error -55.00, Integral: -12.60, Derivate: 0.00, ControlSignal: -27.51
Setpoint: 5000.00, Position: 5055
Now: 5762352, Last time: 5662352, deltaT: 100000.00, dt: 0.100000001
Error -55.00, Integral: -18.10, Derivate: 0.00, ControlSignal: -27.52
Setpoint: 5000.00, Position: 5055
Now: 5862352, Last time: 5762352, deltaT: 100000.00, dt: 0.100000001
Error -55.00, Integral: -23.60, Derivate: 0.00, ControlSignal: -27.52
Setpoint: 5000.00, Position: 5055
Now: 5962352, Last time: 5862352, deltaT: 100000.00, dt: 0.100000001
Error -55.00, Integral: -29.10, Derivate: 0.00, ControlSignal: -27.53
Setpoint: 5000.00, Position: 5055
Now: 6062352, Last time: 5962352, deltaT: 100000.00, dt: 0.100000001
Error -55.00, Integral: -34.60, Derivate: 0.00, ControlSignal: -27.53
Setpoint: 5000.00, Position: 5055
Now: 6162352, Last time: 6062352, deltaT: 100000.00, dt: 0.100000001
Error -55.00, Integral: -40.10, Derivate: 0.00, ControlSignal: -27.54
Setpoint: 5000.00, Position: 5055
Now: 6262352, Last time: 6162352, deltaT: 100000.00, dt: 0.100000001
Error -55.00, Integral: -45.60, Derivate: 0.00, ControlSignal: -27.55
Setpoint: 5000.00, Position: 5055
Now: 6362352, Last time: 6262352, deltaT: 100000.00, dt: 0.100000001
Error -55.00, Integral: -51.10, Derivate: 0.00, ControlSignal: -27.55
Setpoint: 5000.00, Position: 5055
Now: 6462352, Last time: 6362352, deltaT: 100000.00, dt: 0.100000001
Error -55.00, Integral: -56.60, Derivate: 0.00, ControlSignal: -27.56
Setpoint: 5000.00, Position: 5055
Now: 6562352, Last time: 6462352, deltaT: 100000.00, dt: 0.100000001
Error -55.00, Integral: -62.10, Derivate: 0.00, ControlSignal: -27.56
Setpoint: 5000.00, Position: 5055
Now: 6662352, Last time: 6562352, deltaT: 100000.00, dt: 0.100000001
Error -55.00, Integral: -67.60, Derivate: 0.00, ControlSignal: -27.57
Setpoint: 5000.00, Position: 5055
Now: 6762352, Last time: 6662352, deltaT: 100000.00, dt: 0.100000001
Error -55.00, Integral: -73.10, Derivate: 0.00, ControlSignal: -27.57
Setpoint: 5000.00, Position: 5055
Now: 6862352, Last time: 6762352, deltaT: 100000.00, dt: 0.100000001
Error -55.00, Integral: -78.60, Derivate: 0.00, ControlSignal: -27.58
Setpoint: 5000.00, Position: 5055
Now: 6962352, Last time: 6862352, deltaT: 100000.00, dt: 0.100000001
Error -55.00, Integral: -84.10, Derivate: 0.00, ControlSignal: -27.58
Setpoint: 5000.00, Position: 5055
Now: 7062352, Last time: 6962352, deltaT: 100000.00, dt: 0.100000001
Error -55.00, Integral: -89.60, Derivate: 0.00, ControlSignal: -27.59
Setpoint: 5000.00, Position: 5055
Now: 7162352, Last time: 7062352, deltaT: 100000.00, dt: 0.100000001
Error -55.00, Integral: -95.10, Derivate: 0.00, ControlSignal: -27.60
Setpoint: 5000.00, Position: 5055
Now: 7262352, Last time: 7162352, deltaT: 100000.00, dt: 0.100000001
Error -55.00, Integral: -100.00, Derivate: 0.00, ControlSignal: -27.60
Setpoint: 5000.00, Position: 5055
Now: 7362352, Last time: 7262352, deltaT: 100000.00, dt: 0.100000001
Error -55.00, Integral: -100.00, Derivate: 0.00, ControlSignal: -27.60
Setpoint: 5000.00, Position: 5055
Now: 7462352, Last time: 7362352, deltaT: 100000.00, dt: 0.100000001
Error -55.00, Integral: -100.00, Derivate: 0.00, ControlSignal: -27.60
Setpoint: 5000.00, Position: 5055
Now: 7562352, Last time: 7462352, deltaT: 100000.00, dt: 0.100000001
Error -55.00, Integral: -100.00, Derivate: 0.00, ControlSignal: -27.60
Setpoint: 5000.00, Position: 5055
Now: 7662352, Last time: 7562352, deltaT: 100000.00, dt: 0.100000001
Error -55.00, Integral: -100.00, Derivate: 0.00, ControlSignal: -27.60
Setpoint: 5000.00, Position: 5055
Now: 7762352, Last time: 7662352, deltaT: 100000.00, dt: 0.100000001
Error -55.00, Integral: -100.00, Derivate: 0.00, ControlSignal: -27.60
Setpoint: 5000.00, Position: 5055
Now: 7862352, Last time: 7762352, deltaT: 100000.00, dt: 0.100000001
Error -55.00, Integral: -100.00, Derivate: 0.00, ControlSignal: -27.60
Setpoint: 5000.00, Position: 5055
Now: 7962352, Last time: 7862352, deltaT: 100000.00, dt: 0.100000001
Error -55.00, Integral: -100.00, Derivate: 0.00, ControlSignal: -27.60
Setpoint: 5000.00, Position: 5055
Now: 8062352, Last time: 7962352, deltaT: 100000.00, dt: 0.100000001
Error -55.00, Integral: -100.00, Derivate: 0.00, ControlSignal: -27.60
Setpoint: 5000.00, Position: 5055
Now: 8162352, Last time: 8062352, deltaT: 100000.00, dt: 0.100000001
Error -55.00, Integral: -100.00, Derivate: 0.00, ControlSignal: -27.60
Setpoint: 5000.00, Position: 5055
Now: 8262352, Last time: 8162352, deltaT: 100000.00, dt: 0.100000001
Error -55.00, Integral: -100.00, Derivate: 0.00, ControlSignal: -27.60
Setpoint: 5000.00, Position: 5055
Now: 8362352, Last time: 8262352, deltaT: 100000.00, dt: 0.100000001
Error -55.00, Integral: -100.00, Derivate: 0.00, ControlSignal: -27.60
Setpoint: 5000.00, Position: 5055
Now: 8462352, Last time: 8362352, deltaT: 100000.00, dt: 0.100000001
Error -55.00, Integral: -100.00, Derivate: 0.00, ControlSignal: -27.60
Setpoint: 5000.00, Position: 5055
Now: 8562352, Last time: 8462352, deltaT: 100000.00, dt: 0.100000001
Error -55.00, Integral: -100.00, Derivate: 0.00, ControlSignal: -27.60
Setpoint: 5000.00, Position: 5055
Now: 8662352, Last time: 8562352, deltaT: 100000.00, dt: 0.100000001
Error -55.00, Integral: -100.00, Derivate: 0.00, ControlSignal: -27.60
Setpoint: 5000.00, Position: 5055
Now: 8762352, Last time: 8662352, deltaT: 100000.00, dt: 0.100000001
Error -55.00, Integral: -100.00, Derivate: 0.00, ControlSignal: -27.60
Setpoint: 5000.00, Position: 5055
Now: 8862352, Last time: 8762352, deltaT: 100000.00, dt: 0.100000001
Error -55.00, Integral: -100.00, Derivate: 0.00, ControlSignal: -27.60
Setpoint: 5000.00, Position: 5055
Now: 8962352, Last time: 8862352, deltaT: 100000.00, dt: 0.100000001
Error -55.00, Integral: -100.00, Derivate: 0.00, ControlSignal: -27.60
Setpoint: 5000.00, Position: 5055
Now: 9062352, Last time: 8962352, deltaT: 100000.00, dt: 0.100000001
Error -55.00, Integral: -100.00, Derivate: 0.00, ControlSignal: -27.60
Setpoint: 5000.00, Position: 5055
Now: 9162352, Last time: 9062352, deltaT: 100000.00, dt: 0.100000001
Error -55.00, Integral: -100.00, Derivate: 0.00, ControlSignal: -27.60
Setpoint: 5000.00, Position: 5055
Now: 9262352, Last time: 9162352, deltaT: 100000.00, dt: 0.100000001
Error -55.00, Integral: -100.00, Derivate: 0.00, ControlSignal: -27.60
Setpoint: 5000.00, Position: 5055
Now: 9362352, Last time: 9262352, deltaT: 100000.00, dt: 0.100000001
Error -55.00, Integral: -100.00, Derivate: 0.00, ControlSignal: -27.60
Setpoint: 5000.00, Position: 5055
Now: 9462352, Last time: 9362352, deltaT: 100000.00, dt: 0.100000001
Error -55.00, Integral: -100.00, Derivate: 0.00, ControlSignal: -27.60
Setpoint: 5000.00, Position: 5055
Now: 9562352, Last time: 9462352, deltaT: 100000.00, dt: 0.100000001
Error -55.00, Integral: -100.00, Derivate: 0.00, ControlSignal: -27.60
Setpoint: 5000.00, Position: 5055
Now: 9662352, Last time: 9562352, deltaT: 100000.00, dt: 0.100000001
Error -55.00, Integral: -100.00, Derivate: 0.00, ControlSignal: -27.60
Setpoint: 5000.00, Position: 5055
Now: 9762352, Last time: 9662352, deltaT: 100000.00, dt: 0.100000001
Error -55.00, Integral: -100.00, Derivate: 0.00, ControlSignal: -27.60
Setpoint: 5000.00, Position: 5055
Now: 9862352, Last time: 9762352, deltaT: 100000.00, dt: 0.100000001
Error -55.00, Integral: -100.00, Derivate: 0.00, ControlSignal: -27.60
Setpoint: 5000.00, Position: 5055
Now: 9962352, Last time: 9862352, deltaT: 100000.00, dt: 0.100000001
Error -55.00, Integral: -100.00, Derivate: 0.00, ControlSignal: -27.60
Setpoint: 5000.00, Position: 5055
Now: 10062352, Last time: 9962352, deltaT: 100000.00, dt: 0.100000001
Error -55.00, Integral: -100.00, Derivate: 0.00, ControlSignal: -27.60
Setpoint: 5000.00, Position: 5055
