nfigsip: 0, SPIWP:0xeeI (49) boot.esp32: SPI Flash Size : 2MB[0m
[0;32mI (53) boot: Enabling RNG earlyï¿½ets Jul 29 2019 12:21:46

rst:0x1 (POWERON_RESET),boot:0x13 (SPI_FAST_FLASH_BOOT)
configsip: 0, SPIWP:0xee
clk_drv:0x00,q_drv:0x00,d_drv:0x00,cs0_drv:0x00,hd_drv:0x00,wp_drv:0x00
mode:DIO, clock div:2
load:0x3fff0030,len:7172
load:0x40078000,len:15540
load:0x40080400,len:4
ho 8 tail 4 room 4
load:0x40080404,len:3904
entry 0x40080640
[0;32mI (31) boot: ESP-IDF v5.2.1-dirty 2nd stage bootloader[0m
[0;32mI (31) boot: compile time Mar 11 2024 23:08:07[0m
[0;32mI (31) boot: Multicore bootloader[0m
[0;32mI (36) boot: chip revision: v3.0[0m
[0;32mI (40) boot.esp32: SPI Speed      : 40MHz[0m
[0;32mI (44) boot.esp32: SPI Mode       : DIO[0m
[0;32mI (49) boot.esp32: SPI Flash Size : 2MB[0m
[0;32mI (53) boot: Enabling RNG early entropy source...[0m
[0;32mI (59) boot: Partition Table:[0m
[0;32mI (62) boot: ## Label            Usage          Type ST Offset   Length[0m
[0;32mI (70) boot:  0 nvs              WiFi data        01 02 00009000 00006000[0m
[0;32mI (77) boot:  1 phy_init         RF data          01 01 0000f000 00001000[0m
[0;32mI (85) boot:  2 factory          factory app      00 00 00010000 00100000[0m
[0;32mI (92) boot: End of partition table[0m
[0;32mI (96) esp_image: segment 0: paddr=00010020 vaddr=3f400020 size=0a7c4h ( 42948) map[0m
[0;32mI (119) esp_image: segment 1: paddr=0001a7ec vaddr=3ffb0000 size=022bch (  8892) load[0m
[0;32mI (123) esp_image: segment 2: paddr=0001cab0 vaddr=40080000 size=03568h ( 13672) load[0m
[0;32mI (131) esp_image: segment 3: paddr=00020020 vaddr=400d0020 size=15ec8h ( 89800) map[0m
[0;32mI (165) esp_image: segment 4: paddr=00035ef0 vaddr=40083568 size=095b0h ( 38320) load[0m
[0;32mI (186) boot: Loaded app from partition at offset 0x10000[0m
[0;32mI (186) boot: Disabling RNG early entropy source...[0m
[0;32mI (198) cpu_start: Multicore app[0m
[0;32mI (206) cpu_start: Pro cpu start user code[0m
[0;32mI (207) cpu_start: cpu freq: 160000000 Hz[0m
[0;32mI (207) cpu_start: Application information:[0m
[0;32mI (210) cpu_start: Project name:     PID_Control_DC-Motor[0m
[0;32mI (216) cpu_start: App version:      1[0m
[0;32mI (220) cpu_start: Compile time:     Mar 11 2024 23:07:36[0m
[0;32mI (226) cpu_start: ELF file SHA256:  65f963a99...[0m
[0;32mI (232) cpu_start: ESP-IDF:          v5.2.1-dirty[0m
[0;32mI (237) cpu_start: Min chip rev:     v0.0[0m
[0;32mI (242) cpu_start: Max chip rev:     v3.99 [0m
[0;32mI (246) cpu_start: Chip rev:         v3.0[0m
[0;32mI (251) heap_init: Initializing. RAM available for dynamic allocation:[0m
[0;32mI (259) heap_init: At 3FFAE6E0 len 00001920 (6 KiB): DRAM[0m
[0;32mI (264) heap_init: At 3FFB2BF0 len 0002D410 (181 KiB): DRAM[0m
[0;32mI (271) heap_init: At 3FFE0440 len 00003AE0 (14 KiB): D/IRAM[0m
[0;32mI (277) heap_init: At 3FFE4350 len 0001BCB0 (111 KiB): D/IRAM[0m
[0;32mI (283) heap_init: At 4008CB18 len 000134E8 (77 KiB): IRAM[0m
[0;32mI (291) spi_flash: detected chip: generic[0m
[0;32mI (294) spi_flash: flash io: dio[0m
[0;33mW (298) spi_flash: Detected size(4096k) larger than the size in the binary image header(2048k). Using the size in the binary image header.[0m
[0;32mI (312) main_task: Started on CPU0[0m
[0;32mI (322) main_task: Calling app_main()[0m
[0;32mI (322) gpio: GPIO[22]| InputEn: 1| OutputEn: 0| OpenDrain: 0| Pullup: 1| Pulldown: 0| Intr:1 [0m
[0;32mI (322) gpio: GPIO[23]| InputEn: 1| OutputEn: 0| OpenDrain: 0| Pullup: 1| Pulldown: 0| Intr:0 [0m
Now: 49767, Last time: 0, deltaT: 49767.00, dt: 0.049766999
Error 5000.00, Integral: 100.00, Derivate: 100468.19, ControlSignal: 255.00
Setpoint: 5000.00, Position: 0
[0;32mI (352) main_task: Returned from app_main()[0m
Now: 162356, Last time: 49767, deltaT: 112589.00, dt: 0.112589002
Error 4919.00, Integral: 100.00, Derivate: -719.43, ControlSignal: 255.00
Setpoint: 5000.00, Position: 83
Now: 262352, Last time: 162356, deltaT: 99996.00, dt: 0.099996001
Error 4788.00, Integral: 100.00, Derivate: -1310.05, ControlSignal: 255.00
Setpoint: 5000.00, Position: 213
Now: 362352, Last time: 262352, deltaT: 100000.00, dt: 0.100000001
Error 4652.00, Integral: 100.00, Derivate: -1360.00, ControlSignal: 255.00
Setpoint: 5000.00, Position: 349
Now: 462352, Last time: 362352, deltaT: 100000.00, dt: 0.100000001
Error 4516.00, Integral: 100.00, Derivate: -1360.00, ControlSignal: 255.00
Setpoint: 5000.00, Position: 486
Now: 562352, Last time: 462352, deltaT: 100000.00, dt: 0.100000001
Error 4379.00, Integral: 100.00, Derivate: -1370.00, ControlSignal: 255.00
Setpoint: 5000.00, Position: 623
Now: 662352, Last time: 562352, deltaT: 100000.00, dt: 0.100000001
Error 4242.00, Integral: 100.00, Derivate: -1370.00, ControlSignal: 255.00
Setpoint: 5000.00, Position: 760
Now: 762352, Last time: 662352, deltaT: 100000.00, dt: 0.100000001
Error 4105.00, Integral: 100.00, Derivate: -1370.00, ControlSignal: 255.00
Setpoint: 5000.00, Position: 897
Now: 862352, Last time: 762352, deltaT: 100000.00, dt: 0.100000001
Error 3968.00, Integral: 100.00, Derivate: -1370.00, ControlSignal: 255.00
Setpoint: 5000.00, Position: 1034
Now: 962352, Last time: 862352, deltaT: 100000.00, dt: 0.100000001
Error 3831.00, Integral: 100.00, Derivate: -1370.00, ControlSignal: 255.00
Setpoint: 5000.00, Position: 1171
Now: 1062352, Last time: 962352, deltaT: 100000.00, dt: 0.100000001
Error 3694.00, Integral: 100.00, Derivate: -1370.00, ControlSignal: 255.00
Setpoint: 5000.00, Position: 1308
Now: 1162352, Last time: 1062352, deltaT: 100000.00, dt: 0.100000001
Error 3557.00, Integral: 100.00, Derivate: -1370.00, ControlSignal: 255.00
Setpoint: 5000.00, Position: 1445
Now: 1262352, Last time: 1162352, deltaT: 100000.00, dt: 0.100000001
Error 3420.00, Integral: 100.00, Derivate: -1370.00, ControlSignal: 255.00
Setpoint: 5000.00, Position: 1582
Now: 1362352, Last time: 1262352, deltaT: 100000.00, dt: 0.100000001
Error 3283.00, Integral: 100.00, Derivate: -1370.00, ControlSignal: 255.00
Setpoint: 5000.00, Position: 1719
Now: 1462352, Last time: 1362352, deltaT: 100000.00, dt: 0.100000001
Error 3146.00, Integral: 100.00, Derivate: -1370.00, ControlSignal: 255.00
Setpoint: 5000.00, Position: 1856
Now: 1562352, Last time: 1462352, deltaT: 100000.00, dt: 0.100000001
Error 3009.00, Integral: 100.00, Derivate: -1370.00, ControlSignal: 255.00
Setpoint: 5000.00, Position: 1993
Now: 1662352, Last time: 1562352, deltaT: 100000.00, dt: 0.100000001
Error 2872.00, Integral: 100.00, Derivate: -1370.00, ControlSignal: 255.00
Setpoint: 5000.00, Position: 2130
Now: 1762352, Last time: 1662352, deltaT: 100000.00, dt: 0.100000001
Error 2735.00, Integral: 100.00, Derivate: -1370.00, ControlSignal: 255.00
Setpoint: 5000.00, Position: 2267
Now: 1862352, Last time: 1762352, deltaT: 100000.00, dt: 0.100000001
Error 2599.00, Integral: 100.00, Derivate: -1360.00, ControlSignal: 255.00
Setpoint: 5000.00, Position: 2404
Now: 1962352, Last time: 1862352, deltaT: 100000.00, dt: 0.100000001
Error 2461.00, Integral: 100.00, Derivate: -1380.00, ControlSignal: 255.00
Setpoint: 5000.00, Position: 2541
Now: 2062352, Last time: 1962352, deltaT: 100000.00, dt: 0.100000001
Error 2325.00, Integral: 100.00, Derivate: -1360.00, ControlSignal: 255.00
Setpoint: 5000.00, Position: 2678
Now: 2162352, Last time: 2062352, deltaT: 100000.00, dt: 0.100000001
Error 2187.00, Integral: 100.00, Derivate: -1380.00, ControlSignal: 255.00
Setpoint: 5000.00, Position: 2815
Now: 2262352, Last time: 2162352, deltaT: 100000.00, dt: 0.100000001
Error 2050.00, Integral: 100.00, Derivate: -1370.00, ControlSignal: 255.00
Setpoint: 5000.00, Position: 2952
Now: 2362352, Last time: 2262352, deltaT: 100000.00, dt: 0.100000001
Error 1913.00, Integral: 100.00, Derivate: -1370.00, ControlSignal: 255.00
Setpoint: 5000.00, Position: 3089
Now: 2462352, Last time: 2362352, deltaT: 100000.00, dt: 0.100000001
Error 1776.00, Integral: 100.00, Derivate: -1370.00, ControlSignal: 255.00
Setpoint: 5000.00, Position: 3226
Now: 2562352, Last time: 2462352, deltaT: 100000.00, dt: 0.100000001
Error 1639.00, Integral: 100.00, Derivate: -1370.00, ControlSignal: 255.00
Setpoint: 5000.00, Position: 3363
Now: 2662352, Last time: 2562352, deltaT: 100000.00, dt: 0.100000001
Error 1502.00, Integral: 100.00, Derivate: -1370.00, ControlSignal: 255.00
Setpoint: 5000.00, Position: 3500
Now: 2762352, Last time: 2662352, deltaT: 100000.00, dt: 0.100000001
Error 1365.00, Integral: 100.00, Derivate: -1370.00, ControlSignal: 255.00
Setpoint: 5000.00, Position: 3637
Now: 2862352, Last time: 2762352, deltaT: 100000.00, dt: 0.100000001
Error 1228.00, Integral: 100.00, Derivate: -1370.00, ControlSignal: 255.00
Setpoint: 5000.00, Position: 3774
Now: 2962352, Last time: 2862352, deltaT: 100000.00, dt: 0.100000001
Error 1091.00, Integral: 100.00, Derivate: -1370.00, ControlSignal: 255.00
Setpoint: 5000.00, Position: 3911
Now: 3062352, Last time: 2962352, deltaT: 100000.00, dt: 0.100000001
Error 954.00, Integral: 100.00, Derivate: -1370.00, ControlSignal: 255.00
Setpoint: 5000.00, Position: 4048
Now: 3162352, Last time: 3062352, deltaT: 100000.00, dt: 0.100000001
Error 817.00, Integral: 100.00, Derivate: -1370.00, ControlSignal: 255.00
Setpoint: 5000.00, Position: 4185
Now: 3262352, Last time: 3162352, deltaT: 100000.00, dt: 0.100000001
Error 680.00, Integral: 100.00, Derivate: -1370.00, ControlSignal: 255.00
Setpoint: 5000.00, Position: 4322
Now: 3362352, Last time: 3262352, deltaT: 100000.00, dt: 0.100000001
Error 543.00, Integral: 100.00, Derivate: -1370.00, ControlSignal: 255.00
Setpoint: 5000.00, Position: 4459
Now: 3462352, Last time: 3362352, deltaT: 100000.00, dt: 0.100000001
Error 406.00, Integral: 100.00, Derivate: -1370.00, ControlSignal: 203.10
Setpoint: 5000.00, Position: 4596
Now: 3562352, Last time: 3462352, deltaT: 100000.00, dt: 0.100000001
Error 274.00, Integral: 100.00, Derivate: -1320.00, ControlSignal: 137.10
Setpoint: 5000.00, Position: 4728
Now: 3662352, Last time: 3562352, deltaT: 100000.00, dt: 0.100000001
Error 151.00, Integral: 100.00, Derivate: -1230.00, ControlSignal: 75.60
Setpoint: 5000.00, Position: 4850
Now: 3762352, Last time: 3662352, deltaT: 100000.00, dt: 0.100000001
Error 43.00, Integral: 100.00, Derivate: -1080.00, ControlSignal: 21.60
Setpoint: 5000.00, Position: 4958
Now: 3862352, Last time: 3762352, deltaT: 100000.00, dt: 0.100000001
Error -43.00, Integral: 95.70, Derivate: -860.00, ControlSignal: -21.40
Setpoint: 5000.00, Position: 5044
Now: 3962352, Last time: 3862352, deltaT: 100000.00, dt: 0.100000001
Error -92.00, Integral: 86.50, Derivate: -490.00, ControlSignal: -45.91
Setpoint: 5000.00, Position: 5092
Now: 4062352, Last time: 3962352, deltaT: 100000.00, dt: 0.100000001
Error -105.00, Integral: 76.00, Derivate: -130.00, ControlSignal: -52.42
Setpoint: 5000.00, Position: 5105
Now: 4162352, Last time: 4062352, deltaT: 100000.00, dt: 0.100000001
Error -92.00, Integral: 66.80, Derivate: 130.00, ControlSignal: -45.93
Setpoint: 5000.00, Position: 5091
Now: 4262352, Last time: 4162352, deltaT: 100000.00, dt: 0.100000001
Error -80.00, Integral: 58.80, Derivate: 120.00, ControlSignal: -39.94
Setpoint: 5000.00, Position: 5080
Now: 4362352, Last time: 4262352, deltaT: 100000.00, dt: 0.100000001
Error -70.00, Integral: 51.80, Derivate: 100.00, ControlSignal: -34.95
Setpoint: 5000.00, Position: 5070
Now: 4462352, Last time: 4362352, deltaT: 100000.00, dt: 0.100000001
Error -43.00, Integral: 47.50, Derivate: 270.00, ControlSignal: -21.45
Setpoint: 5000.00, Position: 5043
Now: 4562352, Last time: 4462352, deltaT: 100000.00, dt: 0.100000001
Error -5.00, Integral: 47.00, Derivate: 380.00, ControlSignal: -2.45
Setpoint: 5000.00, Position: 5005
Now: 4662352, Last time: 4562352, deltaT: 100000.00, dt: 0.100000001
Error 42.00, Integral: 51.20, Derivate: 470.00, ControlSignal: 21.05
Setpoint: 5000.00, Position: 4958
Now: 4762352, Last time: 4662352, deltaT: 100000.00, dt: 0.100000001
Error 95.00, Integral: 60.70, Derivate: 530.00, ControlSignal: 47.56
Setpoint: 5000.00, Position: 4905
Now: 4862352, Last time: 4762352, deltaT: 100000.00, dt: 0.100000001
Error 115.00, Integral: 72.20, Derivate: 200.00, ControlSignal: 57.57
Setpoint: 5000.00, Position: 4885
Now: 4962352, Last time: 4862352, deltaT: 100000.00, dt: 0.100000001
Error 120.00, Integral: 84.20, Derivate: 50.00, ControlSignal: 60.08
Setpoint: 5000.00, Position: 4880
Now: 5062352, Last time: 4962352, deltaT: 100000.00, dt: 0.100000001
Error 117.00, Integral: 95.90, Derivate: -30.00, ControlSignal: 58.60
Setpoint: 5000.00, Position: 4883
Now: 5162352, Last time: 5062352, deltaT: 100000.00, dt: 0.100000001
Error 107.00, Integral: 100.00, Derivate: -100.00, ControlSignal: 53.60
Setpoint: 5000.00, Position: 4894
Now: 5262352, Last time: 5162352, deltaT: 100000.00, dt: 0.100000001
Error 88.00, Integral: 100.00, Derivate: -190.00, ControlSignal: 44.10
Setpoint: 5000.00, Position: 4912
Now: 5362352, Last time: 5262352, deltaT: 100000.00, dt: 0.100000001
Error 75.00, Integral: 100.00, Derivate: -130.00, ControlSignal: 37.60
Setpoint: 5000.00, Position: 4925
Now: 5462352, Last time: 5362352, deltaT: 100000.00, dt: 0.100000001
Error 64.00, Integral: 100.00, Derivate: -110.00, ControlSignal: 32.10
Setpoint: 5000.00, Position: 4936
Now: 5562352, Last time: 5462352, deltaT: 100000.00, dt: 0.100000001
Error 62.00, Integral: 100.00, Derivate: -20.00, ControlSignal: 31.10
Setpoint: 5000.00, Position: 4938
Now: 5662352, Last time: 5562352, deltaT: 100000.00, dt: 0.100000001
Error 70.00, Integral: 100.00, Derivate: 80.00, ControlSignal: 35.10
Setpoint: 5000.00, Position: 4930
Now: 5762352, Last time: 5662352, deltaT: 100000.00, dt: 0.100000001
Error 81.00, Integral: 100.00, Derivate: 110.00, ControlSignal: 40.60
Setpoint: 5000.00, Position: 4919
Now: 5862352, Last time: 5762352, deltaT: 100000.00, dt: 0.100000001
Error 81.00, Integral: 100.00, Derivate: 0.00, ControlSignal: 40.60
Setpoint: 5000.00, Position: 4919
Now: 5962352, Last time: 5862352, deltaT: 100000.00, dt: 0.100000001
Error 81.00, Integral: 100.00, Derivate: 0.00, ControlSignal: 40.60
Setpoint: 5000.00, Position: 4919
Now: 6062352, Last time: 5962352, deltaT: 100000.00, dt: 0.100000001
Error 81.00, Integral: 100.00, Derivate: 0.00, ControlSignal: 40.60
Setpoint: 5000.00, Position: 4919
Now: 6162352, Last time: 6062352, deltaT: 100000.00, dt: 0.100000001
Error 81.00, Integral: 100.00, Derivate: 0.00, ControlSignal: 40.60
Setpoint: 5000.00, Position: 4919
Now: 6262352, Last time: 6162352, deltaT: 100000.00, dt: 0.100000001
Error 81.00, Integral: 100.00, Derivate: 0.00, ControlSignal: 40.60
Setpoint: 5000.00, Position: 4919
Now: 6362352, Last time: 6262352, deltaT: 100000.00, dt: 0.100000001
Error 81.00, Integral: 100.00, Derivate: 0.00, ControlSignal: 40.60
Setpoint: 5000.00, Position: 4919
Now: 6462352, Last time: 6362352, deltaT: 100000.00, dt: 0.100000001
Error 81.00, Integral: 100.00, Derivate: 0.00, ControlSignal: 40.60
Setpoint: 5000.00, Position: 4919
Now: 6562352, Last time: 6462352, deltaT: 100000.00, dt: 0.100000001
Error 81.00, Integral: 100.00, Derivate: 0.00, ControlSignal: 40.60
Setpoint: 5000.00, Position: 4919
Now: 6662352, Last time: 6562352, deltaT: 100000.00, dt: 0.100000001
Error 81.00, Integral: 100.00, Derivate: 0.00, ControlSignal: 40.60
Setpoint: 5000.00, Position: 4919
Now: 6762352, Last time: 6662352, deltaT: 100000.00, dt: 0.100000001
Error 81.00, Integral: 100.00, Derivate: 0.00, ControlSignal: 40.60
Setpoint: 5000.00, Position: 4919
Now: 6862352, Last time: 6762352, deltaT: 100000.00, dt: 0.100000001
Error 81.00, Integral: 100.00, Derivate: 0.00, ControlSignal: 40.60
Setpoint: 5000.00, Position: 4919
Now: 6962352, Last time: 6862352, deltaT: 100000.00, dt: 0.100000001
Error 81.00, Integral: 100.00, Derivate: 0.00, ControlSignal: 40.60
Setpoint: 5000.00, Position: 4919
Now: 7062352, Last time: 6962352, deltaT: 100000.00, dt: 0.100000001
Error 81.00, Integral: 100.00, Derivate: 0.00, ControlSignal: 40.60
Setpoint: 5000.00, Position: 4919
Now: 7162352, Last time: 7062352, deltaT: 100000.00, dt: 0.100000001
Error 81.00, Integral: 100.00, Derivate: 0.00, ControlSignal: 40.60
Setpoint: 5000.00, Position: 4919
Now: 7262352, Last time: 7162352, deltaT: 100000.00, dt: 0.100000001
Error 81.00, Integral: 100.00, Derivate: 0.00, ControlSignal: 40.60
Setpoint: 5000.00, Position: 4919
Now: 7362352, Last time: 7262352, deltaT: 100000.00, dt: 0.100000001
Error 81.00, Integral: 100.00, Derivate: 0.00, ControlSignal: 40.60
Setpoint: 5000.00, Position: 4919
Now: 7462352, Last time: 7362352, deltaT: 100000.00, dt: 0.100000001
Error 81.00, Integral: 100.00, Derivate: 0.00, ControlSignal: 40.60
Setpoint: 5000.00, Position: 4919
Now: 7562352, Last time: 7462352, deltaT: 100000.00, dt: 0.100000001
Error 81.00, Integral: 100.00, Derivate: 0.00, ControlSignal: 40.60
Setpoint: 5000.00, Position: 4919
Now: 7662352, Last time: 7562352, deltaT: 100000.00, dt: 0.100000001
Error 81.00, Integral: 100.00, Derivate: 0.00, ControlSignal: 40.60
Setpoint: 5000.00, Position: 4919
Now: 7762352, Last time: 7662352, deltaT: 100000.00, dt: 0.100000001
Error 81.00, Integral: 100.00, Derivate: 0.00, ControlSignal: 40.60
Setpoint: 5000.00, Position: 4919
Now: 7862352, Last time: 7762352, deltaT: 100000.00, dt: 0.100000001
Error 81.00, Integral: 100.00, Derivate: 0.00, ControlSignal: 40.60
Setpoint: 5000.00, Position: 4919
Now: 7962352, Last time: 7862352, deltaT: 100000.00, dt: 0.100000001
Error 81.00, Integral: 100.00, Derivate: 0.00, ControlSignal: 40.60
Setpoint: 5000.00, Position: 4919
Now: 8062352, Last time: 7962352, deltaT: 100000.00, dt: 0.100000001
Error 81.00, Integral: 100.00, Derivate: 0.00, ControlSignal: 40.60
Setpoint: 5000.00, Position: 4919
Now: 8162352, Last time: 8062352, deltaT: 100000.00, dt: 0.100000001
Error 81.00, Integral: 100.00, Derivate: 0.00, ControlSignal: 40.60
Setpoint: 5000.00, Position: 4919
Now: 8262352, Last time: 8162352, deltaT: 100000.00, dt: 0.100000001
Error 81.00, Integral: 100.00, Derivate: 0.00, ControlSignal: 40.60
Setpoint: 5000.00, Position: 4919
Now: 8362352, Last time: 8262352, deltaT: 100000.00, dt: 0.100000001
Error 81.00, Integral: 100.00, Derivate: 0.00, ControlSignal: 40.60
Setpoint: 5000.00, Position: 4919
Now: 8462352, Last time: 8362352, deltaT: 100000.00, dt: 0.100000001
Error 81.00, Integral: 100.00, Derivate: 0.00, ControlSignal: 40.60
Setpoint: 5000.00, Position: 4919
Now: 8562352, Last time: 8462352, deltaT: 100000.00, dt: 0.100000001
Error 81.00, Integral: 100.00, Derivate: 0.00, ControlSignal: 40.60
Setpoint: 5000.00, Position: 4919
Now: 8662352, Last time: 8562352, deltaT: 100000.00, dt: 0.100000001
Error 81.00, Integral: 100.00, Derivate: 0.00, ControlSignal: 40.60
Setpoint: 5000.00, Position: 4919
Now: 8762352, Last time: 8662352, deltaT: 100000.00, dt: 0.100000001
Error 81.00, Integral: 100.00, Derivate: 0.00, ControlSignal: 40.60
Setpoint: 5000.00, Position: 4919
Now: 8862352, Last time: 8762352, deltaT: 100000.00, dt: 0.100000001
Error 81.00, Integral: 100.00, Derivate: 0.00, ControlSignal: 40.60
Setpoint: 5000.00, Position: 4919
Now: 8962352, Last time: 8862352, deltaT: 100000.00, dt: 0.100000001
Error 78.00, Integral: 100.00, Derivate: -30.00, ControlSignal: 39.10
Setpoint: 5000.00, Position: 4922
Now: 9062352, Last time: 8962352, deltaT: 100000.00, dt: 0.100000001
Error 78.00, Integral: 100.00, Derivate: 0.00, ControlSignal: 39.10
Setpoint: 5000.00, Position: 4922
Now: 9162352, Last time: 9062352, deltaT: 100000.00, dt: 0.100000001
Error 78.00, Integral: 100.00, Derivate: 0.00, ControlSignal: 39.10
Setpoint: 5000.00, Position: 4922
Now: 9262352, Last time: 9162352, deltaT: 100000.00, dt: 0.100000001
Error 84.00, Integral: 100.00, Derivate: 60.00, ControlSignal: 42.10
Setpoint: 5000.00, Position: 4916
Now: 9362352, Last time: 9262352, deltaT: 100000.00, dt: 0.100000001
Error 96.00, Integral: 100.00, Derivate: 120.00, ControlSignal: 48.10
Setpoint: 5000.00, Position: 4904
Now: 9462352, Last time: 9362352, deltaT: 100000.00, dt: 0.100000001
Error 101.00, Integral: 100.00, Derivate: 50.00, ControlSignal: 50.60
Setpoint: 5000.00, Position: 4899
Now: 9562352, Last time: 9462352, deltaT: 100000.00, dt: 0.100000001
Error 94.00, Integral: 100.00, Derivate: -70.00, ControlSignal: 47.10
Setpoint: 5000.00, Position: 4906
Now: 9662352, Last time: 9562352, deltaT: 100000.00, dt: 0.100000001
Error 90.00, Integral: 100.00, Derivate: -40.00, ControlSignal: 45.10
Setpoint: 5000.00, Position: 4910
Now: 9762352, Last time: 9662352, deltaT: 100000.00, dt: 0.100000001
Error 94.00, Integral: 100.00, Derivate: 40.00, ControlSignal: 47.10
Setpoint: 5000.00, Position: 4906
Now: 9862352, Last time: 9762352, deltaT: 100000.00, dt: 0.100000001
Error 94.00, Integral: 100.00, Derivate: 0.00, ControlSignal: 47.10
Setpoint: 5000.00, Position: 4906
Now: 9962352, Last time: 9862352, deltaT: 100000.00, dt: 0.100000001
Error 94.00, Integral: 100.00, Derivate: 0.00, ControlSignal: 47.10
Setpoint: 5000.00, Position: 4906
Now: 10062352, Last time: 9962352, deltaT: 100000.00, dt: 0.100000001
Error 93.00, Integral: 100.00, Derivate: -10.00, ControlSignal: 46.60
Setpoint: 5000.00, Position: 4907
